Archive member included to satisfy reference by file (symbol)

out/libbsp_loko_e5_bldr.a(bsp_clocks.c.obj)
                              CMakeFiles/loko_e5_bldr.dir/Core/Src/bootloader.c.obj (symbol from plugin) (bsp_clock_init)
out/libbsp_loko_e5_bldr.a(bsp_flash.c.obj)
                              CMakeFiles/loko_e5_bldr.dir/Core/Src/bootloader.c.obj (symbol from plugin) (mcu_flash_erase_app)
out/libbsp_loko_e5_bldr.a(bsp_gpio.c.obj)
                              CMakeFiles/loko_e5_bldr.dir/Core/Src/bootloader.c.obj (symbol from plugin) (bsp_gpio_init)
out/libbsp_loko_e5_bldr.a(bsp_low_power.c.obj)
                              CMakeFiles/loko_e5_bldr.dir/Core/Src/bootloader.c.obj (symbol from plugin) (bsp_lp_shutdown)
out/libbsp_loko_e5_bldr.a(bsp_rtc.c.obj)
                              CMakeFiles/loko_e5_bldr.dir/Core/Src/bootloader.c.obj (symbol from plugin) (bsp_rtc_init)
out/libbsp_loko_e5_bldr.a(bsp_uart.c.obj)
                              CMakeFiles/loko_e5_bldr.dir/Core/Src/bootloader.c.obj (symbol from plugin) (bsp_uart_debug_init)
out/libbsp_loko_e5_bldr.a(bsp.c.obj)
                              CMakeFiles/loko_e5_bldr.dir/Core/Src/bootloader.c.obj (symbol from plugin) (bsp_launch_app)
out/libbsp_loko_e5_bldr.a(startup_stm32wle5jcix.s.obj)
                              (Reset_Handler)
out/libbsp_loko_e5_bldr.a(system_stm32wlxx.c.obj)
                              out/libbsp_loko_e5_bldr.a(startup_stm32wle5jcix.s.obj) (SystemInit)
out/libbsp_loko_e5_bldr.a(stm32wlxx_hal_cortex.c.obj)
                              bsp_rtc.c.obj (symbol from plugin) (HAL_NVIC_SetPriority)
out/libbsp_loko_e5_bldr.a(stm32wlxx_hal_flash_ex.c.obj)
                              bsp_flash.c.obj (symbol from plugin) (HAL_FLASHEx_Erase)
out/libbsp_loko_e5_bldr.a(stm32wlxx_hal_flash.c.obj)
                              bsp_flash.c.obj (symbol from plugin) (HAL_FLASH_Unlock)
out/libbsp_loko_e5_bldr.a(stm32wlxx_hal_gpio.c.obj)
                              bsp_gpio.c.obj (symbol from plugin) (HAL_GPIO_ReadPin)
out/libbsp_loko_e5_bldr.a(stm32wlxx_hal_pwr_ex.c.obj)
                              bsp_low_power.c.obj (symbol from plugin) (HAL_PWREx_DisableSRAMRetention)
out/libbsp_loko_e5_bldr.a(stm32wlxx_hal_pwr.c.obj)
                              bsp_low_power.c.obj (symbol from plugin) (HAL_PWR_EnableWakeUpPin)
out/libbsp_loko_e5_bldr.a(stm32wlxx_hal_rtc_ex.c.obj)
                              bsp_rtc.c.obj (symbol from plugin) (HAL_RTCEx_SetWakeUpTimer_IT)
out/libbsp_loko_e5_bldr.a(stm32wlxx_hal_rtc.c.obj)
                              stm32wlxx_hal_rtc_ex.c.obj (symbol from plugin) (HAL_RTC_WaitForSynchro)
out/libbsp_loko_e5_bldr.a(stm32wlxx_hal.c.obj)
                              bsp_clocks.c.obj (symbol from plugin) (HAL_InitTick)
out/libbsp_loko_e5_bldr.a(stm32wlxx_ll_gpio.c.obj)
                              bsp_gpio.c.obj (symbol from plugin) (LL_GPIO_Init)
out/libbsp_loko_e5_bldr.a(stm32wlxx_ll_lpuart.c.obj)
                              bsp_uart.c.obj (symbol from plugin) (LL_LPUART_Init)
out/libbsp_loko_e5_bldr.a(stm32wlxx_ll_rcc.c.obj)
                              stm32wlxx_ll_lpuart.c.obj (symbol from plugin) (LL_RCC_GetLPUARTClockFreq)
out/libbsp_loko_e5_bldr.a(stm32wlxx_ll_usart.c.obj)
                              bsp_uart.c.obj (symbol from plugin) (LL_USART_Init)
out/libbsp_loko_e5_bldr.a(stm32wlxx_ll_utils.c.obj)
                              bsp_clocks.c.obj (symbol from plugin) (LL_SetSystemCoreClock)
out/libbsp_loko_e5_bldr.a(bsp_stm32wlxx_it.c.obj)
                              out/libbsp_loko_e5_bldr.a(startup_stm32wle5jcix.s.obj) (NMI_Handler)
out/libbsp_loko_e5_bldr.a(stm32wlxx_hal_rcc.c.obj)
                              stm32wlxx_hal.c.obj (symbol from plugin) (HAL_RCC_GetHCLKFreq)
/usr/gcc-arm-none-eabi-10.3-2021.07/bin/../lib/gcc/arm-none-eabi/10.3.1/../../../../arm-none-eabi/lib/thumb/v7e-m/nofp/libg_nano.a(lib_a-exit.o)
                              /usr/gcc-arm-none-eabi-10.3-2021.07/bin/../lib/gcc/arm-none-eabi/10.3.1/../../../../arm-none-eabi/lib/thumb/v7e-m/nofp/crt0.o (exit)
/usr/gcc-arm-none-eabi-10.3-2021.07/bin/../lib/gcc/arm-none-eabi/10.3.1/../../../../arm-none-eabi/lib/thumb/v7e-m/nofp/libg_nano.a(lib_a-impure.o)
                              /usr/gcc-arm-none-eabi-10.3-2021.07/bin/../lib/gcc/arm-none-eabi/10.3.1/../../../../arm-none-eabi/lib/thumb/v7e-m/nofp/libg_nano.a(lib_a-exit.o) (_global_impure_ptr)
/usr/gcc-arm-none-eabi-10.3-2021.07/bin/../lib/gcc/arm-none-eabi/10.3.1/../../../../arm-none-eabi/lib/thumb/v7e-m/nofp/libg_nano.a(lib_a-init.o)
                              /usr/gcc-arm-none-eabi-10.3-2021.07/bin/../lib/gcc/arm-none-eabi/10.3.1/../../../../arm-none-eabi/lib/thumb/v7e-m/nofp/crt0.o (__libc_init_array)
/usr/gcc-arm-none-eabi-10.3-2021.07/bin/../lib/gcc/arm-none-eabi/10.3.1/../../../../arm-none-eabi/lib/thumb/v7e-m/nofp/libg_nano.a(lib_a-memset.o)
[...]
Memory Configuration

Name             Origin             Length             Attributes
RAM              0x0000000020000000 0x0000000000010000 xrw
RAM2             0x0000000010000000 0x0000000000008000 xrw
FLASH            0x0000000008000000 0x0000000000008000 xr
*default*        0x0000000000000000 0xffffffffffffffff

Linker script and memory map

LOAD /usr/gcc-arm-none-eabi-10.3-2021.07/bin/../lib/gcc/arm-none-eabi/10.3.1/thumb/v7e-m/nofp/crti.o
LOAD /usr/gcc-arm-none-eabi-10.3-2021.07/bin/../lib/gcc/arm-none-eabi/10.3.1/thumb/v7e-m/nofp/crtbegin.o
LOAD /usr/gcc-arm-none-eabi-10.3-2021.07/bin/../lib/gcc/arm-none-eabi/10.3.1/../../../../arm-none-eabi/lib/thumb/v7e-m/nofp/crt0.o
                0x0000000000000001                CONFIG_BUILD_TYPE_BOOTLOADER = 0x1
LOAD /usr/gcc-arm-none-eabi-10.3-2021.07/bin/../lib/gcc/arm-none-eabi/10.3.1/../../../../arm-none-eabi/lib/thumb/v7e-m/nofp/libm.a
LOAD CMakeFiles/loko_e5_bldr.dir/Core/Src/bootloader.c.obj
LOAD /tmp/loko_e5_bldr.3j0rnI.ltrans0.ltrans.o
LOAD /tmp/cc8I6hJ9.debug.temp.o
LOAD /tmp/ccSbixu2.debug.temp.o
LOAD /tmp/ccKrQo4I.debug.temp.o
LOAD /tmp/ccarIQDN.debug.temp.o
LOAD /tmp/ccjeA7fP.debug.temp.o
LOAD /tmp/ccdDbuKm.debug.temp.o
LOAD /tmp/ccoCZu8d.debug.temp.o
LOAD /tmp/ccmupzK9.debug.temp.o
LOAD /tmp/cc6idXUH.debug.temp.o
LOAD /tmp/ccrmBqeu.debug.temp.o
LOAD /tmp/ccrJT6uE.debug.temp.o
LOAD /tmp/ccPurSSX.debug.temp.o
LOAD /tmp/ccKVHGIh.debug.temp.o
LOAD /tmp/cc17htvm.debug.temp.o
LOAD /tmp/ccVyXs2u.debug.temp.o
LOAD /tmp/ccbzMSkZ.debug.temp.o
LOAD /tmp/ccQL8wxA.debug.temp.o
LOAD /tmp/ccFYQFIO.debug.temp.o
LOAD /tmp/ccmxv2pA.debug.temp.o
LOAD /tmp/cc5D8Cny.debug.temp.o
LOAD /tmp/ccqy6REG.debug.temp.o
LOAD /tmp/ccmRNz3L.debug.temp.o
LOAD /tmp/cc7LqpA7.debug.temp.o
LOAD /tmp/ccTSQ1pW.debug.temp.o
LOAD /tmp/ccGxRLUu.debug.temp.o
LOAD /tmp/cclWTsLK.debug.temp.o
LOAD /tmp/cc9ttRVc.debug.temp.o
LOAD /tmp/ccLXj2ys.debug.temp.o
LOAD /tmp/ccvcmxcu.debug.temp.o
LOAD CMakeFiles/loko_e5_bldr.dir/Core/Src/version.c.obj
LOAD CMakeFiles/loko_e5_bldr.dir/Core/queue/queue.c.obj
LOAD CMakeFiles/loko_e5_bldr.dir/Core/crc16/crc16.c.obj
LOAD CMakeFiles/loko_e5_bldr.dir/Core/stm32_bootloader_host_protocol/stm32_bootloader_host_protocol.c.obj
LOAD out/libbsp_loko_e5_bldr.a
START GROUP
LOAD /usr/gcc-arm-none-eabi-10.3-2021.07/bin/../lib/gcc/arm-none-eabi/10.3.1/thumb/v7e-m/nofp/libgcc.a
LOAD /usr/gcc-arm-none-eabi-10.3-2021.07/bin/../lib/gcc/arm-none-eabi/10.3.1/../../../../arm-none-eabi/lib/thumb/v7e-m/nofp/libg_nano.a
LOAD /usr/gcc-arm-none-eabi-10.3-2021.07/bin/../lib/gcc/arm-none-eabi/10.3.1/../../../../arm-none-eabi/lib/thumb/v7e-m/nofp/libc_nano.a
END GROUP
START GROUP
LOAD /usr/gcc-arm-none-eabi-10.3-2021.07/bin/../lib/gcc/arm-none-eabi/10.3.1/thumb/v7e-m/nofp/libgcc.a
LOAD /usr/gcc-arm-none-eabi-10.3-2021.07/bin/../lib/gcc/arm-none-eabi/10.3.1/../../../../arm-none-eabi/lib/thumb/v7e-m/nofp/libc_nano.a
LOAD /usr/gcc-arm-none-eabi-10.3-2021.07/bin/../lib/gcc/arm-none-eabi/10.3.1/../../../../arm-none-eabi/lib/thumb/v7e-m/nofp/libnosys.a
END GROUP
START GROUP
LOAD /usr/gcc-arm-none-eabi-10.3-2021.07/bin/../lib/gcc/arm-none-eabi/10.3.1/thumb/v7e-m/nofp/libgcc.a
LOAD /usr/gcc-arm-none-eabi-10.3-2021.07/bin/../lib/gcc/arm-none-eabi/10.3.1/../../../../arm-none-eabi/lib/thumb/v7e-m/nofp/libc_nano.a
LOAD /usr/gcc-arm-none-eabi-10.3-2021.07/bin/../lib/gcc/arm-none-eabi/10.3.1/../../../../arm-none-eabi/lib/thumb/v7e-m/nofp/libnosys.a
END GROUP
LOAD /usr/gcc-arm-none-eabi-10.3-2021.07/bin/../lib/gcc/arm-none-eabi/10.3.1/thumb/v7e-m/nofp/crtend.o
LOAD /usr/gcc-arm-none-eabi-10.3-2021.07/bin/../lib/gcc/arm-none-eabi/10.3.1/thumb/v7e-m/nofp/crtn.o
                0x0000000020010000                _estack = (ORIGIN (RAM) + LENGTH (RAM))
                0x0000000000000200                _Min_Heap_Size = 0x200
                0x0000000000000800                _Min_Stack_Size = 0x800

.isr_vector     0x0000000008000000      0x138
                0x0000000008000000                . = ALIGN (0x4)
 *(.isr_vector)
 .isr_vector    0x0000000008000000      0x138 out/libbsp_loko_e5_bldr.a(startup_stm32wle5jcix.s.obj)
                0x0000000008000000                g_pfnVectors
                0x0000000008000138                . = ALIGN (0x4)

.version        0x0000000008000200       0x10
                0x0000000008000200                . = ALIGN (0x4)
 *(.version)
 .version       0x0000000008000200       0x10 /tmp/loko_e5_bldr.3j0rnI.ltrans0.ltrans.o
                0x0000000008000210                . = ALIGN (0x4)

.text           0x0000000008000210     0x4d44
                0x0000000008000210                . = ALIGN (0x4)
 *(.text)
 .text          0x0000000008000210       0x40 /usr/gcc-arm-none-eabi-10.3-2021.07/bin/../lib/gcc/arm-none-eabi/10.3.1/thumb/v7e-m/nofp/crtbegin.o
 .text          0x0000000008000250       0x10 /usr/gcc-arm-none-eabi-10.3-2021.07/bin/../lib/gcc/arm-none-eabi/10.3.1/../../../../arm-none-eabi/lib/thumb/v7e-m/nofp/libg_nano.a(lib_a-strlen.o)
                0x0000000008000250                strlen
 .text          0x0000000008000260       0xa0 /usr/gcc-arm-none-eabi-10.3-2021.07/bin/../lib/gcc/arm-none-eabi/10.3.1/../../../../arm-none-eabi/lib/thumb/v7e-m/nofp/libg_nano.a(lib_a-memchr.o)
                0x0000000008000260                memchr
 .text          0x0000000008000300      0x378 /usr/gcc-arm-none-eabi-10.3-2021.07/bin/../lib/gcc/arm-none-eabi/10.3.1/thumb/v7e-m/nofp/libgcc.a(_arm_addsubdf3.o)
                0x0000000008000300                __aeabi_drsub
                0x0000000008000308                __aeabi_dsub
                0x0000000008000308                __subdf3
                0x000000000800030c                __adddf3
                0x000000000800030c                __aeabi_dadd
                0x0000000008000584                __aeabi_ui2d
                0x0000000008000584                __floatunsidf
                0x00000000080005a4                __floatsidf
                0x00000000080005a4                __aeabi_i2d
                0x00000000080005c8                __extendsfdf2
                0x00000000080005c8                __aeabi_f2d
                0x000000000800060c                __aeabi_ul2d
                0x000000000800060c                __floatundidf
                0x000000000800061c                __floatdidf
                0x000000000800061c                __aeabi_l2d
 .text          0x0000000008000678      0x424 /usr/gcc-arm-none-eabi-10.3-2021.07/bin/../lib/gcc/arm-none-eabi/10.3.1/thumb/v7e-m/nofp/libgcc.a(_arm_muldivdf3.o)
                0x0000000008000678                __aeabi_dmul
                0x0000000008000678                __muldf3
                0x00000000080008cc                __aeabi_ddiv
                0x00000000080008cc                __divdf3
 .text          0x0000000008000a9c      0x110 /usr/gcc-arm-none-eabi-10.3-2021.07/bin/../lib/gcc/arm-none-eabi/10.3.1/thumb/v7e-m/nofp/libgcc.a(_arm_cmpdf2.o)
                0x0000000008000a9c                __gtdf2
                0x0000000008000a9c                __gedf2
                0x0000000008000aa4                __ltdf2
                0x0000000008000aa4                __ledf2
                0x0000000008000aac                __cmpdf2
                0x0000000008000aac                __eqdf2
                0x0000000008000aac                __nedf2
                0x0000000008000b28                __aeabi_cdrcmple
                0x0000000008000b38                __aeabi_cdcmple
                0x0000000008000b38                __aeabi_cdcmpeq
                0x0000000008000b48                __aeabi_dcmpeq
                0x0000000008000b5c                __aeabi_dcmplt
                0x0000000008000b70                __aeabi_dcmple
                0x0000000008000b84                __aeabi_dcmpge
                0x0000000008000b98                __aeabi_dcmpgt
 .text          0x0000000008000bac       0x2c /usr/gcc-arm-none-eabi-10.3-2021.07/bin/../lib/gcc/arm-none-eabi/10.3.1/thumb/v7e-m/nofp/libgcc.a(_arm_unorddf2.o)
                0x0000000008000bac                __aeabi_dcmpun
                0x0000000008000bac                __unorddf2
 .text          0x0000000008000bd8       0x50 /usr/gcc-arm-none-eabi-10.3-2021.07/bin/../lib/gcc/arm-none-eabi/10.3.1/thumb/v7e-m/nofp/libgcc.a(_arm_fixdfsi.o)
                0x0000000008000bd8                __fixdfsi
                0x0000000008000bd8                __aeabi_d2iz
 *(.text*)
 .text._is_data_checksum_valid
                0x0000000008000c28       0x1c /tmp/loko_e5_bldr.3j0rnI.ltrans0.ltrans.o
 .text._array_to_u32
                0x0000000008000c44        0x6 /tmp/loko_e5_bldr.3j0rnI.ltrans0.ltrans.o
 .text.LL_AHB2_GRP1_EnableClock.lto_priv.0
                0x0000000008000c4a       0x18 /tmp/loko_e5_bldr.3j0rnI.ltrans0.ltrans.o
 *fill*         0x0000000008000c62        0x2 
 .text.bsp_uart_debug_write
                0x0000000008000c64       0x24 /tmp/loko_e5_bldr.3j0rnI.ltrans0.ltrans.o
 .text.__NVIC_SystemReset
                0x0000000008000c88       0x24 /tmp/loko_e5_bldr.3j0rnI.ltrans0.ltrans.o
 .text._goto_addr
                0x0000000008000cac       0x18 /tmp/loko_e5_bldr.3j0rnI.ltrans0.ltrans.o
 .text.bsp_soft_breakpoint
                0x0000000008000cc4       0x14 /tmp/loko_e5_bldr.3j0rnI.ltrans0.ltrans.o
 .text.HAL_PWR_EnableWakeUpPin
                0x0000000008000cd8       0x20 /tmp/loko_e5_bldr.3j0rnI.ltrans0.ltrans.o
 .text.RTC_ByteToBcd2
                0x0000000008000cf8       0x16 /tmp/loko_e5_bldr.3j0rnI.ltrans0.ltrans.o
 .text.LL_RCC_HSE_IsEnabledDiv2.lto_priv.0
                0x0000000008000d0e        0xc /tmp/loko_e5_bldr.3j0rnI.ltrans0.ltrans.o
 .text.LL_RCC_MSI_IsEnabledRangeSelect.lto_priv.0
                0x0000000008000d1a        0xc /tmp/loko_e5_bldr.3j0rnI.ltrans0.ltrans.o
 *fill*         0x0000000008000d26        0x2 
 .text.RCC_GetSystemClockFreq
                0x0000000008000d28      0x144 /tmp/loko_e5_bldr.3j0rnI.ltrans0.ltrans.o
 .text.HAL_RCC_GetHCLKFreq
                0x0000000008000e6c      0x100 /tmp/loko_e5_bldr.3j0rnI.ltrans0.ltrans.o
 .text.HAL_RTC_WaitForSynchro.constprop.0
                0x0000000008000f6c       0x30 /tmp/loko_e5_bldr.3j0rnI.ltrans0.ltrans.o
 .text.NVIC_EncodePriority.constprop.0
                0x0000000008000f9c       0x2a /tmp/loko_e5_bldr.3j0rnI.ltrans0.ltrans.o
 *fill*         0x0000000008000fc6        0x2 
 .text.HAL_InitTick.constprop.0
                0x0000000008000fc8       0x4c /tmp/loko_e5_bldr.3j0rnI.ltrans0.ltrans.o
 .text._send_ack_nack.constprop.0
                0x0000000008001014       0x28 /tmp/loko_e5_bldr.3j0rnI.ltrans0.ltrans.o
 .text.stm32_bootloader_host_protocol_byte_handle.constprop.0
                0x000000000800103c      0x1d8 /tmp/loko_e5_bldr.3j0rnI.ltrans0.ltrans.o
 .text.FLASH_WaitForLastOperation.constprop.0
                0x0000000008001214       0x5c /tmp/loko_e5_bldr.3j0rnI.ltrans0.ltrans.o
 .text.HAL_FLASH_Lock.isra.0
                0x0000000008001270       0x14 /tmp/loko_e5_bldr.3j0rnI.ltrans0.ltrans.o
 .text.HAL_FLASH_Unlock.isra.0
                0x0000000008001284       0x20 /tmp/loko_e5_bldr.3j0rnI.ltrans0.ltrans.o
 .text._erase_page
                0x00000000080012a4       0x70 /tmp/loko_e5_bldr.3j0rnI.ltrans0.ltrans.o
 .text._read_mem
                0x0000000008001314       0x8c /tmp/loko_e5_bldr.3j0rnI.ltrans0.ltrans.o
 .text.HAL_FLASH_Program.constprop.0.isra.0
                0x00000000080013a0       0x50 /tmp/loko_e5_bldr.3j0rnI.ltrans0.ltrans.o
 .text._write_mem
                0x00000000080013f0       0x88 /tmp/loko_e5_bldr.3j0rnI.ltrans0.ltrans.o
 .text.LL_GPIO_SetPinMode
                0x0000000008001478       0x2c /tmp/loko_e5_bldr.3j0rnI.ltrans0.ltrans.o
 .text.LL_GPIO_Init.isra.0
                0x00000000080014a4      0x108 /tmp/loko_e5_bldr.3j0rnI.ltrans0.ltrans.o
 .text.startup.main
                0x00000000080015ac      0x928 /tmp/loko_e5_bldr.3j0rnI.ltrans0.ltrans.o
                0x00000000080015ac                main
 .text.SystemInit
                0x0000000008001ed4        0x2 /tmp/loko_e5_bldr.3j0rnI.ltrans0.ltrans.o
                0x0000000008001ed4                SystemInit
 .text.NMI_Handler
                0x0000000008001ed6        0xa /tmp/loko_e5_bldr.3j0rnI.ltrans0.ltrans.o
                0x0000000008001ed6                NMI_Handler
 .text.HardFault_Handler
                0x0000000008001ee0        0xa /tmp/loko_e5_bldr.3j0rnI.ltrans0.ltrans.o
                0x0000000008001ee0                HardFault_Handler
 .text.MemManage_Handler
                0x0000000008001eea        0xa /tmp/loko_e5_bldr.3j0rnI.ltrans0.ltrans.o
                0x0000000008001eea                MemManage_Handler
 .text.BusFault_Handler
                0x0000000008001ef4        0xa /tmp/loko_e5_bldr.3j0rnI.ltrans0.ltrans.o
                0x0000000008001ef4                BusFault_Handler
 .text.UsageFault_Handler
                0x0000000008001efe        0xa /tmp/loko_e5_bldr.3j0rnI.ltrans0.ltrans.o
                0x0000000008001efe                UsageFault_Handler
 .text.SVC_Handler
                0x0000000008001f08        0x2 /tmp/loko_e5_bldr.3j0rnI.ltrans0.ltrans.o
                0x0000000008001f08                SVC_Handler
 .text.DebugMon_Handler
                0x0000000008001f0a        0x2 /tmp/loko_e5_bldr.3j0rnI.ltrans0.ltrans.o
                0x0000000008001f0a                DebugMon_Handler
 .text.PendSV_Handler
                0x0000000008001f0c        0x2 /tmp/loko_e5_bldr.3j0rnI.ltrans0.ltrans.o
                0x0000000008001f0c                PendSV_Handler
 *fill*         0x0000000008001f0e        0x2 
 .text.SysTick_Handler
                0x0000000008001f10       0x10 /tmp/loko_e5_bldr.3j0rnI.ltrans0.ltrans.o
                0x0000000008001f10                SysTick_Handler
 .text.DMA1_Channel1_IRQHandler
                0x0000000008001f20        0x2 /tmp/loko_e5_bldr.3j0rnI.ltrans0.ltrans.o
                0x0000000008001f20                DMA1_Channel1_IRQHandler
 .text.DMA1_Channel2_IRQHandler
                0x0000000008001f22        0x2 /tmp/loko_e5_bldr.3j0rnI.ltrans0.ltrans.o
                0x0000000008001f22                DMA1_Channel2_IRQHandler
 .text.DMA1_Channel3_IRQHandler
                0x0000000008001f24        0x2 /tmp/loko_e5_bldr.3j0rnI.ltrans0.ltrans.o
                0x0000000008001f24                DMA1_Channel3_IRQHandler
 .text.SUBGHZ_Radio_IRQHandler
                0x0000000008001f26        0x2 /tmp/loko_e5_bldr.3j0rnI.ltrans0.ltrans.o
                0x0000000008001f26                SUBGHZ_Radio_IRQHandler
 .text.USART1_IRQHandler
                0x0000000008001f28       0x68 /tmp/loko_e5_bldr.3j0rnI.ltrans0.ltrans.o
                0x0000000008001f28                USART1_IRQHandler
 .text.LPUART1_IRQHandler
                0x0000000008001f90       0x3c /tmp/loko_e5_bldr.3j0rnI.ltrans0.ltrans.o
                0x0000000008001f90                LPUART1_IRQHandler
 .text.TAMP_STAMP_LSECSS_SSRU_IRQHandler
                0x0000000008001fcc        0x2 /tmp/loko_e5_bldr.3j0rnI.ltrans0.ltrans.o
                0x0000000008001fcc                TAMP_STAMP_LSECSS_SSRU_IRQHandler
 .text.RTC_Alarm_IRQHandler
                0x0000000008001fce        0x2 /tmp/loko_e5_bldr.3j0rnI.ltrans0.ltrans.o
                0x0000000008001fce                RTC_Alarm_IRQHandler
 .text.WWDG_IRQHandler
                0x0000000008001fd0        0x2 /tmp/loko_e5_bldr.3j0rnI.ltrans0.ltrans.o
                0x0000000008001fd0                WWDG_IRQHandler
 .text.PVD_PVM_IRQHandler
                0x0000000008001fd2        0x2 /tmp/loko_e5_bldr.3j0rnI.ltrans0.ltrans.o
                0x0000000008001fd2                PVD_PVM_IRQHandler
 .text.RTC_WKUP_IRQHandler
                0x0000000008001fd4        0x2 /tmp/loko_e5_bldr.3j0rnI.ltrans0.ltrans.o
                0x0000000008001fd4                RTC_WKUP_IRQHandler
 .text.FLASH_IRQHandler
                0x0000000008001fd6        0x2 /tmp/loko_e5_bldr.3j0rnI.ltrans0.ltrans.o
                0x0000000008001fd6                FLASH_IRQHandler
 .text.RCC_IRQHandler
                0x0000000008001fd8        0x2 /tmp/loko_e5_bldr.3j0rnI.ltrans0.ltrans.o
                0x0000000008001fd8                RCC_IRQHandler
 .text.EXTI0_IRQHandler
                0x0000000008001fda        0x2 /tmp/loko_e5_bldr.3j0rnI.ltrans0.ltrans.o
                0x0000000008001fda                EXTI0_IRQHandler
 .text.EXTI1_IRQHandler
                0x0000000008001fdc        0x2 /tmp/loko_e5_bldr.3j0rnI.ltrans0.ltrans.o
                0x0000000008001fdc                EXTI1_IRQHandler
 .text.EXTI2_IRQHandler
                0x0000000008001fde        0x2 /tmp/loko_e5_bldr.3j0rnI.ltrans0.ltrans.o
                0x0000000008001fde                EXTI2_IRQHandler
 .text.EXTI3_IRQHandler
                0x0000000008001fe0        0x2 /tmp/loko_e5_bldr.3j0rnI.ltrans0.ltrans.o
                0x0000000008001fe0                EXTI3_IRQHandler
 .text.EXTI4_IRQHandler
                0x0000000008001fe2        0x2 /tmp/loko_e5_bldr.3j0rnI.ltrans0.ltrans.o
                0x0000000008001fe2                EXTI4_IRQHandler
 .text.DMA1_Channel4_IRQHandler
                0x0000000008001fe4        0x2 /tmp/loko_e5_bldr.3j0rnI.ltrans0.ltrans.o
                0x0000000008001fe4                DMA1_Channel4_IRQHandler
 .text.DMA1_Channel5_IRQHandler
                0x0000000008001fe6        0x2 /tmp/loko_e5_bldr.3j0rnI.ltrans0.ltrans.o
                0x0000000008001fe6                DMA1_Channel5_IRQHandler
 .text.DMA1_Channel6_IRQHandler
                0x0000000008001fe8        0x2 /tmp/loko_e5_bldr.3j0rnI.ltrans0.ltrans.o
                0x0000000008001fe8                DMA1_Channel6_IRQHandler
 .text.DMA1_Channel7_IRQHandler
                0x0000000008001fea        0x2 /tmp/loko_e5_bldr.3j0rnI.ltrans0.ltrans.o
                0x0000000008001fea                DMA1_Channel7_IRQHandler
 .text.ADC_IRQHandler
                0x0000000008001fec        0x2 /tmp/loko_e5_bldr.3j0rnI.ltrans0.ltrans.o
                0x0000000008001fec                ADC_IRQHandler
 .text.DAC_IRQHandler
                0x0000000008001fee        0x2 /tmp/loko_e5_bldr.3j0rnI.ltrans0.ltrans.o
                0x0000000008001fee                DAC_IRQHandler
 .text.COMP_IRQHandler
                0x0000000008001ff0        0x2 /tmp/loko_e5_bldr.3j0rnI.ltrans0.ltrans.o
                0x0000000008001ff0                COMP_IRQHandler
 .text.EXTI9_5_IRQHandler
                0x0000000008001ff2        0x2 /tmp/loko_e5_bldr.3j0rnI.ltrans0.ltrans.o
                0x0000000008001ff2                EXTI9_5_IRQHandler
 .text.TIM1_BRK_IRQHandler
                0x0000000008001ff4        0x2 /tmp/loko_e5_bldr.3j0rnI.ltrans0.ltrans.o
                0x0000000008001ff4                TIM1_BRK_IRQHandler
 .text.TIM1_UP_IRQHandler
                0x0000000008001ff6        0x2 /tmp/loko_e5_bldr.3j0rnI.ltrans0.ltrans.o
                0x0000000008001ff6                TIM1_UP_IRQHandler
 .text.TIM1_TRG_COM_IRQHandler
                0x0000000008001ff8        0x2 /tmp/loko_e5_bldr.3j0rnI.ltrans0.ltrans.o
                0x0000000008001ff8                TIM1_TRG_COM_IRQHandler
 .text.TIM1_CC_IRQHandler
                0x0000000008001ffa        0x2 /tmp/loko_e5_bldr.3j0rnI.ltrans0.ltrans.o
                0x0000000008001ffa                TIM1_CC_IRQHandler
 .text.TIM2_IRQHandler
                0x0000000008001ffc        0x2 /tmp/loko_e5_bldr.3j0rnI.ltrans0.ltrans.o
                0x0000000008001ffc                TIM2_IRQHandler
 .text.TIM16_IRQHandler
                0x0000000008001ffe        0x2 /tmp/loko_e5_bldr.3j0rnI.ltrans0.ltrans.o
                0x0000000008001ffe                TIM16_IRQHandler
 .text.TIM17_IRQHandler
                0x0000000008002000        0x2 /tmp/loko_e5_bldr.3j0rnI.ltrans0.ltrans.o
                0x0000000008002000                TIM17_IRQHandler
 .text.I2C1_EV_IRQHandler
                0x0000000008002002        0x2 /tmp/loko_e5_bldr.3j0rnI.ltrans0.ltrans.o
                0x0000000008002002                I2C1_EV_IRQHandler
 .text.I2C1_ER_IRQHandler
                0x0000000008002004        0x2 /tmp/loko_e5_bldr.3j0rnI.ltrans0.ltrans.o
                0x0000000008002004                I2C1_ER_IRQHandler
 .text.I2C2_EV_IRQHandler
                0x0000000008002006        0x2 /tmp/loko_e5_bldr.3j0rnI.ltrans0.ltrans.o
                0x0000000008002006                I2C2_EV_IRQHandler
 .text.I2C2_ER_IRQHandler
                0x0000000008002008        0x2 /tmp/loko_e5_bldr.3j0rnI.ltrans0.ltrans.o
                0x0000000008002008                I2C2_ER_IRQHandler
 .text.SPI1_IRQHandler
                0x000000000800200a        0x2 /tmp/loko_e5_bldr.3j0rnI.ltrans0.ltrans.o
                0x000000000800200a                SPI1_IRQHandler
 .text.SPI2_IRQHandler
                0x000000000800200c        0x2 /tmp/loko_e5_bldr.3j0rnI.ltrans0.ltrans.o
                0x000000000800200c                SPI2_IRQHandler
 .text.USART2_IRQHandler
                0x000000000800200e        0x2 /tmp/loko_e5_bldr.3j0rnI.ltrans0.ltrans.o
                0x000000000800200e                USART2_IRQHandler
 .text.LPTIM1_IRQHandler
                0x0000000008002010        0x2 /tmp/loko_e5_bldr.3j0rnI.ltrans0.ltrans.o
                0x0000000008002010                LPTIM1_IRQHandler
 .text.LPTIM2_IRQHandler
                0x0000000008002012        0x2 /tmp/loko_e5_bldr.3j0rnI.ltrans0.ltrans.o
                0x0000000008002012                LPTIM2_IRQHandler
 .text.EXTI15_10_IRQHandler
                0x0000000008002014        0x2 /tmp/loko_e5_bldr.3j0rnI.ltrans0.ltrans.o
                0x0000000008002014                EXTI15_10_IRQHandler
 .text.LPTIM3_IRQHandler
                0x0000000008002016        0x2 /tmp/loko_e5_bldr.3j0rnI.ltrans0.ltrans.o
                0x0000000008002016                LPTIM3_IRQHandler
 .text.SUBGHZSPI_IRQHandler
                0x0000000008002018        0x2 /tmp/loko_e5_bldr.3j0rnI.ltrans0.ltrans.o
                0x0000000008002018                SUBGHZSPI_IRQHandler
 .text.HSEM_IRQHandler
                0x000000000800201a        0x2 /tmp/loko_e5_bldr.3j0rnI.ltrans0.ltrans.o
                0x000000000800201a                HSEM_IRQHandler
 .text.I2C3_EV_IRQHandler
                0x000000000800201c        0x2 /tmp/loko_e5_bldr.3j0rnI.ltrans0.ltrans.o
                0x000000000800201c                I2C3_EV_IRQHandler
 .text.I2C3_ER_IRQHandler
                0x000000000800201e        0x2 /tmp/loko_e5_bldr.3j0rnI.ltrans0.ltrans.o
                0x000000000800201e                I2C3_ER_IRQHandler
 .text.AES_IRQHandler
                0x0000000008002020        0x2 /tmp/loko_e5_bldr.3j0rnI.ltrans0.ltrans.o
                0x0000000008002020                AES_IRQHandler
 .text.RNG_IRQHandler
                0x0000000008002022        0x2 /tmp/loko_e5_bldr.3j0rnI.ltrans0.ltrans.o
                0x0000000008002022                RNG_IRQHandler
 .text.PKA_IRQHandler
                0x0000000008002024        0x2 /tmp/loko_e5_bldr.3j0rnI.ltrans0.ltrans.o
                0x0000000008002024                PKA_IRQHandler
 .text.DMA2_Channel1_IRQHandler
                0x0000000008002026        0x2 /tmp/loko_e5_bldr.3j0rnI.ltrans0.ltrans.o
                0x0000000008002026                DMA2_Channel1_IRQHandler
 .text.DMA2_Channel2_IRQHandler
                0x0000000008002028        0x2 /tmp/loko_e5_bldr.3j0rnI.ltrans0.ltrans.o
                0x0000000008002028                DMA2_Channel2_IRQHandler
 .text.DMA2_Channel3_IRQHandler
                0x000000000800202a        0x2 /tmp/loko_e5_bldr.3j0rnI.ltrans0.ltrans.o
                0x000000000800202a                DMA2_Channel3_IRQHandler
 .text.DMA2_Channel4_IRQHandler
                0x000000000800202c        0x2 /tmp/loko_e5_bldr.3j0rnI.ltrans0.ltrans.o
                0x000000000800202c                DMA2_Channel4_IRQHandler
 .text.DMA2_Channel5_IRQHandler
                0x000000000800202e        0x2 /tmp/loko_e5_bldr.3j0rnI.ltrans0.ltrans.o
                0x000000000800202e                DMA2_Channel5_IRQHandler
 .text.DMA2_Channel6_IRQHandler
                0x0000000008002030        0x2 /tmp/loko_e5_bldr.3j0rnI.ltrans0.ltrans.o
                0x0000000008002030                DMA2_Channel6_IRQHandler
 .text.DMA2_Channel7_IRQHandler
                0x0000000008002032        0x2 /tmp/loko_e5_bldr.3j0rnI.ltrans0.ltrans.o
                0x0000000008002032                DMA2_Channel7_IRQHandler
 .text.DMAMUX1_OVR_IRQHandler
                0x0000000008002034        0x2 /tmp/loko_e5_bldr.3j0rnI.ltrans0.ltrans.o
                0x0000000008002034                DMAMUX1_OVR_IRQHandler
 *fill*         0x0000000008002036        0x2 
 .text.Reset_Handler
                0x0000000008002038       0x50 out/libbsp_loko_e5_bldr.a(startup_stm32wle5jcix.s.obj)
                0x0000000008002038                Reset_Handler
 .text.__libc_init_array
                0x0000000008002088       0x48 /usr/gcc-arm-none-eabi-10.3-2021.07/bin/../lib/gcc/arm-none-eabi/10.3.1/../../../../arm-none-eabi/lib/thumb/v7e-m/nofp/libg_nano.a(lib_a-init.o)
                0x0000000008002088                __libc_init_array
 .text.memset   0x00000000080020d0       0x10 /usr/gcc-arm-none-eabi-10.3-2021.07/bin/../lib/gcc/arm-none-eabi/10.3.1/../../../../arm-none-eabi/lib/thumb/v7e-m/nofp/libg_nano.a(lib_a-memset.o)
                0x00000000080020d0                memset
 .text.__cvt    0x00000000080020e0       0xc0 /usr/gcc-arm-none-eabi-10.3-2021.07/bin/../lib/gcc/arm-none-eabi/10.3.1/../../../../arm-none-eabi/lib/thumb/v7e-m/nofp/libg_nano.a(lib_a-nano-vfprintf_float.o)
                0x00000000080020e0                __cvt
 .text.__exponent
                0x00000000080021a0       0x7c /usr/gcc-arm-none-eabi-10.3-2021.07/bin/../lib/gcc/arm-none-eabi/10.3.1/../../../../arm-none-eabi/lib/thumb/v7e-m/nofp/libg_nano.a(lib_a-nano-vfprintf_float.o)
                0x00000000080021a0                __exponent
 .text._printf_float
                0x000000000800221c      0x454 /usr/gcc-arm-none-eabi-10.3-2021.07/bin/../lib/gcc/arm-none-eabi/10.3.1/../../../../arm-none-eabi/lib/thumb/v7e-m/nofp/libg_nano.a(lib_a-nano-vfprintf_float.o)
                0x000000000800221c                _printf_float
 .text._printf_common
                0x0000000008002670       0xda /usr/gcc-arm-none-eabi-10.3-2021.07/bin/../lib/gcc/arm-none-eabi/10.3.1/../../../../arm-none-eabi/lib/thumb/v7e-m/nofp/libg_nano.a(lib_a-nano-vfprintf_i.o)
                0x0000000008002670                _printf_common
 *fill*         0x000000000800274a        0x2 
 .text._printf_i
                0x000000000800274c      0x24c /usr/gcc-arm-none-eabi-10.3-2021.07/bin/../lib/gcc/arm-none-eabi/10.3.1/../../../../arm-none-eabi/lib/thumb/v7e-m/nofp/libg_nano.a(lib_a-nano-vfprintf_i.o)
                0x000000000800274c                _printf_i
 .text.quorem   0x0000000008002998      0x10e /usr/gcc-arm-none-eabi-10.3-2021.07/bin/../lib/gcc/arm-none-eabi/10.3.1/../../../../arm-none-eabi/lib/thumb/v7e-m/nofp/libg_nano.a(lib_a-dtoa.o)
 *fill*         0x0000000008002aa6        0x2 
 .text._dtoa_r  0x0000000008002aa8      0xbdc /usr/gcc-arm-none-eabi-10.3-2021.07/bin/../lib/gcc/arm-none-eabi/10.3.1/../../../../arm-none-eabi/lib/thumb/v7e-m/nofp/libg_nano.a(lib_a-dtoa.o)
                0x0000000008002aa8                _dtoa_r
 .text._localeconv_r
                0x0000000008003684        0x8 /usr/gcc-arm-none-eabi-10.3-2021.07/bin/../lib/gcc/arm-none-eabi/10.3.1/../../../../arm-none-eabi/lib/thumb/v7e-m/nofp/libg_nano.a(lib_a-localeconv.o)
                0x0000000008003684                _localeconv_r
 .text.malloc   0x000000000800368c       0x10 /usr/gcc-arm-none-eabi-10.3-2021.07/bin/../lib/gcc/arm-none-eabi/10.3.1/../../../../arm-none-eabi/lib/thumb/v7e-m/nofp/libg_nano.a(lib_a-malloc.o)
                0x000000000800368c                malloc
 .text.memcpy   0x000000000800369c       0x1c /usr/gcc-arm-none-eabi-10.3-2021.07/bin/../lib/gcc/arm-none-eabi/10.3.1/../../../../arm-none-eabi/lib/thumb/v7e-m/nofp/libg_nano.a(lib_a-memcpy-stub.o)
                0x000000000800369c                memcpy
 .text._Balloc  0x00000000080036b8       0x80 /usr/gcc-arm-none-eabi-10.3-2021.07/bin/../lib/gcc/arm-none-eabi/10.3.1/../../../../arm-none-eabi/lib/thumb/v7e-m/nofp/libg_nano.a(lib_a-mprec.o)
                0x00000000080036b8                _Balloc
 .text._Bfree   0x0000000008003738       0x44 /usr/gcc-arm-none-eabi-10.3-2021.07/bin/../lib/gcc/arm-none-eabi/10.3.1/../../../../arm-none-eabi/lib/thumb/v7e-m/nofp/libg_nano.a(lib_a-mprec.o)
                0x0000000008003738                _Bfree
 .text.__multadd
                0x000000000800377c       0x8c /usr/gcc-arm-none-eabi-10.3-2021.07/bin/../lib/gcc/arm-none-eabi/10.3.1/../../../../arm-none-eabi/lib/thumb/v7e-m/nofp/libg_nano.a(lib_a-mprec.o)
                0x000000000800377c                __multadd
 .text.__hi0bits
                0x0000000008003808       0x40 /usr/gcc-arm-none-eabi-10.3-2021.07/bin/../lib/gcc/arm-none-eabi/10.3.1/../../../../arm-none-eabi/lib/thumb/v7e-m/nofp/libg_nano.a(lib_a-mprec.o)
                0x0000000008003808                __hi0bits
 .text.__lo0bits
                0x0000000008003848       0x5a /usr/gcc-arm-none-eabi-10.3-2021.07/bin/../lib/gcc/arm-none-eabi/10.3.1/../../../../arm-none-eabi/lib/thumb/v7e-m/nofp/libg_nano.a(lib_a-mprec.o)
                0x0000000008003848                __lo0bits
 *fill*         0x00000000080038a2        0x2 
 .text.__i2b    0x00000000080038a4       0x2c /usr/gcc-arm-none-eabi-10.3-2021.07/bin/../lib/gcc/arm-none-eabi/10.3.1/../../../../arm-none-eabi/lib/thumb/v7e-m/nofp/libg_nano.a(lib_a-mprec.o)
                0x00000000080038a4                __i2b
 .text.__multiply
                0x00000000080038d0      0x150 /usr/gcc-arm-none-eabi-10.3-2021.07/bin/../lib/gcc/arm-none-eabi/10.3.1/../../../../arm-none-eabi/lib/thumb/v7e-m/nofp/libg_nano.a(lib_a-mprec.o)
                0x00000000080038d0                __multiply
 .text.__pow5mult
                0x0000000008003a20       0xb4 /usr/gcc-arm-none-eabi-10.3-2021.07/bin/../lib/gcc/arm-none-eabi/10.3.1/../../../../arm-none-eabi/lib/thumb/v7e-m/nofp/libg_nano.a(lib_a-mprec.o)
                0x0000000008003a20                __pow5mult
 .text.__lshift
                0x0000000008003ad4       0xe0 /usr/gcc-arm-none-eabi-10.3-2021.07/bin/../lib/gcc/arm-none-eabi/10.3.1/../../../../arm-none-eabi/lib/thumb/v7e-m/nofp/libg_nano.a(lib_a-mprec.o)
                0x0000000008003ad4                __lshift
 .text.__mcmp   0x0000000008003bb4       0x36 /usr/gcc-arm-none-eabi-10.3-2021.07/bin/../lib/gcc/arm-none-eabi/10.3.1/../../../../arm-none-eabi/lib/thumb/v7e-m/nofp/libg_nano.a(lib_a-mprec.o)
                0x0000000008003bb4                __mcmp
 *fill*         0x0000000008003bea        0x2 
 .text.__mdiff  0x0000000008003bec      0x110 /usr/gcc-arm-none-eabi-10.3-2021.07/bin/../lib/gcc/arm-none-eabi/10.3.1/../../../../arm-none-eabi/lib/thumb/v7e-m/nofp/libg_nano.a(lib_a-mprec.o)
                0x0000000008003bec                __mdiff
 .text.__d2b    0x0000000008003cfc       0xb8 /usr/gcc-arm-none-eabi-10.3-2021.07/bin/../lib/gcc/arm-none-eabi/10.3.1/../../../../arm-none-eabi/lib/thumb/v7e-m/nofp/libg_nano.a(lib_a-mprec.o)
                0x0000000008003cfc                __d2b
 .text._calloc_r
                0x0000000008003db4       0x28 /usr/gcc-arm-none-eabi-10.3-2021.07/bin/../lib/gcc/arm-none-eabi/10.3.1/../../../../arm-none-eabi/lib/thumb/v7e-m/nofp/libg_nano.a(lib_a-nano-callocr.o)
                0x0000000008003db4                _calloc_r
 .text._free_r  0x0000000008003ddc       0x94 /usr/gcc-arm-none-eabi-10.3-2021.07/bin/../lib/gcc/arm-none-eabi/10.3.1/../../../../arm-none-eabi/lib/thumb/v7e-m/nofp/libg_nano.a(lib_a-nano-freer.o)
                0x0000000008003ddc                _free_r
 .text.sbrk_aligned
                0x0000000008003e70       0x40 /usr/gcc-arm-none-eabi-10.3-2021.07/bin/../lib/gcc/arm-none-eabi/10.3.1/../../../../arm-none-eabi/lib/thumb/v7e-m/nofp/libg_nano.a(lib_a-nano-mallocr.o)
 .text._malloc_r
                0x0000000008003eb0       0xe8 /usr/gcc-arm-none-eabi-10.3-2021.07/bin/../lib/gcc/arm-none-eabi/10.3.1/../../../../arm-none-eabi/lib/thumb/v7e-m/nofp/libg_nano.a(lib_a-nano-mallocr.o)
                0x0000000008003eb0                _malloc_r
 .text._sbrk_r  0x0000000008003f98       0x20 /usr/gcc-arm-none-eabi-10.3-2021.07/bin/../lib/gcc/arm-none-eabi/10.3.1/../../../../arm-none-eabi/lib/thumb/v7e-m/nofp/libg_nano.a(lib_a-sbrkr.o)
                0x0000000008003f98                _sbrk_r
 .text.__assert_func
                0x0000000008003fb8       0x3c /usr/gcc-arm-none-eabi-10.3-2021.07/bin/../lib/gcc/arm-none-eabi/10.3.1/../../../../arm-none-eabi/lib/thumb/v7e-m/nofp/libg_nano.a(lib_a-assert.o)
                0x0000000008003fb8                __assert_func
 .text.fprintf  0x0000000008003ff4       0x24 /usr/gcc-arm-none-eabi-10.3-2021.07/bin/../lib/gcc/arm-none-eabi/10.3.1/../../../../arm-none-eabi/lib/thumb/v7e-m/nofp/libg_nano.a(lib_a-fprintf.o)
                0x0000000008003ff4                fprintf
                0x0000000008003ff4                fiprintf
 .text.__ascii_mbtowc
                0x0000000008004018       0x24 /usr/gcc-arm-none-eabi-10.3-2021.07/bin/../lib/gcc/arm-none-eabi/10.3.1/../../../../arm-none-eabi/lib/thumb/v7e-m/nofp/libg_nano.a(lib_a-mbtowc_r.o)
                0x0000000008004018                __ascii_mbtowc
 .text.__malloc_lock
                0x000000000800403c        0xc /usr/gcc-arm-none-eabi-10.3-2021.07/bin/../lib/gcc/arm-none-eabi/10.3.1/../../../../arm-none-eabi/lib/thumb/v7e-m/nofp/libg_nano.a(lib_a-mlock.o)
                0x000000000800403c                __malloc_lock
 .text.__malloc_unlock
                0x0000000008004048        0xc /usr/gcc-arm-none-eabi-10.3-2021.07/bin/../lib/gcc/arm-none-eabi/10.3.1/../../../../arm-none-eabi/lib/thumb/v7e-m/nofp/libg_nano.a(lib_a-mlock.o)
                0x0000000008004048                __malloc_unlock
 .text.__sfputc_r
                0x0000000008004054       0x2a /usr/gcc-arm-none-eabi-10.3-2021.07/bin/../lib/gcc/arm-none-eabi/10.3.1/../../../../arm-none-eabi/lib/thumb/v7e-m/nofp/libg_nano.a(lib_a-nano-vfprintf.o)
 .text.__sfputs_r
                0x000000000800407e       0x24 /usr/gcc-arm-none-eabi-10.3-2021.07/bin/../lib/gcc/arm-none-eabi/10.3.1/../../../../arm-none-eabi/lib/thumb/v7e-m/nofp/libg_nano.a(lib_a-nano-vfprintf.o)
                0x000000000800407e                __sfputs_r
 *fill*         0x00000000080040a2        0x2 
 .text._vfprintf_r
                0x00000000080040a4      0x260 /usr/gcc-arm-none-eabi-10.3-2021.07/bin/../lib/gcc/arm-none-eabi/10.3.1/../../../../arm-none-eabi/lib/thumb/v7e-m/nofp/libg_nano.a(lib_a-nano-vfprintf.o)
                0x00000000080040a4                _vfiprintf_r
                0x00000000080040a4                _vfprintf_r
 .text.__swbuf_r
                0x0000000008004304       0xa4 /usr/gcc-arm-none-eabi-10.3-2021.07/bin/../lib/gcc/arm-none-eabi/10.3.1/../../../../arm-none-eabi/lib/thumb/v7e-m/nofp/libg_nano.a(lib_a-wbuf.o)
                0x0000000008004304                __swbuf_r
 .text.__ascii_wctomb
                0x00000000080043a8       0x1a /usr/gcc-arm-none-eabi-10.3-2021.07/bin/../lib/gcc/arm-none-eabi/10.3.1/../../../../arm-none-eabi/lib/thumb/v7e-m/nofp/libg_nano.a(lib_a-wctomb_r.o)
                0x00000000080043a8                __ascii_wctomb
 *fill*         0x00000000080043c2        0x2 
 .text.__swsetup_r
                0x00000000080043c4       0xdc /usr/gcc-arm-none-eabi-10.3-2021.07/bin/../lib/gcc/arm-none-eabi/10.3.1/../../../../arm-none-eabi/lib/thumb/v7e-m/nofp/libg_nano.a(lib_a-wsetup.o)
                0x00000000080043c4                __swsetup_r
 .text.abort    0x00000000080044a0        0xe /usr/gcc-arm-none-eabi-10.3-2021.07/bin/../lib/gcc/arm-none-eabi/10.3.1/../../../../arm-none-eabi/lib/thumb/v7e-m/nofp/libg_nano.a(lib_a-abort.o)
                0x00000000080044a0                abort
 *fill*         0x00000000080044ae        0x2 
 .text.__sflush_r
                0x00000000080044b0      0x104 /usr/gcc-arm-none-eabi-10.3-2021.07/bin/../lib/gcc/arm-none-eabi/10.3.1/../../../../arm-none-eabi/lib/thumb/v7e-m/nofp/libg_nano.a(lib_a-fflush.o)
                0x00000000080044b0                __sflush_r
 .text._fflush_r
                0x00000000080045b4       0x78 /usr/gcc-arm-none-eabi-10.3-2021.07/bin/../lib/gcc/arm-none-eabi/10.3.1/../../../../arm-none-eabi/lib/thumb/v7e-m/nofp/libg_nano.a(lib_a-fflush.o)
                0x00000000080045b4                _fflush_r
 .text.std      0x000000000800462c       0x48 /usr/gcc-arm-none-eabi-10.3-2021.07/bin/../lib/gcc/arm-none-eabi/10.3.1/../../../../arm-none-eabi/lib/thumb/v7e-m/nofp/libg_nano.a(lib_a-findfp.o)
 .text._cleanup_r
                0x0000000008004674        0xc /usr/gcc-arm-none-eabi-10.3-2021.07/bin/../lib/gcc/arm-none-eabi/10.3.1/../../../../arm-none-eabi/lib/thumb/v7e-m/nofp/libg_nano.a(lib_a-findfp.o)
                0x0000000008004674                _cleanup_r
 .text.__sfmoreglue
                0x0000000008004680       0x2c /usr/gcc-arm-none-eabi-10.3-2021.07/bin/../lib/gcc/arm-none-eabi/10.3.1/../../../../arm-none-eabi/lib/thumb/v7e-m/nofp/libg_nano.a(lib_a-findfp.o)
                0x0000000008004680                __sfmoreglue
 .text.__sfp_lock_acquire
                0x00000000080046ac        0xc /usr/gcc-arm-none-eabi-10.3-2021.07/bin/../lib/gcc/arm-none-eabi/10.3.1/../../../../arm-none-eabi/lib/thumb/v7e-m/nofp/libg_nano.a(lib_a-findfp.o)
                0x00000000080046ac                __sfp_lock_acquire
 .text.__sfp_lock_release
                0x00000000080046b8        0xc /usr/gcc-arm-none-eabi-10.3-2021.07/bin/../lib/gcc/arm-none-eabi/10.3.1/../../../../arm-none-eabi/lib/thumb/v7e-m/nofp/libg_nano.a(lib_a-findfp.o)
                0x00000000080046b8                __sfp_lock_release
 .text.__sinit_lock_acquire
                0x00000000080046c4        0xc /usr/gcc-arm-none-eabi-10.3-2021.07/bin/../lib/gcc/arm-none-eabi/10.3.1/../../../../arm-none-eabi/lib/thumb/v7e-m/nofp/libg_nano.a(lib_a-findfp.o)
                0x00000000080046c4                __sinit_lock_acquire
 .text.__sinit_lock_release
                0x00000000080046d0        0xc /usr/gcc-arm-none-eabi-10.3-2021.07/bin/../lib/gcc/arm-none-eabi/10.3.1/../../../../arm-none-eabi/lib/thumb/v7e-m/nofp/libg_nano.a(lib_a-findfp.o)
                0x00000000080046d0                __sinit_lock_release
 .text.__sinit  0x00000000080046dc       0x70 /usr/gcc-arm-none-eabi-10.3-2021.07/bin/../lib/gcc/arm-none-eabi/10.3.1/../../../../arm-none-eabi/lib/thumb/v7e-m/nofp/libg_nano.a(lib_a-findfp.o)
                0x00000000080046dc                __sinit
 .text.__sfp    0x000000000800474c       0x8c /usr/gcc-arm-none-eabi-10.3-2021.07/bin/../lib/gcc/arm-none-eabi/10.3.1/../../../../arm-none-eabi/lib/thumb/v7e-m/nofp/libg_nano.a(lib_a-findfp.o)
                0x000000000800474c                __sfp
 .text._fwalk_reent
                0x00000000080047d8       0x3e /usr/gcc-arm-none-eabi-10.3-2021.07/bin/../lib/gcc/arm-none-eabi/10.3.1/../../../../arm-none-eabi/lib/thumb/v7e-m/nofp/libg_nano.a(lib_a-fwalk.o)
                0x00000000080047d8                _fwalk_reent
 .text.__retarget_lock_init_recursive
                0x0000000008004816        0x2 /usr/gcc-arm-none-eabi-10.3-2021.07/bin/../lib/gcc/arm-none-eabi/10.3.1/../../../../arm-none-eabi/lib/thumb/v7e-m/nofp/libg_nano.a(lib_a-lock.o)
                0x0000000008004816                __retarget_lock_init_recursive
 .text.__retarget_lock_acquire_recursive
                0x0000000008004818        0x2 /usr/gcc-arm-none-eabi-10.3-2021.07/bin/../lib/gcc/arm-none-eabi/10.3.1/../../../../arm-none-eabi/lib/thumb/v7e-m/nofp/libg_nano.a(lib_a-lock.o)
                0x0000000008004818                __retarget_lock_acquire_recursive
 .text.__retarget_lock_release_recursive
                0x000000000800481a        0x2 /usr/gcc-arm-none-eabi-10.3-2021.07/bin/../lib/gcc/arm-none-eabi/10.3.1/../../../../arm-none-eabi/lib/thumb/v7e-m/nofp/libg_nano.a(lib_a-lock.o)
                0x000000000800481a                __retarget_lock_release_recursive
 .text.__swhatbuf_r
                0x000000000800481c       0x4a /usr/gcc-arm-none-eabi-10.3-2021.07/bin/../lib/gcc/arm-none-eabi/10.3.1/../../../../arm-none-eabi/lib/thumb/v7e-m/nofp/libg_nano.a(lib_a-makebuf.o)
                0x000000000800481c                __swhatbuf_r
 *fill*         0x0000000008004866        0x2 
 .text.__smakebuf_r
                0x0000000008004868       0x80 /usr/gcc-arm-none-eabi-10.3-2021.07/bin/../lib/gcc/arm-none-eabi/10.3.1/../../../../arm-none-eabi/lib/thumb/v7e-m/nofp/libg_nano.a(lib_a-makebuf.o)
                0x0000000008004868                __smakebuf_r
 .text.memmove  0x00000000080048e8       0x34 /usr/gcc-arm-none-eabi-10.3-2021.07/bin/../lib/gcc/arm-none-eabi/10.3.1/../../../../arm-none-eabi/lib/thumb/v7e-m/nofp/libg_nano.a(lib_a-memmove.o)
                0x00000000080048e8                memmove
 .text._realloc_r
                0x000000000800491c       0x5e /usr/gcc-arm-none-eabi-10.3-2021.07/bin/../lib/gcc/arm-none-eabi/10.3.1/../../../../arm-none-eabi/lib/thumb/v7e-m/nofp/libg_nano.a(lib_a-nano-reallocr.o)
                0x000000000800491c                _realloc_r
 .text._raise_r
                0x000000000800497a       0x50 /usr/gcc-arm-none-eabi-10.3-2021.07/bin/../lib/gcc/arm-none-eabi/10.3.1/../../../../arm-none-eabi/lib/thumb/v7e-m/nofp/libg_nano.a(lib_a-signal.o)
                0x000000000800497a                _raise_r
 *fill*         0x00000000080049ca        0x2 
 .text.raise    0x00000000080049cc       0x10 /usr/gcc-arm-none-eabi-10.3-2021.07/bin/../lib/gcc/arm-none-eabi/10.3.1/../../../../arm-none-eabi/lib/thumb/v7e-m/nofp/libg_nano.a(lib_a-signal.o)
                0x00000000080049cc                raise
 .text._kill_r  0x00000000080049dc       0x24 /usr/gcc-arm-none-eabi-10.3-2021.07/bin/../lib/gcc/arm-none-eabi/10.3.1/../../../../arm-none-eabi/lib/thumb/v7e-m/nofp/libg_nano.a(lib_a-signalr.o)
                0x00000000080049dc                _kill_r
 .text._getpid_r
                0x0000000008004a00        0x4 /usr/gcc-arm-none-eabi-10.3-2021.07/bin/../lib/gcc/arm-none-eabi/10.3.1/../../../../arm-none-eabi/lib/thumb/v7e-m/nofp/libg_nano.a(lib_a-signalr.o)
                0x0000000008004a00                _getpid_r
 .text.__sread  0x0000000008004a04       0x22 /usr/gcc-arm-none-eabi-10.3-2021.07/bin/../lib/gcc/arm-none-eabi/10.3.1/../../../../arm-none-eabi/lib/thumb/v7e-m/nofp/libg_nano.a(lib_a-stdio.o)
                0x0000000008004a04                __sread
 .text.__swrite
                0x0000000008004a26       0x38 /usr/gcc-arm-none-eabi-10.3-2021.07/bin/../lib/gcc/arm-none-eabi/10.3.1/../../../../arm-none-eabi/lib/thumb/v7e-m/nofp/libg_nano.a(lib_a-stdio.o)
                0x0000000008004a26                __swrite
 .text.__sseek  0x0000000008004a5e       0x24 /usr/gcc-arm-none-eabi-10.3-2021.07/bin/../lib/gcc/arm-none-eabi/10.3.1/../../../../arm-none-eabi/lib/thumb/v7e-m/nofp/libg_nano.a(lib_a-stdio.o)
                0x0000000008004a5e                __sseek
 .text.__sclose
                0x0000000008004a82        0x8 /usr/gcc-arm-none-eabi-10.3-2021.07/bin/../lib/gcc/arm-none-eabi/10.3.1/../../../../arm-none-eabi/lib/thumb/v7e-m/nofp/libg_nano.a(lib_a-stdio.o)
                0x0000000008004a82                __sclose
 *fill*         0x0000000008004a8a        0x2 
 .text._write_r
                0x0000000008004a8c       0x24 /usr/gcc-arm-none-eabi-10.3-2021.07/bin/../lib/gcc/arm-none-eabi/10.3.1/../../../../arm-none-eabi/lib/thumb/v7e-m/nofp/libg_nano.a(lib_a-writer.o)
                0x0000000008004a8c                _write_r
 .text._close_r
                0x0000000008004ab0       0x20 /usr/gcc-arm-none-eabi-10.3-2021.07/bin/../lib/gcc/arm-none-eabi/10.3.1/../../../../arm-none-eabi/lib/thumb/v7e-m/nofp/libg_nano.a(lib_a-closer.o)
                0x0000000008004ab0                _close_r
 .text._fstat_r
                0x0000000008004ad0       0x24 /usr/gcc-arm-none-eabi-10.3-2021.07/bin/../lib/gcc/arm-none-eabi/10.3.1/../../../../arm-none-eabi/lib/thumb/v7e-m/nofp/libg_nano.a(lib_a-fstatr.o)
                0x0000000008004ad0                _fstat_r
 .text._isatty_r
                0x0000000008004af4       0x20 /usr/gcc-arm-none-eabi-10.3-2021.07/bin/../lib/gcc/arm-none-eabi/10.3.1/../../../../arm-none-eabi/lib/thumb/v7e-m/nofp/libg_nano.a(lib_a-isattyr.o)
                0x0000000008004af4                _isatty_r
 .text._lseek_r
                0x0000000008004b14       0x24 /usr/gcc-arm-none-eabi-10.3-2021.07/bin/../lib/gcc/arm-none-eabi/10.3.1/../../../../arm-none-eabi/lib/thumb/v7e-m/nofp/libg_nano.a(lib_a-lseekr.o)
                0x0000000008004b14                _lseek_r
 .text._malloc_usable_size_r
                0x0000000008004b38       0x10 /usr/gcc-arm-none-eabi-10.3-2021.07/bin/../lib/gcc/arm-none-eabi/10.3.1/../../../../arm-none-eabi/lib/thumb/v7e-m/nofp/libg_nano.a(lib_a-nano-msizer.o)
                0x0000000008004b38                _malloc_usable_size_r
 .text._read_r  0x0000000008004b48       0x24 /usr/gcc-arm-none-eabi-10.3-2021.07/bin/../lib/gcc/arm-none-eabi/10.3.1/../../../../arm-none-eabi/lib/thumb/v7e-m/nofp/libg_nano.a(lib_a-readr.o)
                0x0000000008004b48                _read_r
 .text.snprintf
                0x0000000008004b6c       0x68 /usr/gcc-arm-none-eabi-10.3-2021.07/bin/../lib/gcc/arm-none-eabi/10.3.1/../../../../arm-none-eabi/lib/thumb/v7e-m/nofp/libg_nano.a(lib_a-snprintf.o)
                0x0000000008004b6c                snprintf
                0x0000000008004b6c                sniprintf
 .text.strcpy   0x0000000008004bd4       0x10 /usr/gcc-arm-none-eabi-10.3-2021.07/bin/../lib/gcc/arm-none-eabi/10.3.1/../../../../arm-none-eabi/lib/thumb/v7e-m/nofp/libg_nano.a(lib_a-strcpy.o)
                0x0000000008004bd4                strcpy
 .text.__ssputs_r
                0x0000000008004be4       0xb6 /usr/gcc-arm-none-eabi-10.3-2021.07/bin/../lib/gcc/arm-none-eabi/10.3.1/../../../../arm-none-eabi/lib/thumb/v7e-m/nofp/libg_nano.a(lib_a-nano-svfprintf.o)
                0x0000000008004be4                __ssputs_r
 *fill*         0x0000000008004c9a        0x2 
 .text._svfprintf_r
                0x0000000008004c9c      0x200 /usr/gcc-arm-none-eabi-10.3-2021.07/bin/../lib/gcc/arm-none-eabi/10.3.1/../../../../arm-none-eabi/lib/thumb/v7e-m/nofp/libg_nano.a(lib_a-nano-svfprintf.o)
                0x0000000008004c9c                _svfprintf_r
                0x0000000008004c9c                _svfiprintf_r
 .text._close   0x0000000008004e9c       0x10 /usr/gcc-arm-none-eabi-10.3-2021.07/bin/../lib/gcc/arm-none-eabi/10.3.1/../../../../arm-none-eabi/lib/thumb/v7e-m/nofp/libnosys.a(close.o)
                0x0000000008004e9c                _close
 .text._fstat   0x0000000008004eac       0x10 /usr/gcc-arm-none-eabi-10.3-2021.07/bin/../lib/gcc/arm-none-eabi/10.3.1/../../../../arm-none-eabi/lib/thumb/v7e-m/nofp/libnosys.a(fstat.o)
                0x0000000008004eac                _fstat
 .text._getpid  0x0000000008004ebc       0x10 /usr/gcc-arm-none-eabi-10.3-2021.07/bin/../lib/gcc/arm-none-eabi/10.3.1/../../../../arm-none-eabi/lib/thumb/v7e-m/nofp/libnosys.a(getpid.o)
                0x0000000008004ebc                _getpid
 .text._isatty  0x0000000008004ecc       0x10 /usr/gcc-arm-none-eabi-10.3-2021.07/bin/../lib/gcc/arm-none-eabi/10.3.1/../../../../arm-none-eabi/lib/thumb/v7e-m/nofp/libnosys.a(isatty.o)
                0x0000000008004ecc                _isatty
 .text._kill    0x0000000008004edc       0x10 /usr/gcc-arm-none-eabi-10.3-2021.07/bin/../lib/gcc/arm-none-eabi/10.3.1/../../../../arm-none-eabi/lib/thumb/v7e-m/nofp/libnosys.a(kill.o)
                0x0000000008004edc                _kill
 .text._lseek   0x0000000008004eec       0x10 /usr/gcc-arm-none-eabi-10.3-2021.07/bin/../lib/gcc/arm-none-eabi/10.3.1/../../../../arm-none-eabi/lib/thumb/v7e-m/nofp/libnosys.a(lseek.o)
                0x0000000008004eec                _lseek
 .text._read    0x0000000008004efc       0x10 /usr/gcc-arm-none-eabi-10.3-2021.07/bin/../lib/gcc/arm-none-eabi/10.3.1/../../../../arm-none-eabi/lib/thumb/v7e-m/nofp/libnosys.a(read.o)
                0x0000000008004efc                _read
 .text._sbrk    0x0000000008004f0c       0x1c /usr/gcc-arm-none-eabi-10.3-2021.07/bin/../lib/gcc/arm-none-eabi/10.3.1/../../../../arm-none-eabi/lib/thumb/v7e-m/nofp/libnosys.a(sbrk.o)
                0x0000000008004f0c                _sbrk
 .text._write   0x0000000008004f28       0x10 /usr/gcc-arm-none-eabi-10.3-2021.07/bin/../lib/gcc/arm-none-eabi/10.3.1/../../../../arm-none-eabi/lib/thumb/v7e-m/nofp/libnosys.a(write.o)
                0x0000000008004f28                _write
 .text._exit    0x0000000008004f38        0x4 /usr/gcc-arm-none-eabi-10.3-2021.07/bin/../lib/gcc/arm-none-eabi/10.3.1/../../../../arm-none-eabi/lib/thumb/v7e-m/nofp/libnosys.a(_exit.o)
                0x0000000008004f38                _exit
 *(.glue_7)
 .glue_7        0x0000000008004f3c        0x0 linker stubs
 *(.glue_7t)
 .glue_7t       0x0000000008004f3c        0x0 linker stubs
 *(.eh_frame)
 .eh_frame      0x0000000008004f3c        0x0 /usr/gcc-arm-none-eabi-10.3-2021.07/bin/../lib/gcc/arm-none-eabi/10.3.1/thumb/v7e-m/nofp/crtbegin.o
 *(.init)
 .init          0x0000000008004f3c        0x4 /usr/gcc-arm-none-eabi-10.3-2021.07/bin/../lib/gcc/arm-none-eabi/10.3.1/thumb/v7e-m/nofp/crti.o
                0x0000000008004f3c                _init
 .init          0x0000000008004f40        0x8 /usr/gcc-arm-none-eabi-10.3-2021.07/bin/../lib/gcc/arm-none-eabi/10.3.1/thumb/v7e-m/nofp/crtn.o
 *(.fini)
 .fini          0x0000000008004f48        0x4 /usr/gcc-arm-none-eabi-10.3-2021.07/bin/../lib/gcc/arm-none-eabi/10.3.1/thumb/v7e-m/nofp/crti.o
                0x0000000008004f48                _fini
 .fini          0x0000000008004f4c        0x8 /usr/gcc-arm-none-eabi-10.3-2021.07/bin/../lib/gcc/arm-none-eabi/10.3.1/thumb/v7e-m/nofp/crtn.o
                0x0000000008004f54                . = ALIGN (0x4)
                0x0000000008004f54                _etext = .

.vfp11_veneer   0x0000000008004f54        0x0
 .vfp11_veneer  0x0000000008004f54        0x0 linker stubs

.v4_bx          0x0000000008004f54        0x0
 .v4_bx         0x0000000008004f54        0x0 linker stubs

.iplt           0x0000000008004f54        0x0
 .iplt          0x0000000008004f54        0x0 /usr/gcc-arm-none-eabi-10.3-2021.07/bin/../lib/gcc/arm-none-eabi/10.3.1/thumb/v7e-m/nofp/crtbegin.o

.rodata         0x0000000008004f58      0x734
                0x0000000008004f58                . = ALIGN (0x4)
 *(.rodata)
 .rodata        0x0000000008004f58       0x24 /tmp/loko_e5_bldr.3j0rnI.ltrans0.ltrans.o
 *(.rodata*)
 .rodata._read_mem.str1.1
                0x0000000008004f7c       0x3b /tmp/loko_e5_bldr.3j0rnI.ltrans0.ltrans.o
 *fill*         0x0000000008004fb7        0x1 
 .rodata.AHBPrescTable
                0x0000000008004fb8       0x40 /tmp/loko_e5_bldr.3j0rnI.ltrans0.ltrans.o
 .rodata.APBPrescTable
                0x0000000008004ff8       0x20 /tmp/loko_e5_bldr.3j0rnI.ltrans0.ltrans.o
 .rodata.BLDR_PROTOCOL_IO
                0x0000000008005018       0x14 /tmp/loko_e5_bldr.3j0rnI.ltrans0.ltrans.o
 .rodata.MSIRangeTable
                0x000000000800502c       0x40 /tmp/loko_e5_bldr.3j0rnI.ltrans0.ltrans.o
 .rodata._crc16_ccitt_table
                0x000000000800506c      0x200 /tmp/loko_e5_bldr.3j0rnI.ltrans0.ltrans.o
 .rodata._global_impure_ptr
                0x000000000800526c        0x4 /usr/gcc-arm-none-eabi-10.3-2021.07/bin/../lib/gcc/arm-none-eabi/10.3.1/../../../../arm-none-eabi/lib/thumb/v7e-m/nofp/libg_nano.a(lib_a-impure.o)
                0x000000000800526c                _global_impure_ptr
 .rodata._printf_float.str1.1
                0x0000000008005270       0x12 /usr/gcc-arm-none-eabi-10.3-2021.07/bin/../lib/gcc/arm-none-eabi/10.3.1/../../../../arm-none-eabi/lib/thumb/v7e-m/nofp/libg_nano.a(lib_a-nano-vfprintf_float.o)
 .rodata._printf_i.str1.1
                0x0000000008005282       0x22 /usr/gcc-arm-none-eabi-10.3-2021.07/bin/../lib/gcc/arm-none-eabi/10.3.1/../../../../arm-none-eabi/lib/thumb/v7e-m/nofp/libg_nano.a(lib_a-nano-vfprintf_i.o)
 .rodata._dtoa_r.str1.1
                0x00000000080052a4       0xb3 /usr/gcc-arm-none-eabi-10.3-2021.07/bin/../lib/gcc/arm-none-eabi/10.3.1/../../../../arm-none-eabi/lib/thumb/v7e-m/nofp/libg_nano.a(lib_a-dtoa.o)
                                         0xb5 (size before relaxing)
 .rodata._Balloc.str1.1
                0x0000000008005357       0x7f /usr/gcc-arm-none-eabi-10.3-2021.07/bin/../lib/gcc/arm-none-eabi/10.3.1/../../../../arm-none-eabi/lib/thumb/v7e-m/nofp/libg_nano.a(lib_a-mprec.o)
                                         0x96 (size before relaxing)
 .rodata.__multadd.str1.1
                0x00000000080053d6       0x11 /usr/gcc-arm-none-eabi-10.3-2021.07/bin/../lib/gcc/arm-none-eabi/10.3.1/../../../../arm-none-eabi/lib/thumb/v7e-m/nofp/libg_nano.a(lib_a-mprec.o)
 *fill*         0x00000000080053d6        0x2 
 .rodata.__mprec_bigtens
                0x00000000080053d8       0x28 /usr/gcc-arm-none-eabi-10.3-2021.07/bin/../lib/gcc/arm-none-eabi/10.3.1/../../../../arm-none-eabi/lib/thumb/v7e-m/nofp/libg_nano.a(lib_a-mprec.o)
                0x00000000080053d8                __mprec_bigtens
 .rodata.__mprec_tens
                0x0000000008005400       0xc8 /usr/gcc-arm-none-eabi-10.3-2021.07/bin/../lib/gcc/arm-none-eabi/10.3.1/../../../../arm-none-eabi/lib/thumb/v7e-m/nofp/libg_nano.a(lib_a-mprec.o)
                0x0000000008005400                __mprec_tens
 .rodata.p05.0  0x00000000080054c8        0xc /usr/gcc-arm-none-eabi-10.3-2021.07/bin/../lib/gcc/arm-none-eabi/10.3.1/../../../../arm-none-eabi/lib/thumb/v7e-m/nofp/libg_nano.a(lib_a-mprec.o)
 .rodata.__assert_func.str1.1
                0x00000000080054d4       0x3c /usr/gcc-arm-none-eabi-10.3-2021.07/bin/../lib/gcc/arm-none-eabi/10.3.1/../../../../arm-none-eabi/lib/thumb/v7e-m/nofp/libg_nano.a(lib_a-assert.o)
                                         0x3d (size before relaxing)
 .rodata._setlocale_r.str1.1
                0x0000000008005510        0x8 /usr/gcc-arm-none-eabi-10.3-2021.07/bin/../lib/gcc/arm-none-eabi/10.3.1/../../../../arm-none-eabi/lib/thumb/v7e-m/nofp/libg_nano.a(lib_a-locale.o)
                                          0x9 (size before relaxing)
 .rodata.str1.1
                0x0000000008005518        0x2 /usr/gcc-arm-none-eabi-10.3-2021.07/bin/../lib/gcc/arm-none-eabi/10.3.1/../../../../arm-none-eabi/lib/thumb/v7e-m/nofp/libg_nano.a(lib_a-locale.o)
 .rodata._vfprintf_r.str1.1
                0x000000000800551a       0x11 /usr/gcc-arm-none-eabi-10.3-2021.07/bin/../lib/gcc/arm-none-eabi/10.3.1/../../../../arm-none-eabi/lib/thumb/v7e-m/nofp/libg_nano.a(lib_a-nano-vfprintf.o)
 .rodata._ctype_
                0x000000000800552b      0x101 /usr/gcc-arm-none-eabi-10.3-2021.07/bin/../lib/gcc/arm-none-eabi/10.3.1/../../../../arm-none-eabi/lib/thumb/v7e-m/nofp/libg_nano.a(lib_a-ctype_.o)
                0x000000000800552b                _ctype_
 .rodata.__sf_fake_stderr
                0x000000000800562c       0x20 /usr/gcc-arm-none-eabi-10.3-2021.07/bin/../lib/gcc/arm-none-eabi/10.3.1/../../../../arm-none-eabi/lib/thumb/v7e-m/nofp/libg_nano.a(lib_a-findfp.o)
                0x000000000800562c                __sf_fake_stderr
 .rodata.__sf_fake_stdin
                0x000000000800564c       0x20 /usr/gcc-arm-none-eabi-10.3-2021.07/bin/../lib/gcc/arm-none-eabi/10.3.1/../../../../arm-none-eabi/lib/thumb/v7e-m/nofp/libg_nano.a(lib_a-findfp.o)
                0x000000000800564c                __sf_fake_stdin
 .rodata.__sf_fake_stdout
                0x000000000800566c       0x20 /usr/gcc-arm-none-eabi-10.3-2021.07/bin/../lib/gcc/arm-none-eabi/10.3.1/../../../../arm-none-eabi/lib/thumb/v7e-m/nofp/libg_nano.a(lib_a-findfp.o)
                0x000000000800566c                __sf_fake_stdout
 .rodata._svfprintf_r.str1.1
                0x000000000800568c       0x11 /usr/gcc-arm-none-eabi-10.3-2021.07/bin/../lib/gcc/arm-none-eabi/10.3.1/../../../../arm-none-eabi/lib/thumb/v7e-m/nofp/libg_nano.a(lib_a-nano-svfprintf.o)
                0x00000000080056a0                . = ALIGN (0x4)

.ARM.extab      0x000000000800568c        0x0
                0x000000000800568c                . = ALIGN (0x4)
 *(.ARM.extab* .gnu.linkonce.armextab.*)
                0x000000000800568c                . = ALIGN (0x4)

.ARM            0x000000000800568c        0x0
                0x000000000800568c                . = ALIGN (0x4)
                0x000000000800568c                __exidx_start = .
 *(.ARM.exidx*)
                0x000000000800568c                __exidx_end = .
                0x000000000800568c                . = ALIGN (0x4)

.preinit_array  0x000000000800568c        0x0
                0x000000000800568c                . = ALIGN (0x4)
                0x000000000800568c                PROVIDE (__preinit_array_start = .)
 *(.preinit_array*)
                0x000000000800568c                PROVIDE (__preinit_array_end = .)
                0x000000000800568c                . = ALIGN (0x4)

.init_array     0x000000000800568c        0x4
                0x000000000800568c                . = ALIGN (0x4)
                0x000000000800568c                PROVIDE (__init_array_start = .)
 *(SORT_BY_NAME(.init_array.*))
 *(.init_array*)
 .init_array    0x000000000800568c        0x4 /usr/gcc-arm-none-eabi-10.3-2021.07/bin/../lib/gcc/arm-none-eabi/10.3.1/thumb/v7e-m/nofp/crtbegin.o
                0x0000000008005690                PROVIDE (__init_array_end = .)
                0x0000000008005690                . = ALIGN (0x4)

.fini_array     0x0000000008005690        0x4
                0x0000000008005690                . = ALIGN (0x4)
                [!provide]                        PROVIDE (__fini_array_start = .)
 *(SORT_BY_NAME(.fini_array.*))
 *(.fini_array*)
 .fini_array    0x0000000008005690        0x4 /usr/gcc-arm-none-eabi-10.3-2021.07/bin/../lib/gcc/arm-none-eabi/10.3.1/thumb/v7e-m/nofp/crtbegin.o
                [!provide]                        PROVIDE (__fini_array_end = .)
                0x0000000008005694                . = ALIGN (0x4)
                0x0000000008005694                _sidata = LOADADDR (.data)

.data           0x0000000020000000      0x1d4 load address 0x0000000008005694
                0x0000000020000000                . = ALIGN (0x4)
                0x0000000020000000                _sdata = .
 *(.data)
 *(.data*)
 .data.SystemCoreClock
                0x0000000020000000        0x4 /tmp/loko_e5_bldr.3j0rnI.ltrans0.ltrans.o
 .data._impure_ptr
                0x0000000020000004        0x4 /usr/gcc-arm-none-eabi-10.3-2021.07/bin/../lib/gcc/arm-none-eabi/10.3.1/../../../../arm-none-eabi/lib/thumb/v7e-m/nofp/libg_nano.a(lib_a-impure.o)
                0x0000000020000004                _impure_ptr
 .data.impure_data
                0x0000000020000008       0x60 /usr/gcc-arm-none-eabi-10.3-2021.07/bin/../lib/gcc/arm-none-eabi/10.3.1/../../../../arm-none-eabi/lib/thumb/v7e-m/nofp/libg_nano.a(lib_a-impure.o)
 .data.__global_locale
                0x0000000020000068      0x16c /usr/gcc-arm-none-eabi-10.3-2021.07/bin/../lib/gcc/arm-none-eabi/10.3.1/../../../../arm-none-eabi/lib/thumb/v7e-m/nofp/libg_nano.a(lib_a-locale.o)
                0x0000000020000068                __global_locale
 *(.RamFunc)
 *(.RamFunc*)
                0x00000000200001d4                . = ALIGN (0x4)
                0x00000000200001d4                _edata = .

.igot.plt       0x00000000200001d4        0x0 load address 0x0000000008005868
 .igot.plt      0x00000000200001d4        0x0 /usr/gcc-arm-none-eabi-10.3-2021.07/bin/../lib/gcc/arm-none-eabi/10.3.1/thumb/v7e-m/nofp/crtbegin.o

.crc_placeholder
                0x0000000008005868        0x4
                0x0000000008005868                . = ALIGN (0x4)
 *(.crc_placeholder)
 .crc_placeholder
                0x0000000008005868        0x4 /tmp/loko_e5_bldr.3j0rnI.ltrans0.ltrans.o
                0x000000000800586c                . = ALIGN (0x4)

.rel.dyn        0x000000000800586c        0x0
 .rel.iplt      0x000000000800586c        0x0 /usr/gcc-arm-none-eabi-10.3-2021.07/bin/../lib/gcc/arm-none-eabi/10.3.1/thumb/v7e-m/nofp/crtbegin.o
                0x000000000800586c                . = ALIGN (0x4)

.bss            0x00000000200001d4      0x3e0
                0x00000000200001d4                _sbss = .
                0x00000000200001d4                __bss_start__ = _sbss
 *(.bss)
 .bss           0x00000000200001d4       0x1c /usr/gcc-arm-none-eabi-10.3-2021.07/bin/../lib/gcc/arm-none-eabi/10.3.1/thumb/v7e-m/nofp/crtbegin.o
 *(.bss*)
 .bss._context  0x00000000200001f0      0x12c /tmp/loko_e5_bldr.3j0rnI.ltrans0.ltrans.o
 .bss._debug_rx_queue
                0x000000002000031c      0x210 /tmp/loko_e5_bldr.3j0rnI.ltrans0.ltrans.o
 .bss._read_info.0
                0x000000002000052c       0x20 /tmp/loko_e5_bldr.3j0rnI.ltrans0.ltrans.o
 .bss._rtc      0x000000002000054c       0x38 /tmp/loko_e5_bldr.3j0rnI.ltrans0.ltrans.o
 .bss.pFlash    0x0000000020000584       0x18 /tmp/loko_e5_bldr.3j0rnI.ltrans0.ltrans.o
 .bss.uwTick    0x000000002000059c        0x4 /tmp/loko_e5_bldr.3j0rnI.ltrans0.ltrans.o
 .bss.__malloc_free_list
                0x00000000200005a0        0x4 /usr/gcc-arm-none-eabi-10.3-2021.07/bin/../lib/gcc/arm-none-eabi/10.3.1/../../../../arm-none-eabi/lib/thumb/v7e-m/nofp/libg_nano.a(lib_a-nano-mallocr.o)
                0x00000000200005a0                __malloc_free_list
 .bss.__malloc_sbrk_start
                0x00000000200005a4        0x4 /usr/gcc-arm-none-eabi-10.3-2021.07/bin/../lib/gcc/arm-none-eabi/10.3.1/../../../../arm-none-eabi/lib/thumb/v7e-m/nofp/libg_nano.a(lib_a-nano-mallocr.o)
                0x00000000200005a4                __malloc_sbrk_start
 .bss.errno     0x00000000200005a8        0x4 /usr/gcc-arm-none-eabi-10.3-2021.07/bin/../lib/gcc/arm-none-eabi/10.3.1/../../../../arm-none-eabi/lib/thumb/v7e-m/nofp/libg_nano.a(lib_a-reent.o)
                0x00000000200005a8                errno
 .bss.__lock___malloc_recursive_mutex
                0x00000000200005ac        0x1 /usr/gcc-arm-none-eabi-10.3-2021.07/bin/../lib/gcc/arm-none-eabi/10.3.1/../../../../arm-none-eabi/lib/thumb/v7e-m/nofp/libg_nano.a(lib_a-lock.o)
                0x00000000200005ac                __lock___malloc_recursive_mutex
 .bss.__lock___sfp_recursive_mutex
                0x00000000200005ad        0x1 /usr/gcc-arm-none-eabi-10.3-2021.07/bin/../lib/gcc/arm-none-eabi/10.3.1/../../../../arm-none-eabi/lib/thumb/v7e-m/nofp/libg_nano.a(lib_a-lock.o)
                0x00000000200005ad                __lock___sfp_recursive_mutex
 .bss.__lock___sinit_recursive_mutex
                0x00000000200005ae        0x1 /usr/gcc-arm-none-eabi-10.3-2021.07/bin/../lib/gcc/arm-none-eabi/10.3.1/../../../../arm-none-eabi/lib/thumb/v7e-m/nofp/libg_nano.a(lib_a-lock.o)
                0x00000000200005ae                __lock___sinit_recursive_mutex
 *fill*         0x00000000200005af        0x1 
 .bss.heap_end.0
                0x00000000200005b0        0x4 /usr/gcc-arm-none-eabi-10.3-2021.07/bin/../lib/gcc/arm-none-eabi/10.3.1/../../../../arm-none-eabi/lib/thumb/v7e-m/nofp/libnosys.a(sbrk.o)
 *(COMMON)
                0x00000000200005b4                . = ALIGN (0x4)
                0x00000000200005b4                _ebss = .
                0x00000000200005b4                __bss_end__ = _ebss

._user_heap_stack
                0x00000000200005b4      0xa04
                0x00000000200005b8                . = ALIGN (0x8)
 *fill*         0x00000000200005b4        0x4 
                0x00000000200005b8                PROVIDE (end = .)
                [!provide]                        PROVIDE (_end = .)
                0x00000000200007b8                . = (. + _Min_Heap_Size)
 *fill*         0x00000000200005b8      0x200 
                0x0000000020000fb8                . = (. + _Min_Stack_Size)
 *fill*         0x00000000200007b8      0x800 
                0x0000000020000fb8                . = ALIGN (0x8)

/DISCARD/
 libc.a(*)
 libm.a(*)
 libgcc.a(*)

.ARM.attributes
                0x0000000000000000       0x2a
 *(.ARM.attributes)
 .ARM.attributes
                0x0000000000000000       0x1e /usr/gcc-arm-none-eabi-10.3-2021.07/bin/../lib/gcc/arm-none-eabi/10.3.1/thumb/v7e-m/nofp/crti.o
 .ARM.attributes
                0x000000000000001e       0x2e /usr/gcc-arm-none-eabi-10.3-2021.07/bin/../lib/gcc/arm-none-eabi/10.3.1/thumb/v7e-m/nofp/crtbegin.o
 .ARM.attributes
                0x000000000000004c       0x2c /tmp/loko_e5_bldr.3j0rnI.ltrans0.ltrans.o
 .ARM.attributes
                0x0000000000000078       0x21 out/libbsp_loko_e5_bldr.a(startup_stm32wle5jcix.s.obj)
 .ARM.attributes
                0x0000000000000099       0x2e /usr/gcc-arm-none-eabi-10.3-2021.07/bin/../lib/gcc/arm-none-eabi/10.3.1/../../../../arm-none-eabi/lib/thumb/v7e-m/nofp/libg_nano.a(lib_a-impure.o)
 .ARM.attributes
                0x00000000000000c7       0x2e /usr/gcc-arm-none-eabi-10.3-2021.07/bin/../lib/gcc/arm-none-eabi/10.3.1/../../../../arm-none-eabi/lib/thumb/v7e-m/nofp/libg_nano.a(lib_a-init.o)
 .ARM.attributes
                0x00000000000000f5       0x2e /usr/gcc-arm-none-eabi-10.3-2021.07/bin/../lib/gcc/arm-none-eabi/10.3.1/../../../../arm-none-eabi/lib/thumb/v7e-m/nofp/libg_nano.a(lib_a-memset.o)
 .ARM.attributes
                0x0000000000000123       0x2e /usr/gcc-arm-none-eabi-10.3-2021.07/bin/../lib/gcc/arm-none-eabi/10.3.1/../../../../arm-none-eabi/lib/thumb/v7e-m/nofp/libg_nano.a(lib_a-nano-vfprintf_float.o)
 .ARM.attributes
                0x0000000000000151       0x2e /usr/gcc-arm-none-eabi-10.3-2021.07/bin/../lib/gcc/arm-none-eabi/10.3.1/../../../../arm-none-eabi/lib/thumb/v7e-m/nofp/libg_nano.a(lib_a-nano-vfprintf_i.o)
 .ARM.attributes
                0x000000000000017f       0x17 /usr/gcc-arm-none-eabi-10.3-2021.07/bin/../lib/gcc/arm-none-eabi/10.3.1/../../../../arm-none-eabi/lib/thumb/v7e-m/nofp/libg_nano.a(lib_a-strlen.o)
 .ARM.attributes
                0x0000000000000196       0x2e /usr/gcc-arm-none-eabi-10.3-2021.07/bin/../lib/gcc/arm-none-eabi/10.3.1/../../../../arm-none-eabi/lib/thumb/v7e-m/nofp/libg_nano.a(lib_a-dtoa.o)
 .ARM.attributes
                0x00000000000001c4       0x2e /usr/gcc-arm-none-eabi-10.3-2021.07/bin/../lib/gcc/arm-none-eabi/10.3.1/../../../../arm-none-eabi/lib/thumb/v7e-m/nofp/libg_nano.a(lib_a-localeconv.o)
 .ARM.attributes
                0x00000000000001f2       0x2e /usr/gcc-arm-none-eabi-10.3-2021.07/bin/../lib/gcc/arm-none-eabi/10.3.1/../../../../arm-none-eabi/lib/thumb/v7e-m/nofp/libg_nano.a(lib_a-malloc.o)
 .ARM.attributes
                0x0000000000000220       0x1c /usr/gcc-arm-none-eabi-10.3-2021.07/bin/../lib/gcc/arm-none-eabi/10.3.1/../../../../arm-none-eabi/lib/thumb/v7e-m/nofp/libg_nano.a(lib_a-memchr.o)
 .ARM.attributes
                0x000000000000023c       0x2e /usr/gcc-arm-none-eabi-10.3-2021.07/bin/../lib/gcc/arm-none-eabi/10.3.1/../../../../arm-none-eabi/lib/thumb/v7e-m/nofp/libg_nano.a(lib_a-memcpy-stub.o)
 .ARM.attributes
                0x000000000000026a       0x2e /usr/gcc-arm-none-eabi-10.3-2021.07/bin/../lib/gcc/arm-none-eabi/10.3.1/../../../../arm-none-eabi/lib/thumb/v7e-m/nofp/libg_nano.a(lib_a-mprec.o)
 .ARM.attributes
                0x0000000000000298       0x2e /usr/gcc-arm-none-eabi-10.3-2021.07/bin/../lib/gcc/arm-none-eabi/10.3.1/../../../../arm-none-eabi/lib/thumb/v7e-m/nofp/libg_nano.a(lib_a-nano-callocr.o)
 .ARM.attributes
                0x00000000000002c6       0x2e /usr/gcc-arm-none-eabi-10.3-2021.07/bin/../lib/gcc/arm-none-eabi/10.3.1/../../../../arm-none-eabi/lib/thumb/v7e-m/nofp/libg_nano.a(lib_a-nano-freer.o)
 .ARM.attributes
                0x00000000000002f4       0x2e /usr/gcc-arm-none-eabi-10.3-2021.07/bin/../lib/gcc/arm-none-eabi/10.3.1/../../../../arm-none-eabi/lib/thumb/v7e-m/nofp/libg_nano.a(lib_a-nano-mallocr.o)
 .ARM.attributes
                0x0000000000000322       0x2e /usr/gcc-arm-none-eabi-10.3-2021.07/bin/../lib/gcc/arm-none-eabi/10.3.1/../../../../arm-none-eabi/lib/thumb/v7e-m/nofp/libg_nano.a(lib_a-sbrkr.o)
 .ARM.attributes
                0x0000000000000350       0x2e /usr/gcc-arm-none-eabi-10.3-2021.07/bin/../lib/gcc/arm-none-eabi/10.3.1/../../../../arm-none-eabi/lib/thumb/v7e-m/nofp/libg_nano.a(lib_a-assert.o)
 .ARM.attributes
                0x000000000000037e       0x2e /usr/gcc-arm-none-eabi-10.3-2021.07/bin/../lib/gcc/arm-none-eabi/10.3.1/../../../../arm-none-eabi/lib/thumb/v7e-m/nofp/libg_nano.a(lib_a-fprintf.o)
 .ARM.attributes
                0x00000000000003ac       0x2e /usr/gcc-arm-none-eabi-10.3-2021.07/bin/../lib/gcc/arm-none-eabi/10.3.1/../../../../arm-none-eabi/lib/thumb/v7e-m/nofp/libg_nano.a(lib_a-locale.o)
 .ARM.attributes
                0x00000000000003da       0x2e /usr/gcc-arm-none-eabi-10.3-2021.07/bin/../lib/gcc/arm-none-eabi/10.3.1/../../../../arm-none-eabi/lib/thumb/v7e-m/nofp/libg_nano.a(lib_a-mbtowc_r.o)
 .ARM.attributes
                0x0000000000000408       0x2e /usr/gcc-arm-none-eabi-10.3-2021.07/bin/../lib/gcc/arm-none-eabi/10.3.1/../../../../arm-none-eabi/lib/thumb/v7e-m/nofp/libg_nano.a(lib_a-mlock.o)
 .ARM.attributes
                0x0000000000000436       0x2e /usr/gcc-arm-none-eabi-10.3-2021.07/bin/../lib/gcc/arm-none-eabi/10.3.1/../../../../arm-none-eabi/lib/thumb/v7e-m/nofp/libg_nano.a(lib_a-nano-vfprintf.o)
 .ARM.attributes
                0x0000000000000464       0x2e /usr/gcc-arm-none-eabi-10.3-2021.07/bin/../lib/gcc/arm-none-eabi/10.3.1/../../../../arm-none-eabi/lib/thumb/v7e-m/nofp/libg_nano.a(lib_a-reent.o)
 .ARM.attributes
                0x0000000000000492       0x2e /usr/gcc-arm-none-eabi-10.3-2021.07/bin/../lib/gcc/arm-none-eabi/10.3.1/../../../../arm-none-eabi/lib/thumb/v7e-m/nofp/libg_nano.a(lib_a-wbuf.o)
 .ARM.attributes
                0x00000000000004c0       0x2e /usr/gcc-arm-none-eabi-10.3-2021.07/bin/../lib/gcc/arm-none-eabi/10.3.1/../../../../arm-none-eabi/lib/thumb/v7e-m/nofp/libg_nano.a(lib_a-wctomb_r.o)
 .ARM.attributes
                0x00000000000004ee       0x2e /usr/gcc-arm-none-eabi-10.3-2021.07/bin/../lib/gcc/arm-none-eabi/10.3.1/../../../../arm-none-eabi/lib/thumb/v7e-m/nofp/libg_nano.a(lib_a-wsetup.o)
 .ARM.attributes
                0x000000000000051c       0x2e /usr/gcc-arm-none-eabi-10.3-2021.07/bin/../lib/gcc/arm-none-eabi/10.3.1/../../../../arm-none-eabi/lib/thumb/v7e-m/nofp/libg_nano.a(lib_a-abort.o)
 .ARM.attributes
                0x000000000000054a       0x2e /usr/gcc-arm-none-eabi-10.3-2021.07/bin/../lib/gcc/arm-none-eabi/10.3.1/../../../../arm-none-eabi/lib/thumb/v7e-m/nofp/libg_nano.a(lib_a-ctype_.o)
 .ARM.attributes
                0x0000000000000578       0x2e /usr/gcc-arm-none-eabi-10.3-2021.07/bin/../lib/gcc/arm-none-eabi/10.3.1/../../../../arm-none-eabi/lib/thumb/v7e-m/nofp/libg_nano.a(lib_a-fflush.o)
 .ARM.attributes
                0x00000000000005a6       0x2e /usr/gcc-arm-none-eabi-10.3-2021.07/bin/../lib/gcc/arm-none-eabi/10.3.1/../../../../arm-none-eabi/lib/thumb/v7e-m/nofp/libg_nano.a(lib_a-findfp.o)
 .ARM.attributes
                0x00000000000005d4       0x2e /usr/gcc-arm-none-eabi-10.3-2021.07/bin/../lib/gcc/arm-none-eabi/10.3.1/../../../../arm-none-eabi/lib/thumb/v7e-m/nofp/libg_nano.a(lib_a-fwalk.o)
 .ARM.attributes
                0x0000000000000602       0x2e /usr/gcc-arm-none-eabi-10.3-2021.07/bin/../lib/gcc/arm-none-eabi/10.3.1/../../../../arm-none-eabi/lib/thumb/v7e-m/nofp/libg_nano.a(lib_a-lock.o)
 .ARM.attributes
                0x0000000000000630       0x2e /usr/gcc-arm-none-eabi-10.3-2021.07/bin/../lib/gcc/arm-none-eabi/10.3.1/../../../../arm-none-eabi/lib/thumb/v7e-m/nofp/libg_nano.a(lib_a-makebuf.o)
 .ARM.attributes
                0x000000000000065e       0x2e /usr/gcc-arm-none-eabi-10.3-2021.07/bin/../lib/gcc/arm-none-eabi/10.3.1/../../../../arm-none-eabi/lib/thumb/v7e-m/nofp/libg_nano.a(lib_a-memmove.o)
 .ARM.attributes
                0x000000000000068c       0x2e /usr/gcc-arm-none-eabi-10.3-2021.07/bin/../lib/gcc/arm-none-eabi/10.3.1/../../../../arm-none-eabi/lib/thumb/v7e-m/nofp/libg_nano.a(lib_a-nano-reallocr.o)
 .ARM.attributes
                0x00000000000006ba       0x2e /usr/gcc-arm-none-eabi-10.3-2021.07/bin/../lib/gcc/arm-none-eabi/10.3.1/../../../../arm-none-eabi/lib/thumb/v7e-m/nofp/libg_nano.a(lib_a-signal.o)
 .ARM.attributes
                0x00000000000006e8       0x2e /usr/gcc-arm-none-eabi-10.3-2021.07/bin/../lib/gcc/arm-none-eabi/10.3.1/../../../../arm-none-eabi/lib/thumb/v7e-m/nofp/libg_nano.a(lib_a-signalr.o)
 .ARM.attributes
                0x0000000000000716       0x2e /usr/gcc-arm-none-eabi-10.3-2021.07/bin/../lib/gcc/arm-none-eabi/10.3.1/../../../../arm-none-eabi/lib/thumb/v7e-m/nofp/libg_nano.a(lib_a-stdio.o)
 .ARM.attributes
                0x0000000000000744       0x2e /usr/gcc-arm-none-eabi-10.3-2021.07/bin/../lib/gcc/arm-none-eabi/10.3.1/../../../../arm-none-eabi/lib/thumb/v7e-m/nofp/libg_nano.a(lib_a-writer.o)
 .ARM.attributes
                0x0000000000000772       0x2e /usr/gcc-arm-none-eabi-10.3-2021.07/bin/../lib/gcc/arm-none-eabi/10.3.1/../../../../arm-none-eabi/lib/thumb/v7e-m/nofp/libg_nano.a(lib_a-closer.o)
 .ARM.attributes
                0x00000000000007a0       0x2e /usr/gcc-arm-none-eabi-10.3-2021.07/bin/../lib/gcc/arm-none-eabi/10.3.1/../../../../arm-none-eabi/lib/thumb/v7e-m/nofp/libg_nano.a(lib_a-fstatr.o)
 .ARM.attributes
                0x00000000000007ce       0x2e /usr/gcc-arm-none-eabi-10.3-2021.07/bin/../lib/gcc/arm-none-eabi/10.3.1/../../../../arm-none-eabi/lib/thumb/v7e-m/nofp/libg_nano.a(lib_a-isattyr.o)
 .ARM.attributes
                0x00000000000007fc       0x2e /usr/gcc-arm-none-eabi-10.3-2021.07/bin/../lib/gcc/arm-none-eabi/10.3.1/../../../../arm-none-eabi/lib/thumb/v7e-m/nofp/libg_nano.a(lib_a-lseekr.o)
 .ARM.attributes
                0x000000000000082a       0x2e /usr/gcc-arm-none-eabi-10.3-2021.07/bin/../lib/gcc/arm-none-eabi/10.3.1/../../../../arm-none-eabi/lib/thumb/v7e-m/nofp/libg_nano.a(lib_a-nano-msizer.o)
 .ARM.attributes
                0x0000000000000858       0x2e /usr/gcc-arm-none-eabi-10.3-2021.07/bin/../lib/gcc/arm-none-eabi/10.3.1/../../../../arm-none-eabi/lib/thumb/v7e-m/nofp/libg_nano.a(lib_a-readr.o)
 .ARM.attributes
                0x0000000000000886       0x2e /usr/gcc-arm-none-eabi-10.3-2021.07/bin/../lib/gcc/arm-none-eabi/10.3.1/../../../../arm-none-eabi/lib/thumb/v7e-m/nofp/libg_nano.a(lib_a-snprintf.o)
 .ARM.attributes
                0x00000000000008b4       0x2e /usr/gcc-arm-none-eabi-10.3-2021.07/bin/../lib/gcc/arm-none-eabi/10.3.1/../../../../arm-none-eabi/lib/thumb/v7e-m/nofp/libg_nano.a(lib_a-strcpy.o)
 .ARM.attributes
                0x00000000000008e2       0x2e /usr/gcc-arm-none-eabi-10.3-2021.07/bin/../lib/gcc/arm-none-eabi/10.3.1/../../../../arm-none-eabi/lib/thumb/v7e-m/nofp/libg_nano.a(lib_a-nano-svfprintf.o)
 .ARM.attributes
                0x0000000000000910       0x1e /usr/gcc-arm-none-eabi-10.3-2021.07/bin/../lib/gcc/arm-none-eabi/10.3.1/thumb/v7e-m/nofp/libgcc.a(_arm_addsubdf3.o)
 .ARM.attributes
                0x000000000000092e       0x1e /usr/gcc-arm-none-eabi-10.3-2021.07/bin/../lib/gcc/arm-none-eabi/10.3.1/thumb/v7e-m/nofp/libgcc.a(_arm_muldivdf3.o)
 .ARM.attributes
                0x000000000000094c       0x1e /usr/gcc-arm-none-eabi-10.3-2021.07/bin/../lib/gcc/arm-none-eabi/10.3.1/thumb/v7e-m/nofp/libgcc.a(_arm_cmpdf2.o)
 .ARM.attributes
                0x000000000000096a       0x1e /usr/gcc-arm-none-eabi-10.3-2021.07/bin/../lib/gcc/arm-none-eabi/10.3.1/thumb/v7e-m/nofp/libgcc.a(_arm_unorddf2.o)
 .ARM.attributes
                0x0000000000000988       0x1e /usr/gcc-arm-none-eabi-10.3-2021.07/bin/../lib/gcc/arm-none-eabi/10.3.1/thumb/v7e-m/nofp/libgcc.a(_arm_fixdfsi.o)
 .ARM.attributes
                0x00000000000009a6       0x2e /usr/gcc-arm-none-eabi-10.3-2021.07/bin/../lib/gcc/arm-none-eabi/10.3.1/../../../../arm-none-eabi/lib/thumb/v7e-m/nofp/libnosys.a(close.o)
 .ARM.attributes
                0x00000000000009d4       0x2e /usr/gcc-arm-none-eabi-10.3-2021.07/bin/../lib/gcc/arm-none-eabi/10.3.1/../../../../arm-none-eabi/lib/thumb/v7e-m/nofp/libnosys.a(fstat.o)
 .ARM.attributes
                0x0000000000000a02       0x2e /usr/gcc-arm-none-eabi-10.3-2021.07/bin/../lib/gcc/arm-none-eabi/10.3.1/../../../../arm-none-eabi/lib/thumb/v7e-m/nofp/libnosys.a(getpid.o)
 .ARM.attributes
                0x0000000000000a30       0x2e /usr/gcc-arm-none-eabi-10.3-2021.07/bin/../lib/gcc/arm-none-eabi/10.3.1/../../../../arm-none-eabi/lib/thumb/v7e-m/nofp/libnosys.a(isatty.o)
 .ARM.attributes
                0x0000000000000a5e       0x2e /usr/gcc-arm-none-eabi-10.3-2021.07/bin/../lib/gcc/arm-none-eabi/10.3.1/../../../../arm-none-eabi/lib/thumb/v7e-m/nofp/libnosys.a(kill.o)
 .ARM.attributes
                0x0000000000000a8c       0x2e /usr/gcc-arm-none-eabi-10.3-2021.07/bin/../lib/gcc/arm-none-eabi/10.3.1/../../../../arm-none-eabi/lib/thumb/v7e-m/nofp/libnosys.a(lseek.o)
 .ARM.attributes
                0x0000000000000aba       0x2e /usr/gcc-arm-none-eabi-10.3-2021.07/bin/../lib/gcc/arm-none-eabi/10.3.1/../../../../arm-none-eabi/lib/thumb/v7e-m/nofp/libnosys.a(read.o)
 .ARM.attributes
                0x0000000000000ae8       0x2e /usr/gcc-arm-none-eabi-10.3-2021.07/bin/../lib/gcc/arm-none-eabi/10.3.1/../../../../arm-none-eabi/lib/thumb/v7e-m/nofp/libnosys.a(sbrk.o)
 .ARM.attributes
                0x0000000000000b16       0x2e /usr/gcc-arm-none-eabi-10.3-2021.07/bin/../lib/gcc/arm-none-eabi/10.3.1/../../../../arm-none-eabi/lib/thumb/v7e-m/nofp/libnosys.a(write.o)
 .ARM.attributes
                0x0000000000000b44       0x2e /usr/gcc-arm-none-eabi-10.3-2021.07/bin/../lib/gcc/arm-none-eabi/10.3.1/../../../../arm-none-eabi/lib/thumb/v7e-m/nofp/libnosys.a(_exit.o)
 .ARM.attributes
                0x0000000000000b72       0x1e /usr/gcc-arm-none-eabi-10.3-2021.07/bin/../lib/gcc/arm-none-eabi/10.3.1/thumb/v7e-m/nofp/crtn.o
OUTPUT(out/loko_e5_bldr elf32-littlearm)
LOAD linker stubs
LOAD /usr/gcc-arm-none-eabi-10.3-2021.07/bin/../lib/gcc/arm-none-eabi/10.3.1/../../../../arm-none-eabi/lib/thumb/v7e-m/nofp/libc.a
LOAD /usr/gcc-arm-none-eabi-10.3-2021.07/bin/../lib/gcc/arm-none-eabi/10.3.1/../../../../arm-none-eabi/lib/thumb/v7e-m/nofp/libm.a
LOAD /usr/gcc-arm-none-eabi-10.3-2021.07/bin/../lib/gcc/arm-none-eabi/10.3.1/thumb/v7e-m/nofp/libgcc.a

.debug_info     0x0000000000000000    0x12aed
 .debug_info    0x0000000000000000     0x3f3f /tmp/loko_e5_bldr.3j0rnI.ltrans0.ltrans.o
 .debug_info    0x0000000000003f3f      0x5af /tmp/cc8I6hJ9.debug.temp.o
                0x0000000000003f3f                bootloader.c.ecfb1aa8
 .debug_info    0x00000000000044ee      0x157 /tmp/ccSbixu2.debug.temp.o
                0x00000000000044ee                version.c.7e2c8eaf
 .debug_info    0x0000000000004645      0x51f /tmp/ccKrQo4I.debug.temp.o
                0x0000000000004645                queue.c.9e7c76db
 .debug_info    0x0000000000004b64      0x133 /tmp/ccarIQDN.debug.temp.o
                0x0000000000004b64                crc16.c.c523397d
 .debug_info    0x0000000000004c97      0x551 /tmp/ccjeA7fP.debug.temp.o
                0x0000000000004c97                stm32_bootloader_host_protocol.c.b1c71e23
 .debug_info    0x00000000000051e8      0x882 /tmp/ccdDbuKm.debug.temp.o
                0x00000000000051e8                bsp_clocks.c.a574245a
 .debug_info    0x0000000000005a6a      0x3d9 /tmp/ccoCZu8d.debug.temp.o
                0x0000000000005a6a                bsp_flash.c.abd94cbf
 .debug_info    0x0000000000005e43      0x571 /tmp/ccmupzK9.debug.temp.o
                0x0000000000005e43                bsp_gpio.c.29f73026
 .debug_info    0x00000000000063b4      0x51c /tmp/cc6idXUH.debug.temp.o
                0x00000000000063b4                bsp_low_power.c.673edb77
 .debug_info    0x00000000000068d0      0xc68 /tmp/ccrmBqeu.debug.temp.o
                0x00000000000068d0                bsp_rtc.c.3bb4d8de
 .debug_info    0x0000000000007538     0x10c0 /tmp/ccrJT6uE.debug.temp.o
                0x0000000000007538                bsp_uart.c.1d839764
 .debug_info    0x00000000000085f8      0xdbb /tmp/ccPurSSX.debug.temp.o
                0x00000000000085f8                bsp.c.05dbe256
 .debug_info    0x00000000000093b3      0x40a /tmp/ccKVHGIh.debug.temp.o
                0x00000000000093b3                system_stm32wlxx.c.3f702d26
 .debug_info    0x00000000000097bd      0xb5c /tmp/cc17htvm.debug.temp.o
                0x00000000000097bd                stm32wlxx_hal_cortex.c.9d88d698
 .debug_info    0x000000000000a319      0x6ce /tmp/ccVyXs2u.debug.temp.o
                0x000000000000a319                stm32wlxx_hal_flash_ex.c.1c24db45
 .debug_info    0x000000000000a9e7      0x525 /tmp/ccbzMSkZ.debug.temp.o
                0x000000000000a9e7                stm32wlxx_hal_flash.c.d28c6de3
 .debug_info    0x000000000000af0c      0x620 /tmp/ccQL8wxA.debug.temp.o
                0x000000000000af0c                stm32wlxx_hal_gpio.c.8b5815e4
 .debug_info    0x000000000000b52c      0xa6f /tmp/ccFYQFIO.debug.temp.o
                0x000000000000b52c                stm32wlxx_hal_pwr_ex.c.51f37da4
 .debug_info    0x000000000000bf9b      0x738 /tmp/ccmxv2pA.debug.temp.o
                0x000000000000bf9b                stm32wlxx_hal_pwr.c.bac4cb5b
 .debug_info    0x000000000000c6d3     0x11f4 /tmp/cc5D8Cny.debug.temp.o
                0x000000000000c6d3                stm32wlxx_hal_rtc_ex.c.6372ad5b
 .debug_info    0x000000000000d8c7      0xdd2 /tmp/ccqy6REG.debug.temp.o
                0x000000000000d8c7                stm32wlxx_hal_rtc.c.77a57d91
 .debug_info    0x000000000000e699      0xbc8 /tmp/ccmRNz3L.debug.temp.o
                0x000000000000e699                stm32wlxx_hal.c.07d419b4
 .debug_info    0x000000000000f261      0x6b5 /tmp/cc7LqpA7.debug.temp.o
                0x000000000000f261                stm32wlxx_ll_gpio.c.f908c82f
 .debug_info    0x000000000000f916      0x950 /tmp/ccGxRLUu.debug.temp.o
                0x000000000000f916                stm32wlxx_ll_rcc.c.db5e2429
 .debug_info    0x0000000000010266      0x767 /tmp/cclWTsLK.debug.temp.o
                0x0000000000010266                stm32wlxx_ll_usart.c.27444a60
 .debug_info    0x00000000000109cd      0xb34 /tmp/cc9ttRVc.debug.temp.o
                0x00000000000109cd                stm32wlxx_ll_utils.c.55f853da
 .debug_info    0x0000000000011501      0x6f2 /tmp/ccLXj2ys.debug.temp.o
                0x0000000000011501                bsp_stm32wlxx_it.c.55141fc5
 .debug_info    0x0000000000011bf3      0xed8 /tmp/ccvcmxcu.debug.temp.o
                0x0000000000011bf3                stm32wlxx_hal_rcc.c.154718f0
 .debug_info    0x0000000000012acb       0x22 out/libbsp_loko_e5_bldr.a(startup_stm32wle5jcix.s.obj)

.debug_abbrev   0x0000000000000000     0x30ab
 .debug_abbrev  0x0000000000000000      0x346 /tmp/loko_e5_bldr.3j0rnI.ltrans0.ltrans.o
 .debug_abbrev  0x0000000000000346      0x16a /tmp/cc8I6hJ9.debug.temp.o
 .debug_abbrev  0x00000000000004b0       0xac /tmp/ccSbixu2.debug.temp.o
 .debug_abbrev  0x000000000000055c       0xe9 /tmp/ccKrQo4I.debug.temp.o
 .debug_abbrev  0x0000000000000645       0xad /tmp/ccarIQDN.debug.temp.o
 .debug_abbrev  0x00000000000006f2      0x182 /tmp/ccjeA7fP.debug.temp.o
 .debug_abbrev  0x0000000000000874      0x1d1 /tmp/ccdDbuKm.debug.temp.o
 .debug_abbrev  0x0000000000000a45      0x131 /tmp/ccoCZu8d.debug.temp.o
 .debug_abbrev  0x0000000000000b76      0x1a0 /tmp/ccmupzK9.debug.temp.o
 .debug_abbrev  0x0000000000000d16      0x153 /tmp/cc6idXUH.debug.temp.o
 .debug_abbrev  0x0000000000000e69      0x20d /tmp/ccrmBqeu.debug.temp.o
 .debug_abbrev  0x0000000000001076      0x1e6 /tmp/ccrJT6uE.debug.temp.o
 .debug_abbrev  0x000000000000125c      0x27d /tmp/ccPurSSX.debug.temp.o
 .debug_abbrev  0x00000000000014d9      0x119 /tmp/ccKVHGIh.debug.temp.o
 .debug_abbrev  0x00000000000015f2      0x21f /tmp/cc17htvm.debug.temp.o
 .debug_abbrev  0x0000000000001811      0x1e1 /tmp/ccVyXs2u.debug.temp.o
 .debug_abbrev  0x00000000000019f2      0x1d9 /tmp/ccbzMSkZ.debug.temp.o
 .debug_abbrev  0x0000000000001bcb      0x1a2 /tmp/ccQL8wxA.debug.temp.o
 .debug_abbrev  0x0000000000001d6d      0x205 /tmp/ccFYQFIO.debug.temp.o
 .debug_abbrev  0x0000000000001f72      0x164 /tmp/ccmxv2pA.debug.temp.o
 .debug_abbrev  0x00000000000020d6      0x197 /tmp/cc5D8Cny.debug.temp.o
 .debug_abbrev  0x000000000000226d      0x191 /tmp/ccqy6REG.debug.temp.o
 .debug_abbrev  0x00000000000023fe      0x210 /tmp/ccmRNz3L.debug.temp.o
 .debug_abbrev  0x000000000000260e      0x1c4 /tmp/cc7LqpA7.debug.temp.o
 .debug_abbrev  0x00000000000027d2      0x1cc /tmp/ccGxRLUu.debug.temp.o
 .debug_abbrev  0x000000000000299e      0x1b7 /tmp/cclWTsLK.debug.temp.o
 .debug_abbrev  0x0000000000002b55      0x1e8 /tmp/cc9ttRVc.debug.temp.o
 .debug_abbrev  0x0000000000002d3d      0x13c /tmp/ccLXj2ys.debug.temp.o
 .debug_abbrev  0x0000000000002e79      0x220 /tmp/ccvcmxcu.debug.temp.o
 .debug_abbrev  0x0000000000003099       0x12 out/libbsp_loko_e5_bldr.a(startup_stm32wle5jcix.s.obj)

.debug_loc      0x0000000000000000     0x2ee4
 .debug_loc     0x0000000000000000     0x2ee4 /tmp/loko_e5_bldr.3j0rnI.ltrans0.ltrans.o

.debug_aranges  0x0000000000000000      0x178
 .debug_aranges
                0x0000000000000000      0x150 /tmp/loko_e5_bldr.3j0rnI.ltrans0.ltrans.o
 .debug_aranges
                0x0000000000000150       0x28 out/libbsp_loko_e5_bldr.a(startup_stm32wle5jcix.s.obj)

.debug_ranges   0x0000000000000000      0xf50
 .debug_ranges  0x0000000000000000      0xf30 /tmp/loko_e5_bldr.3j0rnI.ltrans0.ltrans.o
 .debug_ranges  0x0000000000000f30       0x20 out/libbsp_loko_e5_bldr.a(startup_stm32wle5jcix.s.obj)

.debug_line     0x0000000000000000     0x65e3
 .debug_line    0x0000000000000000     0x2b7d /tmp/loko_e5_bldr.3j0rnI.ltrans0.ltrans.o
 .debug_line    0x0000000000002b7d      0x265 /tmp/cc8I6hJ9.debug.temp.o
 .debug_line    0x0000000000002de2      0x176 /tmp/ccSbixu2.debug.temp.o
 .debug_line    0x0000000000002f58      0x151 /tmp/ccKrQo4I.debug.temp.o
 .debug_line    0x00000000000030a9       0xf1 /tmp/ccarIQDN.debug.temp.o
 .debug_line    0x000000000000319a      0x19c /tmp/ccjeA7fP.debug.temp.o
 .debug_line    0x0000000000003336      0x22a /tmp/ccdDbuKm.debug.temp.o
 .debug_line    0x0000000000003560      0x1d5 /tmp/ccoCZu8d.debug.temp.o
 .debug_line    0x0000000000003735      0x1eb /tmp/ccmupzK9.debug.temp.o
 .debug_line    0x0000000000003920      0x23f /tmp/cc6idXUH.debug.temp.o
 .debug_line    0x0000000000003b5f      0x26a /tmp/ccrmBqeu.debug.temp.o
 .debug_line    0x0000000000003dc9      0x2be /tmp/ccrJT6uE.debug.temp.o
 .debug_line    0x0000000000004087      0x2c4 /tmp/ccPurSSX.debug.temp.o
 .debug_line    0x000000000000434b      0x1c4 /tmp/ccKVHGIh.debug.temp.o
 .debug_line    0x000000000000450f      0x229 /tmp/cc17htvm.debug.temp.o
 .debug_line    0x0000000000004738      0x1f2 /tmp/ccVyXs2u.debug.temp.o
 .debug_line    0x000000000000492a      0x230 /tmp/ccbzMSkZ.debug.temp.o
 .debug_line    0x0000000000004b5a      0x1ed /tmp/ccQL8wxA.debug.temp.o
 .debug_line    0x0000000000004d47      0x274 /tmp/ccFYQFIO.debug.temp.o
 .debug_line    0x0000000000004fbb      0x242 /tmp/ccmxv2pA.debug.temp.o
 .debug_line    0x00000000000051fd      0x208 /tmp/cc5D8Cny.debug.temp.o
 .debug_line    0x0000000000005405      0x1eb /tmp/ccqy6REG.debug.temp.o
 .debug_line    0x00000000000055f0      0x268 /tmp/ccmRNz3L.debug.temp.o
 .debug_line    0x0000000000005858      0x23a /tmp/cc7LqpA7.debug.temp.o
 .debug_line    0x0000000000005a92      0x1f7 /tmp/ccGxRLUu.debug.temp.o
 .debug_line    0x0000000000005c89      0x1fb /tmp/cclWTsLK.debug.temp.o
 .debug_line    0x0000000000005e84      0x280 /tmp/cc9ttRVc.debug.temp.o
 .debug_line    0x0000000000006104      0x1df /tmp/ccLXj2ys.debug.temp.o
 .debug_line    0x00000000000062e3      0x258 /tmp/ccvcmxcu.debug.temp.o
 .debug_line    0x000000000000653b       0xa8 out/libbsp_loko_e5_bldr.a(startup_stm32wle5jcix.s.obj)

.debug_str      0x0000000000000000     0x6a9a
 .debug_str     0x0000000000000000      0x1ae /tmp/loko_e5_bldr.3j0rnI.ltrans0.ltrans.o
                                        0x1f2 (size before relaxing)
 .debug_str     0x00000000000001ae      0x610 /tmp/cc8I6hJ9.debug.temp.o
                                        0x6f8 (size before relaxing)
 .debug_str     0x00000000000007be       0x8e /tmp/ccSbixu2.debug.temp.o
                                        0x2b4 (size before relaxing)
 .debug_str     0x000000000000084c      0x181 /tmp/ccKrQo4I.debug.temp.o
                                        0x3c1 (size before relaxing)
 .debug_str     0x00000000000009cd       0x61 /tmp/ccarIQDN.debug.temp.o
                                        0x23e (size before relaxing)
 .debug_str     0x0000000000000a2e      0x413 /tmp/ccjeA7fP.debug.temp.o
                                        0x798 (size before relaxing)
 .debug_str     0x0000000000000e41      0x4fa /tmp/ccdDbuKm.debug.temp.o
                                        0x7ef (size before relaxing)
 .debug_str     0x000000000000133b      0x2a4 /tmp/ccoCZu8d.debug.temp.o
                                        0x4dd (size before relaxing)
 .debug_str     0x00000000000015df      0x23b /tmp/ccmupzK9.debug.temp.o
                                        0x593 (size before relaxing)
 .debug_str     0x000000000000181a       0xac /tmp/cc6idXUH.debug.temp.o
                                        0x4ab (size before relaxing)
 .debug_str     0x00000000000018c6      0x84c /tmp/ccrmBqeu.debug.temp.o
                                        0xcf1 (size before relaxing)
 .debug_str     0x0000000000002112      0x503 /tmp/ccrJT6uE.debug.temp.o
                                        0xd14 (size before relaxing)
 .debug_str     0x0000000000002615      0x36a /tmp/ccPurSSX.debug.temp.o
                                        0xc1a (size before relaxing)
 .debug_str     0x000000000000297f       0xb1 /tmp/ccKVHGIh.debug.temp.o
                                        0x3f1 (size before relaxing)
 .debug_str     0x0000000000002a30      0x3c8 /tmp/cc17htvm.debug.temp.o
                                        0xb57 (size before relaxing)
 .debug_str     0x0000000000002df8      0x3a3 /tmp/ccVyXs2u.debug.temp.o
                                        0x6a1 (size before relaxing)
 .debug_str     0x000000000000319b      0x20d /tmp/ccbzMSkZ.debug.temp.o
                                        0x552 (size before relaxing)
 .debug_str     0x00000000000033a8      0x1c1 /tmp/ccQL8wxA.debug.temp.o
                                        0x4bb (size before relaxing)
 .debug_str     0x0000000000003569      0x6c7 /tmp/ccFYQFIO.debug.temp.o
                                        0xa68 (size before relaxing)
 .debug_str     0x0000000000003c30      0x2b9 /tmp/ccmxv2pA.debug.temp.o
                                        0x60b (size before relaxing)
 .debug_str     0x0000000000003ee9      0x878 /tmp/cc5D8Cny.debug.temp.o
                                        0xdd1 (size before relaxing)
 .debug_str     0x0000000000004761      0x27e /tmp/ccqy6REG.debug.temp.o
                                        0x901 (size before relaxing)
 .debug_str     0x00000000000049df      0x70b /tmp/ccmRNz3L.debug.temp.o
                                        0xede (size before relaxing)
 .debug_str     0x00000000000050ea      0x141 /tmp/cc7LqpA7.debug.temp.o
                                        0x53e (size before relaxing)
 .debug_str     0x000000000000522b      0x63e /tmp/ccGxRLUu.debug.temp.o
                                        0xa94 (size before relaxing)
 .debug_str     0x0000000000005869      0x1bd /tmp/cclWTsLK.debug.temp.o
                                        0x641 (size before relaxing)
 .debug_str     0x0000000000005a26      0x35d /tmp/cc9ttRVc.debug.temp.o
                                        0x995 (size before relaxing)
 .debug_str     0x0000000000005d83      0x72d /tmp/ccLXj2ys.debug.temp.o
                                        0x9ac (size before relaxing)
 .debug_str     0x00000000000064b0      0x573 /tmp/ccvcmxcu.debug.temp.o
                                        0xdb3 (size before relaxing)
 .debug_str     0x0000000000006a23       0x77 out/libbsp_loko_e5_bldr.a(startup_stm32wle5jcix.s.obj)

.comment        0x0000000000000000       0x49
 .comment       0x0000000000000000       0x49 /tmp/loko_e5_bldr.3j0rnI.ltrans0.ltrans.o
                                         0x4a (size before relaxing)

.debug_frame    0x0000000000000000     0x1ac8
 .debug_frame   0x0000000000000000      0x788 /tmp/loko_e5_bldr.3j0rnI.ltrans0.ltrans.o
 .debug_frame   0x0000000000000788       0x2c /usr/gcc-arm-none-eabi-10.3-2021.07/bin/../lib/gcc/arm-none-eabi/10.3.1/../../../../arm-none-eabi/lib/thumb/v7e-m/nofp/libg_nano.a(lib_a-init.o)
 .debug_frame   0x00000000000007b4       0x20 /usr/gcc-arm-none-eabi-10.3-2021.07/bin/../lib/gcc/arm-none-eabi/10.3.1/../../../../arm-none-eabi/lib/thumb/v7e-m/nofp/libg_nano.a(lib_a-memset.o)
 .debug_frame   0x00000000000007d4       0x94 /usr/gcc-arm-none-eabi-10.3-2021.07/bin/../lib/gcc/arm-none-eabi/10.3.1/../../../../arm-none-eabi/lib/thumb/v7e-m/nofp/libg_nano.a(lib_a-nano-vfprintf_float.o)
 .debug_frame   0x0000000000000868       0x60 /usr/gcc-arm-none-eabi-10.3-2021.07/bin/../lib/gcc/arm-none-eabi/10.3.1/../../../../arm-none-eabi/lib/thumb/v7e-m/nofp/libg_nano.a(lib_a-nano-vfprintf_i.o)
 .debug_frame   0x00000000000008c8       0x6c /usr/gcc-arm-none-eabi-10.3-2021.07/bin/../lib/gcc/arm-none-eabi/10.3.1/../../../../arm-none-eabi/lib/thumb/v7e-m/nofp/libg_nano.a(lib_a-dtoa.o)
 .debug_frame   0x0000000000000934       0x40 /usr/gcc-arm-none-eabi-10.3-2021.07/bin/../lib/gcc/arm-none-eabi/10.3.1/../../../../arm-none-eabi/lib/thumb/v7e-m/nofp/libg_nano.a(lib_a-localeconv.o)
 .debug_frame   0x0000000000000974       0x30 /usr/gcc-arm-none-eabi-10.3-2021.07/bin/../lib/gcc/arm-none-eabi/10.3.1/../../../../arm-none-eabi/lib/thumb/v7e-m/nofp/libg_nano.a(lib_a-malloc.o)
 .debug_frame   0x00000000000009a4       0x28 /usr/gcc-arm-none-eabi-10.3-2021.07/bin/../lib/gcc/arm-none-eabi/10.3.1/../../../../arm-none-eabi/lib/thumb/v7e-m/nofp/libg_nano.a(lib_a-memcpy-stub.o)
 .debug_frame   0x00000000000009cc      0x254 /usr/gcc-arm-none-eabi-10.3-2021.07/bin/../lib/gcc/arm-none-eabi/10.3.1/../../../../arm-none-eabi/lib/thumb/v7e-m/nofp/libg_nano.a(lib_a-mprec.o)
 .debug_frame   0x0000000000000c20       0x2c /usr/gcc-arm-none-eabi-10.3-2021.07/bin/../lib/gcc/arm-none-eabi/10.3.1/../../../../arm-none-eabi/lib/thumb/v7e-m/nofp/libg_nano.a(lib_a-nano-callocr.o)