Archive member included to satisfy reference by file (symbol)

out/libbsp_loko_e5_app.a(radio_board_if.c.obj)
                              CMakeFiles/loko_e5_app.dir/Middlewares/Third_Party/SubGHz_Phy/stm32_radio_driver/radio_driver.c.obj (symbol from plugin) (RBI_Init)
out/libbsp_loko_e5_app.a(bsp.c.obj)
                              CMakeFiles/loko_e5_app.dir/Middlewares/Third_Party/SubGHz_Phy/stm32_radio_driver/radio_driver.c.obj (symbol from plugin) (bsp_disable_irq)
out/libbsp_loko_e5_app.a(bsp_battery.c.obj)
                              CMakeFiles/loko_e5_app.dir/Core/Src/application.c.obj (symbol from plugin) (bsp_battery_measure)
out/libbsp_loko_e5_app.a(bsp_clocks.c.obj)
                              CMakeFiles/loko_e5_app.dir/Core/Src/application.c.obj (symbol from plugin) (bsp_clock_init)
out/libbsp_loko_e5_app.a(bsp_flash.c.obj)
                              CMakeFiles/loko_e5_app.dir/Core/Src/application.c.obj (symbol from plugin) (bsp_flash_settings_read)
out/libbsp_loko_e5_app.a(bsp_gpio.c.obj)
                              CMakeFiles/loko_e5_app.dir/Core/Src/application.c.obj (symbol from plugin) (bsp_gpio_init)
out/libbsp_loko_e5_app.a(bsp_low_power.c.obj)
                              CMakeFiles/loko_e5_app.dir/Core/Src/application.c.obj (symbol from plugin) (bsp_lp_shutdown)
out/libbsp_loko_e5_app.a(bsp_rtc.c.obj)
                              CMakeFiles/loko_e5_app.dir/Core/Src/application.c.obj (symbol from plugin) (bsp_rtc_init)
out/libbsp_loko_e5_app.a(bsp_subghz.c.obj)
                              CMakeFiles/loko_e5_app.dir/Middlewares/Third_Party/SubGHz_Phy/stm32_radio_driver/radio_driver.c.obj (symbol from plugin) (subghz_init)
out/libbsp_loko_e5_app.a(bsp_uart.c.obj)
                              CMakeFiles/loko_e5_app.dir/Core/Src/application.c.obj (symbol from plugin) (bsp_uart_gnss_init)
out/libbsp_loko_e5_app.a(stm32wlxx_LoRa_E5_mini_radio.c.obj)
                              radio_board_if.c.obj (symbol from plugin) (bsp_radio_init)
out/libbsp_loko_e5_app.a(system_stm32wlxx.c.obj)
                              bsp_clocks.c.obj (symbol from plugin) (SystemCoreClock)
out/libbsp_loko_e5_app.a(startup_stm32wle5jcix.s.obj)
                              (Reset_Handler)
out/libbsp_loko_e5_app.a(stm32wlxx_hal_cortex.c.obj)
                              bsp.c.obj (symbol from plugin) (HAL_NVIC_SetPriority)
out/libbsp_loko_e5_app.a(stm32wlxx_hal_flash_ex.c.obj)
                              bsp_flash.c.obj (symbol from plugin) (HAL_FLASHEx_Erase)
out/libbsp_loko_e5_app.a(stm32wlxx_hal_flash.c.obj)
                              bsp_flash.c.obj (symbol from plugin) (HAL_FLASH_Unlock)
out/libbsp_loko_e5_app.a(stm32wlxx_hal_gpio.c.obj)
                              stm32wlxx_LoRa_E5_mini_radio.c.obj (symbol from plugin) (HAL_GPIO_Init)
out/libbsp_loko_e5_app.a(stm32wlxx_hal_pwr_ex.c.obj)
                              bsp_low_power.c.obj (symbol from plugin) (HAL_PWREx_DisableSRAMRetention)
out/libbsp_loko_e5_app.a(stm32wlxx_hal_pwr.c.obj)
                              bsp_low_power.c.obj (symbol from plugin) (HAL_PWR_EnableWakeUpPin)
out/libbsp_loko_e5_app.a(stm32wlxx_hal_rtc_ex.c.obj)
                              bsp_rtc.c.obj (symbol from plugin) (HAL_RTCEx_SetWakeUpTimer_IT)
out/libbsp_loko_e5_app.a(stm32wlxx_hal_rtc.c.obj)
                              CMakeFiles/loko_e5_app.dir/Core/Src/lorawan_app/timer_if.c.obj (symbol from plugin) (HAL_RTC_DeactivateAlarm)
out/libbsp_loko_e5_app.a(stm32wlxx_hal_subghz.c.obj)
                              bsp_subghz.c.obj (symbol from plugin) (HAL_SUBGHZ_Init)
out/libbsp_loko_e5_app.a(stm32wlxx_hal.c.obj)
                              bsp_clocks.c.obj (symbol from plugin) (HAL_InitTick)
out/libbsp_loko_e5_app.a(stm32wlxx_ll_gpio.c.obj)
                              bsp_gpio.c.obj (symbol from plugin) (LL_GPIO_Init)
out/libbsp_loko_e5_app.a(stm32wlxx_ll_lpuart.c.obj)
                              bsp_uart.c.obj (symbol from plugin) (LL_LPUART_Init)
out/libbsp_loko_e5_app.a(stm32wlxx_ll_rcc.c.obj)
                              stm32wlxx_ll_lpuart.c.obj (symbol from plugin) (LL_RCC_GetLPUARTClockFreq)
out/libbsp_loko_e5_app.a(stm32wlxx_ll_usart.c.obj)
                              bsp_uart.c.obj (symbol from plugin) (LL_USART_Init)
out/libbsp_loko_e5_app.a(stm32wlxx_ll_utils.c.obj)
                              bsp_clocks.c.obj (symbol from plugin) (LL_SetSystemCoreClock)
out/libbsp_loko_e5_app.a(bsp_adc.c.obj)
                              bsp_battery.c.obj (symbol from plugin) (bsp_adc_get_vbat_mv)
out/libbsp_loko_e5_app.a(bsp_stm32wlxx_it.c.obj)
                              out/libbsp_loko_e5_app.a(startup_stm32wle5jcix.s.obj) (NMI_Handler)
out/libbsp_loko_e5_app.a(stm32wlxx_hal_adc.c.obj)
                              bsp_adc.c.obj (symbol from plugin) (HAL_ADC_Init)
out/libbsp_loko_e5_app.a(stm32wlxx_hal_dma.c.obj)
                              bsp_adc.c.obj (symbol from plugin) (HAL_DMA_Init)
[...]
Memory Configuration

Name             Origin             Length             Attributes
RAM              0x0000000020000000 0x0000000000010000 xrw
RAM2             0x0000000010000000 0x0000000000008000 xrw
FLASH            0x0000000008008000 0x0000000000036000 xr
*default*        0x0000000000000000 0xffffffffffffffff

Linker script and memory map

LOAD /usr/gcc-arm-none-eabi-10.3-2021.07/bin/../lib/gcc/arm-none-eabi/10.3.1/thumb/v7e-m/nofp/crti.o
LOAD /usr/gcc-arm-none-eabi-10.3-2021.07/bin/../lib/gcc/arm-none-eabi/10.3.1/thumb/v7e-m/nofp/crtbegin.o
LOAD /usr/gcc-arm-none-eabi-10.3-2021.07/bin/../lib/gcc/arm-none-eabi/10.3.1/../../../../arm-none-eabi/lib/thumb/v7e-m/nofp/crt0.o
LOAD /usr/gcc-arm-none-eabi-10.3-2021.07/bin/../lib/gcc/arm-none-eabi/10.3.1/../../../../arm-none-eabi/lib/thumb/v7e-m/nofp/libm.a
LOAD CMakeFiles/loko_e5_app.dir/Core/Src/lorawan_app/lora_app.c.obj
LOAD /tmp/loko_e5_app.8VG9Tu.ltrans0.ltrans.o
LOAD /tmp/loko_e5_app.8VG9Tu.ltrans1.ltrans.o
LOAD /tmp/loko_e5_app.8VG9Tu.ltrans2.ltrans.o
LOAD /tmp/cciAHXHa.debug.temp.o
LOAD /tmp/ccrRRO4D.debug.temp.o
LOAD /tmp/ccNHwr8s.debug.temp.o
LOAD /tmp/ccCChBnc.debug.temp.o
LOAD /tmp/ccuSN5BQ.debug.temp.o
LOAD /tmp/ccJL4Rfe.debug.temp.o
LOAD /tmp/cccVTLsN.debug.temp.o
LOAD /tmp/ccG6YH6f.debug.temp.o
LOAD /tmp/ccovx1UT.debug.temp.o
LOAD /tmp/ccHytDC8.debug.temp.o
LOAD /tmp/cckVGaMI.debug.temp.o
LOAD /tmp/cciOO1LI.debug.temp.o
LOAD /tmp/cc5VeYEU.debug.temp.o
LOAD /tmp/ccD64iH8.debug.temp.o
LOAD /tmp/ccITtOpY.debug.temp.o
LOAD /tmp/ccj7UTZV.debug.temp.o
LOAD /tmp/ccuZ6ZR5.debug.temp.o
LOAD /tmp/cckhBi7O.debug.temp.o
LOAD /tmp/ccUFFxn4.debug.temp.o
LOAD /tmp/ccXWkX86.debug.temp.o
LOAD /tmp/cceeFkNI.debug.temp.o
LOAD /tmp/ccTDR2FX.debug.temp.o
LOAD /tmp/ccgzaIlR.debug.temp.o
LOAD /tmp/cc2Ir6mO.debug.temp.o
LOAD /tmp/cc2FmT48.debug.temp.o
LOAD /tmp/cctp15lv.debug.temp.o
LOAD /tmp/ccXieICo.debug.temp.o
LOAD /tmp/ccajSEy2.debug.temp.o
LOAD /tmp/cc90ZLWY.debug.temp.o
LOAD /tmp/cc8jzarj.debug.temp.o
LOAD /tmp/ccsZDUnr.debug.temp.o
LOAD /tmp/ccSXKvrH.debug.temp.o
LOAD /tmp/ccsxT5Tg.debug.temp.o
LOAD /tmp/cc2PV1gR.debug.temp.o
LOAD /tmp/cc5JqG2j.debug.temp.o
LOAD /tmp/ccY3AU8J.debug.temp.o
LOAD /tmp/cc2t1Rth.debug.temp.o
LOAD /tmp/ccvYsjzi.debug.temp.o
LOAD /tmp/ccW1YxR6.debug.temp.o
LOAD /tmp/ccglnABi.debug.temp.o
LOAD /tmp/ccWF6dkZ.debug.temp.o
LOAD /tmp/ccowNtJa.debug.temp.o
LOAD /tmp/ccgZgd9Y.debug.temp.o
LOAD /tmp/cc6ak52C.debug.temp.o
LOAD /tmp/ccSPkpOU.debug.temp.o
LOAD /tmp/ccNuV1v6.debug.temp.o
LOAD /tmp/cc6E7bJy.debug.temp.o
LOAD /tmp/cc0YbScT.debug.temp.o
LOAD /tmp/ccOy7nVO.debug.temp.o
LOAD /tmp/ccD8fwsv.debug.temp.o
LOAD /tmp/ccL6fcfc.debug.temp.o
LOAD /tmp/ccy2l4Ez.debug.temp.o
LOAD /tmp/cczcBwJ4.debug.temp.o
LOAD /tmp/ccEghXUB.debug.temp.o
LOAD /tmp/ccmmukhR.debug.temp.o
LOAD /tmp/cciK1PmN.debug.temp.o
LOAD /tmp/ccvxbQK6.debug.temp.o
LOAD /tmp/cc3c3hcT.debug.temp.o
LOAD /tmp/cc9Y02N5.debug.temp.o
LOAD /tmp/ccTZ0Qvh.debug.temp.o
LOAD /tmp/ccmojDTu.debug.temp.o
LOAD /tmp/ccxiMKdZ.debug.temp.o
LOAD /tmp/ccPFWliA.debug.temp.o
LOAD /tmp/ccibJpok.debug.temp.o
LOAD /tmp/cczkC4Nu.debug.temp.o
LOAD /tmp/ccH06oHk.debug.temp.o
LOAD /tmp/ccjturQ6.debug.temp.o
LOAD /tmp/ccwnJwzq.debug.temp.o
LOAD /tmp/ccAQXnfl.debug.temp.o
LOAD /tmp/ccGIfLR4.debug.temp.o
LOAD /tmp/ccOGtY2D.debug.temp.o
LOAD /tmp/ccd2jZ4p.debug.temp.o
LOAD /tmp/ccyzHs1N.debug.temp.o
LOAD /tmp/ccO1rsPc.debug.temp.o
LOAD /tmp/ccTI0BOX.debug.temp.o
LOAD /tmp/ccrHICAN.debug.temp.o
LOAD /tmp/cc1MKNuH.debug.temp.o
LOAD /tmp/ccTC7DZ3.debug.temp.o
LOAD /tmp/ccK9Xo8m.debug.temp.o
LOAD /tmp/ccSXq785.debug.temp.o
LOAD /tmp/ccOx9bV1.debug.temp.o
LOAD /tmp/ccyWOPi9.debug.temp.o
LOAD /tmp/cc7wl3m8.debug.temp.o
LOAD /tmp/ccROgMCh.debug.temp.o
LOAD /tmp/ccd63ZHm.debug.temp.o
LOAD CMakeFiles/loko_e5_app.dir/Core/Src/lorawan_app/lora_info.c.obj
LOAD CMakeFiles/loko_e5_app.dir/Core/Src/lorawan_app/stm32_systime.c.obj
LOAD CMakeFiles/loko_e5_app.dir/Core/Src/lorawan_app/stm32_timer.c.obj
LOAD CMakeFiles/loko_e5_app.dir/Core/Src/lorawan_app/timer_if.c.obj
LOAD CMakeFiles/loko_e5_app.dir/Core/Src/application.c.obj
LOAD CMakeFiles/loko_e5_app.dir/Core/Src/subghz_phy_app.c.obj
LOAD CMakeFiles/loko_e5_app.dir/Core/Src/sysmem.c.obj
LOAD CMakeFiles/loko_e5_app.dir/Core/Src/version.c.obj
LOAD CMakeFiles/loko_e5_app.dir/Middlewares/Third_Party/cayenne_lpp_c/cayenne_lpp_c.c.obj
LOAD CMakeFiles/loko_e5_app.dir/Core/cmd_line/cmd_line.c.obj
LOAD CMakeFiles/loko_e5_app.dir/Core/encrypt_p2p_payload/encrypt_p2p_payload.c.obj
LOAD CMakeFiles/loko_e5_app.dir/Core/gnss_trace/gnss_trace.c.obj
LOAD CMakeFiles/loko_e5_app.dir/Core/log_/log_.c.obj
LOAD CMakeFiles/loko_e5_app.dir/Middlewares/Third_Party/LoRaWAN/Crypto/cmac.c.obj
LOAD CMakeFiles/loko_e5_app.dir/Middlewares/Third_Party/LoRaWAN/Crypto/lorawan_aes.c.obj
LOAD CMakeFiles/loko_e5_app.dir/Middlewares/Third_Party/LoRaWAN/Crypto/soft-se.c.obj
LOAD CMakeFiles/loko_e5_app.dir/Middlewares/Third_Party/LoRaWAN/LmHandler/LmHandler.c.obj
LOAD CMakeFiles/loko_e5_app.dir/Middlewares/Third_Party/LoRaWAN/LmHandler/NvmDataMgmt.c.obj
LOAD CMakeFiles/loko_e5_app.dir/Middlewares/Third_Party/LoRaWAN/LmHandler/Packages/LmhpCompliance.c.obj
LOAD CMakeFiles/loko_e5_app.dir/Middlewares/Third_Party/LoRaWAN/Mac/LoRaMac.c.obj
LOAD CMakeFiles/loko_e5_app.dir/Middlewares/Third_Party/LoRaWAN/Mac/LoRaMacAdr.c.obj
LOAD CMakeFiles/loko_e5_app.dir/Middlewares/Third_Party/LoRaWAN/Mac/LoRaMacClassB.c.obj
LOAD CMakeFiles/loko_e5_app.dir/Middlewares/Third_Party/LoRaWAN/Mac/LoRaMacCommands.c.obj
LOAD CMakeFiles/loko_e5_app.dir/Middlewares/Third_Party/LoRaWAN/Mac/LoRaMacConfirmQueue.c.obj
LOAD CMakeFiles/loko_e5_app.dir/Middlewares/Third_Party/LoRaWAN/Mac/LoRaMacCrypto.c.obj
LOAD CMakeFiles/loko_e5_app.dir/Middlewares/Third_Party/LoRaWAN/Mac/LoRaMacParser.c.obj
LOAD CMakeFiles/loko_e5_app.dir/Middlewares/Third_Party/LoRaWAN/Mac/LoRaMacSerializer.c.obj
LOAD CMakeFiles/loko_e5_app.dir/Middlewares/Third_Party/LoRaWAN/Mac/Region/Region.c.obj
LOAD CMakeFiles/loko_e5_app.dir/Middlewares/Third_Party/LoRaWAN/Mac/Region/RegionAS923.c.obj
LOAD CMakeFiles/loko_e5_app.dir/Middlewares/Third_Party/LoRaWAN/Mac/Region/RegionAU915.c.obj
LOAD CMakeFiles/loko_e5_app.dir/Middlewares/Third_Party/LoRaWAN/Mac/Region/RegionBaseUS.c.obj
LOAD CMakeFiles/loko_e5_app.dir/Middlewares/Third_Party/LoRaWAN/Mac/Region/RegionCN470.c.obj
LOAD CMakeFiles/loko_e5_app.dir/Middlewares/Third_Party/LoRaWAN/Mac/Region/RegionCN470A20.c.obj
LOAD CMakeFiles/loko_e5_app.dir/Middlewares/Third_Party/LoRaWAN/Mac/Region/RegionCN470A26.c.obj
LOAD CMakeFiles/loko_e5_app.dir/Middlewares/Third_Party/LoRaWAN/Mac/Region/RegionCN470B20.c.obj
LOAD CMakeFiles/loko_e5_app.dir/Middlewares/Third_Party/LoRaWAN/Mac/Region/RegionCN470B26.c.obj
LOAD CMakeFiles/loko_e5_app.dir/Middlewares/Third_Party/LoRaWAN/Mac/Region/RegionCN779.c.obj
LOAD CMakeFiles/loko_e5_app.dir/Middlewares/Third_Party/LoRaWAN/Mac/Region/RegionCommon.c.obj
LOAD CMakeFiles/loko_e5_app.dir/Middlewares/Third_Party/LoRaWAN/Mac/Region/RegionEU433.c.obj
LOAD CMakeFiles/loko_e5_app.dir/Middlewares/Third_Party/LoRaWAN/Mac/Region/RegionEU868.c.obj
LOAD CMakeFiles/loko_e5_app.dir/Middlewares/Third_Party/LoRaWAN/Mac/Region/RegionIN865.c.obj
LOAD CMakeFiles/loko_e5_app.dir/Middlewares/Third_Party/LoRaWAN/Mac/Region/RegionKR920.c.obj
LOAD CMakeFiles/loko_e5_app.dir/Middlewares/Third_Party/LoRaWAN/Mac/Region/RegionRU864.c.obj
LOAD CMakeFiles/loko_e5_app.dir/Middlewares/Third_Party/LoRaWAN/Mac/Region/RegionUS915.c.obj
LOAD CMakeFiles/loko_e5_app.dir/Middlewares/Third_Party/LoRaWAN/Utilities/utilities.c.obj
LOAD CMakeFiles/loko_e5_app.dir/Middlewares/Third_Party/lwgps/lwgps.c.obj
LOAD CMakeFiles/loko_e5_app.dir/Core/queue/queue.c.obj
LOAD CMakeFiles/loko_e5_app.dir/Core/settings/settings.c.obj
LOAD CMakeFiles/loko_e5_app.dir/Middlewares/Third_Party/SubGHz_Phy/stm32_radio_driver/radio.c.obj
LOAD CMakeFiles/loko_e5_app.dir/Middlewares/Third_Party/SubGHz_Phy/stm32_radio_driver/radio_driver.c.obj
LOAD CMakeFiles/loko_e5_app.dir/Middlewares/Third_Party/SubGHz_Phy/stm32_radio_driver/radio_fw.c.obj
LOAD out/libbsp_loko_e5_app.a
START GROUP
LOAD /usr/gcc-arm-none-eabi-10.3-2021.07/bin/../lib/gcc/arm-none-eabi/10.3.1/thumb/v7e-m/nofp/libgcc.a
LOAD /usr/gcc-arm-none-eabi-10.3-2021.07/bin/../lib/gcc/arm-none-eabi/10.3.1/../../../../arm-none-eabi/lib/thumb/v7e-m/nofp/libg_nano.a
LOAD /usr/gcc-arm-none-eabi-10.3-2021.07/bin/../lib/gcc/arm-none-eabi/10.3.1/../../../../arm-none-eabi/lib/thumb/v7e-m/nofp/libc_nano.a
END GROUP
START GROUP
LOAD /usr/gcc-arm-none-eabi-10.3-2021.07/bin/../lib/gcc/arm-none-eabi/10.3.1/thumb/v7e-m/nofp/libgcc.a
LOAD /usr/gcc-arm-none-eabi-10.3-2021.07/bin/../lib/gcc/arm-none-eabi/10.3.1/../../../../arm-none-eabi/lib/thumb/v7e-m/nofp/libc_nano.a
LOAD /usr/gcc-arm-none-eabi-10.3-2021.07/bin/../lib/gcc/arm-none-eabi/10.3.1/../../../../arm-none-eabi/lib/thumb/v7e-m/nofp/libnosys.a
END GROUP
START GROUP
LOAD /usr/gcc-arm-none-eabi-10.3-2021.07/bin/../lib/gcc/arm-none-eabi/10.3.1/thumb/v7e-m/nofp/libgcc.a
LOAD /usr/gcc-arm-none-eabi-10.3-2021.07/bin/../lib/gcc/arm-none-eabi/10.3.1/../../../../arm-none-eabi/lib/thumb/v7e-m/nofp/libc_nano.a
LOAD /usr/gcc-arm-none-eabi-10.3-2021.07/bin/../lib/gcc/arm-none-eabi/10.3.1/../../../../arm-none-eabi/lib/thumb/v7e-m/nofp/libnosys.a
END GROUP
LOAD /usr/gcc-arm-none-eabi-10.3-2021.07/bin/../lib/gcc/arm-none-eabi/10.3.1/thumb/v7e-m/nofp/crtend.o
LOAD /usr/gcc-arm-none-eabi-10.3-2021.07/bin/../lib/gcc/arm-none-eabi/10.3.1/thumb/v7e-m/nofp/crtn.o
                0x0000000020010000                _estack = (ORIGIN (RAM) + LENGTH (RAM))
                0x0000000000000200                _Min_Heap_Size = 0x200
                0x0000000000000400                _Min_Stack_Size = 0x400

.isr_vector     0x0000000008008000      0x138
                0x0000000008008000                . = ALIGN (0x4)
 *(.isr_vector)
 .isr_vector    0x0000000008008000      0x138 out/libbsp_loko_e5_app.a(startup_stm32wle5jcix.s.obj)
                0x0000000008008000                g_pfnVectors
                0x0000000008008138                . = ALIGN (0x4)

.version        0x0000000008008200       0x10
                0x0000000008008200                . = ALIGN (0x4)
 *(.version)
 .version       0x0000000008008200       0x10 /tmp/loko_e5_app.8VG9Tu.ltrans2.ltrans.o
                0x0000000008008210                . = ALIGN (0x4)

.text           0x0000000008008210    0x16d9c
                0x0000000008008210                . = ALIGN (0x4)
 *(.text)
 .text          0x0000000008008210       0x40 /usr/gcc-arm-none-eabi-10.3-2021.07/bin/../lib/gcc/arm-none-eabi/10.3.1/thumb/v7e-m/nofp/crtbegin.o
 .text          0x0000000008008250       0x10 /usr/gcc-arm-none-eabi-10.3-2021.07/bin/../lib/gcc/arm-none-eabi/10.3.1/../../../../arm-none-eabi/lib/thumb/v7e-m/nofp/libg_nano.a(lib_a-strlen.o)
                0x0000000008008250                strlen
 .text          0x0000000008008260       0xa0 /usr/gcc-arm-none-eabi-10.3-2021.07/bin/../lib/gcc/arm-none-eabi/10.3.1/../../../../arm-none-eabi/lib/thumb/v7e-m/nofp/libg_nano.a(lib_a-memchr.o)
                0x0000000008008260                memchr
 .text          0x0000000008008300      0x378 /usr/gcc-arm-none-eabi-10.3-2021.07/bin/../lib/gcc/arm-none-eabi/10.3.1/thumb/v7e-m/nofp/libgcc.a(_arm_addsubdf3.o)
                0x0000000008008300                __aeabi_drsub
                0x0000000008008308                __aeabi_dsub
                0x0000000008008308                __subdf3
                0x000000000800830c                __adddf3
                0x000000000800830c                __aeabi_dadd
                0x0000000008008584                __aeabi_ui2d
                0x0000000008008584                __floatunsidf
                0x00000000080085a4                __floatsidf
                0x00000000080085a4                __aeabi_i2d
                0x00000000080085c8                __extendsfdf2
                0x00000000080085c8                __aeabi_f2d
                0x000000000800860c                __aeabi_ul2d
                0x000000000800860c                __floatundidf
                0x000000000800861c                __floatdidf
                0x000000000800861c                __aeabi_l2d
 .text          0x0000000008008678      0x424 /usr/gcc-arm-none-eabi-10.3-2021.07/bin/../lib/gcc/arm-none-eabi/10.3.1/thumb/v7e-m/nofp/libgcc.a(_arm_muldivdf3.o)
                0x0000000008008678                __aeabi_dmul
                0x0000000008008678                __muldf3
                0x00000000080088cc                __aeabi_ddiv
                0x00000000080088cc                __divdf3
 .text          0x0000000008008a9c      0x110 /usr/gcc-arm-none-eabi-10.3-2021.07/bin/../lib/gcc/arm-none-eabi/10.3.1/thumb/v7e-m/nofp/libgcc.a(_arm_cmpdf2.o)
                0x0000000008008a9c                __gtdf2
                0x0000000008008a9c                __gedf2
                0x0000000008008aa4                __ltdf2
                0x0000000008008aa4                __ledf2
                0x0000000008008aac                __cmpdf2
                0x0000000008008aac                __eqdf2
                0x0000000008008aac                __nedf2
                0x0000000008008b28                __aeabi_cdrcmple
                0x0000000008008b38                __aeabi_cdcmple
                0x0000000008008b38                __aeabi_cdcmpeq
                0x0000000008008b48                __aeabi_dcmpeq
                0x0000000008008b5c                __aeabi_dcmplt
                0x0000000008008b70                __aeabi_dcmple
                0x0000000008008b84                __aeabi_dcmpge
                0x0000000008008b98                __aeabi_dcmpgt
 .text          0x0000000008008bac       0x2c /usr/gcc-arm-none-eabi-10.3-2021.07/bin/../lib/gcc/arm-none-eabi/10.3.1/thumb/v7e-m/nofp/libgcc.a(_arm_unorddf2.o)
                0x0000000008008bac                __aeabi_dcmpun
                0x0000000008008bac                __unorddf2
 .text          0x0000000008008bd8       0x50 /usr/gcc-arm-none-eabi-10.3-2021.07/bin/../lib/gcc/arm-none-eabi/10.3.1/thumb/v7e-m/nofp/libgcc.a(_arm_fixdfsi.o)
                0x0000000008008bd8                __fixdfsi
                0x0000000008008bd8                __aeabi_d2iz
 .text          0x0000000008008c28       0x40 /usr/gcc-arm-none-eabi-10.3-2021.07/bin/../lib/gcc/arm-none-eabi/10.3.1/thumb/v7e-m/nofp/libgcc.a(_arm_fixunsdfsi.o)
                0x0000000008008c28                __fixunsdfsi
                0x0000000008008c28                __aeabi_d2uiz
 .text          0x0000000008008c68       0xa0 /usr/gcc-arm-none-eabi-10.3-2021.07/bin/../lib/gcc/arm-none-eabi/10.3.1/thumb/v7e-m/nofp/libgcc.a(_arm_truncdfsf2.o)
                0x0000000008008c68                __aeabi_d2f
                0x0000000008008c68                __truncdfsf2
 .text          0x0000000008008d08       0xec /usr/gcc-arm-none-eabi-10.3-2021.07/bin/../lib/gcc/arm-none-eabi/10.3.1/thumb/v7e-m/nofp/libgcc.a(_arm_cmpsf2.o)
                0x0000000008008d08                __gtsf2
                0x0000000008008d08                __gesf2
                0x0000000008008d10                __lesf2
                0x0000000008008d10                __ltsf2
                0x0000000008008d18                __nesf2
                0x0000000008008d18                __eqsf2
                0x0000000008008d18                __cmpsf2
                0x0000000008008d78                __aeabi_cfrcmple
                0x0000000008008d80                __aeabi_cfcmple
                0x0000000008008d80                __aeabi_cfcmpeq
                0x0000000008008d90                __aeabi_fcmpeq
                0x0000000008008da4                __aeabi_fcmplt
                0x0000000008008db8                __aeabi_fcmple
                0x0000000008008dcc                __aeabi_fcmpge
                0x0000000008008de0                __aeabi_fcmpgt
 .text          0x0000000008008df4       0x30 /usr/gcc-arm-none-eabi-10.3-2021.07/bin/../lib/gcc/arm-none-eabi/10.3.1/thumb/v7e-m/nofp/libgcc.a(_aeabi_uldivmod.o)
                0x0000000008008df4                __aeabi_uldivmod
 .text          0x0000000008008e24       0x34 /usr/gcc-arm-none-eabi-10.3-2021.07/bin/../lib/gcc/arm-none-eabi/10.3.1/thumb/v7e-m/nofp/libgcc.a(_fixdfdi.o)
                0x0000000008008e24                __aeabi_d2lz
                0x0000000008008e24                __fixdfdi
 .text          0x0000000008008e58       0x3c /usr/gcc-arm-none-eabi-10.3-2021.07/bin/../lib/gcc/arm-none-eabi/10.3.1/thumb/v7e-m/nofp/libgcc.a(_fixunsdfdi.o)
                0x0000000008008e58                __aeabi_d2ulz
                0x0000000008008e58                __fixunsdfdi
 .text          0x0000000008008e94      0x2d0 /usr/gcc-arm-none-eabi-10.3-2021.07/bin/../lib/gcc/arm-none-eabi/10.3.1/thumb/v7e-m/nofp/libgcc.a(_udivmoddi4.o)
                0x0000000008008e94                __udivmoddi4
 .text          0x0000000008009164        0x4 /usr/gcc-arm-none-eabi-10.3-2021.07/bin/../lib/gcc/arm-none-eabi/10.3.1/thumb/v7e-m/nofp/libgcc.a(_dvmd_tls.o)
                0x0000000008009164                __aeabi_ldiv0
                0x0000000008009164                __aeabi_idiv0
 .text          0x0000000008009168      0x21c /usr/gcc-arm-none-eabi-10.3-2021.07/bin/../lib/gcc/arm-none-eabi/10.3.1/thumb/v7e-m/nofp/libgcc.a(_arm_addsubsf3.o)
                0x0000000008009168                __aeabi_frsub
                0x0000000008009170                __subsf3
                0x0000000008009170                __aeabi_fsub
                0x0000000008009174                __aeabi_fadd
                0x0000000008009174                __addsf3
                0x00000000080092d4                __aeabi_ui2f
                0x00000000080092d4                __floatunsisf
                0x00000000080092dc                __aeabi_i2f
                0x00000000080092dc                __floatsisf
                0x00000000080092f8                __floatundisf
                0x00000000080092f8                __aeabi_ul2f
                0x0000000008009308                __floatdisf
                0x0000000008009308                __aeabi_l2f
 .text          0x0000000008009384      0x2a0 /usr/gcc-arm-none-eabi-10.3-2021.07/bin/../lib/gcc/arm-none-eabi/10.3.1/thumb/v7e-m/nofp/libgcc.a(_arm_muldivsf3.o)
                0x0000000008009384                __mulsf3
                0x0000000008009384                __aeabi_fmul
                0x00000000080094ec                __divsf3
                0x00000000080094ec                __aeabi_fdiv
 .text          0x0000000008009624       0x4c /usr/gcc-arm-none-eabi-10.3-2021.07/bin/../lib/gcc/arm-none-eabi/10.3.1/thumb/v7e-m/nofp/libgcc.a(_arm_fixsfsi.o)
                0x0000000008009624                __fixsfsi
                0x0000000008009624                __aeabi_f2iz
 .text          0x0000000008009670       0x40 /usr/gcc-arm-none-eabi-10.3-2021.07/bin/../lib/gcc/arm-none-eabi/10.3.1/thumb/v7e-m/nofp/libgcc.a(_arm_fixunssfsi.o)
                0x0000000008009670                __aeabi_f2uiz
                0x0000000008009670                __fixunssfsi
 *(.text*)
 .text._get_dev_addr
                0x00000000080096b0        0xc /tmp/loko_e5_app.8VG9Tu.ltrans0.ltrans.o
 .text.OnRadioRxError
                0x00000000080096bc       0x24 /tmp/loko_e5_app.8VG9Tu.ltrans0.ltrans.o
 .text.NvmDataMgmtEvent
                0x00000000080096e0       0x10 /tmp/loko_e5_app.8VG9Tu.ltrans0.ltrans.o
 .text.SysTimeGetMcuTime
                0x00000000080096f0       0x24 /tmp/loko_e5_app.8VG9Tu.ltrans0.ltrans.o
 .text.TIMER_IF_SetTimerContext
                0x0000000008009714       0x14 /tmp/loko_e5_app.8VG9Tu.ltrans0.ltrans.o
                0x0000000008009714                TIMER_IF_SetTimerContext
 .text.TIMER_IF_GetTimerContext
                0x0000000008009728        0xc /tmp/loko_e5_app.8VG9Tu.ltrans0.ltrans.o
                0x0000000008009728                TIMER_IF_GetTimerContext
 .text.TIMER_IF_GetTimerElapsedTime
                0x0000000008009734       0x18 /tmp/loko_e5_app.8VG9Tu.ltrans0.ltrans.o
                0x0000000008009734                TIMER_IF_GetTimerElapsedTime
 .text.TIMER_IF_GetTimerValue
                0x000000000800974c       0x18 /tmp/loko_e5_app.8VG9Tu.ltrans0.ltrans.o
                0x000000000800974c                TIMER_IF_GetTimerValue
 .text.TIMER_IF_GetMinimumTimeout
                0x0000000008009764        0x4 /tmp/loko_e5_app.8VG9Tu.ltrans0.ltrans.o
                0x0000000008009764                TIMER_IF_GetMinimumTimeout
 .text.TIMER_IF_Convert_ms2Tick
                0x0000000008009768       0x14 /tmp/loko_e5_app.8VG9Tu.ltrans0.ltrans.o
                0x0000000008009768                TIMER_IF_Convert_ms2Tick
 .text.TIMER_IF_Convert_Tick2ms
                0x000000000800977c       0x10 /tmp/loko_e5_app.8VG9Tu.ltrans0.ltrans.o
                0x000000000800977c                TIMER_IF_Convert_Tick2ms
 .text.TIMER_IF_GetTime
                0x000000000800978c       0x30 /tmp/loko_e5_app.8VG9Tu.ltrans0.ltrans.o
                0x000000000800978c                TIMER_IF_GetTime
 .text.TIMER_IF_BkUp_Write_Seconds
                0x00000000080097bc        0xc /tmp/loko_e5_app.8VG9Tu.ltrans0.ltrans.o
                0x00000000080097bc                TIMER_IF_BkUp_Write_Seconds
 .text.TIMER_IF_BkUp_Write_SubSeconds
                0x00000000080097c8        0xc /tmp/loko_e5_app.8VG9Tu.ltrans0.ltrans.o
                0x00000000080097c8                TIMER_IF_BkUp_Write_SubSeconds
 .text.TIMER_IF_BkUp_Read_Seconds
                0x00000000080097d4        0xc /tmp/loko_e5_app.8VG9Tu.ltrans0.ltrans.o
                0x00000000080097d4                TIMER_IF_BkUp_Read_Seconds
 .text.TIMER_IF_BkUp_Read_SubSeconds
                0x00000000080097e0        0xc /tmp/loko_e5_app.8VG9Tu.ltrans0.ltrans.o
                0x00000000080097e0                TIMER_IF_BkUp_Read_SubSeconds
 .text._get_ts  0x00000000080097ec        0xc /tmp/loko_e5_app.8VG9Tu.ltrans0.ltrans.o
 .text.LmhpComplianceOnMlmeConfirm.lto_priv.0
                0x00000000080097f8        0x2 /tmp/loko_e5_app.8VG9Tu.ltrans0.ltrans.o
                0x00000000080097f8                LmhpComplianceOnMlmeConfirm.lto_priv.0
 *fill*         0x00000000080097fa        0x2 
 .text._on_tx_done
                0x00000000080097fc        0xc /tmp/loko_e5_app.8VG9Tu.ltrans0.ltrans.o
 .text._get_next_sub_num_str
                0x0000000008009808       0x38 /tmp/loko_e5_app.8VG9Tu.ltrans0.ltrans.o
 .text._hex_to_dig
                0x0000000008009840       0x24 /tmp/loko_e5_app.8VG9Tu.ltrans0.ltrans.o
 .text._hex_str_to_array
                0x0000000008009864       0x26 /tmp/loko_e5_app.8VG9Tu.ltrans0.ltrans.o
 .text.copy_block
                0x000000000800988a       0x42 /tmp/loko_e5_app.8VG9Tu.ltrans0.ltrans.o
 .text.update_encrypt_key_256
                0x00000000080098cc       0xc4 /tmp/loko_e5_app.8VG9Tu.ltrans0.ltrans.o
 .text.GetKeyByID
                0x0000000008009990       0x30 /tmp/loko_e5_app.8VG9Tu.ltrans0.ltrans.o
 .text.OnProcessTimer
                0x00000000080099c0       0x14 /tmp/loko_e5_app.8VG9Tu.ltrans0.ltrans.o
 .text.LmhpComplianceIsInitialized
                0x00000000080099d4        0xc /tmp/loko_e5_app.8VG9Tu.ltrans0.ltrans.o
 .text.LmhpComplianceIsTxPending
                0x00000000080099e0        0xc /tmp/loko_e5_app.8VG9Tu.ltrans0.ltrans.o
 .text.LmhpComplianceOnMlmeIndication
                0x00000000080099ec        0x2 /tmp/loko_e5_app.8VG9Tu.ltrans0.ltrans.o
 *fill*         0x00000000080099ee        0x2 
 .text.UpdateRxSlotIdleState
                0x00000000080099f0       0x1c /tmp/loko_e5_app.8VG9Tu.ltrans0.ltrans.o
 .text._get_unique_id
                0x0000000008009a0c       0x20 /tmp/loko_e5_app.8VG9Tu.ltrans0.ltrans.o
 .text.GetMaxAppPayloadWithoutFOptsLength
                0x0000000008009a2c       0x38 /tmp/loko_e5_app.8VG9Tu.ltrans0.ltrans.o
 .text._settings_read
                0x0000000008009a64       0x10 /tmp/loko_e5_app.8VG9Tu.ltrans0.ltrans.o
 .text._settings_default_init_cb
                0x0000000008009a74       0x40 /tmp/loko_e5_app.8VG9Tu.ltrans0.ltrans.o
 .text.LmhpComplianceInit
                0x0000000008009ab4       0x50 /tmp/loko_e5_app.8VG9Tu.ltrans0.ltrans.o
 .text.OnRetransmitTimeoutTimerEvent
                0x0000000008009b04       0x30 /tmp/loko_e5_app.8VG9Tu.ltrans0.ltrans.o
 .text.PrepareRxDoneAbort
                0x0000000008009b34       0x38 /tmp/loko_e5_app.8VG9Tu.ltrans0.ltrans.o
 .text.OnRxWindow1TimerEvent
                0x0000000008009b6c       0x48 /tmp/loko_e5_app.8VG9Tu.ltrans0.ltrans.o
 .text.OnRxWindow2TimerEvent
                0x0000000008009bb4       0x50 /tmp/loko_e5_app.8VG9Tu.ltrans0.ltrans.o
 .text.LmHandlerDeviceTimeReq
                0x0000000008009c04       0x28 /tmp/loko_e5_app.8VG9Tu.ltrans0.ltrans.o
 .text._settings_write
                0x0000000008009c2c        0xc /tmp/loko_e5_app.8VG9Tu.ltrans0.ltrans.o
 .text.TIMER_IF_StopTimer
                0x0000000008009c38       0x20 /tmp/loko_e5_app.8VG9Tu.ltrans0.ltrans.o
                0x0000000008009c38                TIMER_IF_StopTimer
 .text.TIMER_IF_Init
                0x0000000008009c58       0x6c /tmp/loko_e5_app.8VG9Tu.ltrans0.ltrans.o
                0x0000000008009c58                TIMER_IF_Init
 .text.MlmeIndication
                0x0000000008009cc4       0x70 /tmp/loko_e5_app.8VG9Tu.ltrans0.ltrans.o
 .text.McpsConfirm
                0x0000000008009d34       0x54 /tmp/loko_e5_app.8VG9Tu.ltrans0.ltrans.o
 .text._log_write
                0x0000000008009d88        0x4 /tmp/loko_e5_app.8VG9Tu.ltrans0.ltrans.o
 .text._settings_erase
                0x0000000008009d8c        0x6 /tmp/loko_e5_app.8VG9Tu.ltrans0.ltrans.o
 .text._settings_save_request_cb
                0x0000000008009d92        0x4 /tmp/loko_e5_app.8VG9Tu.ltrans0.ltrans.o
 *fill*         0x0000000008009d96        0x2 
 .text._power_on_button_holding_indication
                0x0000000008009d98       0x3c /tmp/loko_e5_app.8VG9Tu.ltrans0.ltrans.o
 .text._prepare_to_sleep
                0x0000000008009dd4       0xdc /tmp/loko_e5_app.8VG9Tu.ltrans0.ltrans.o
 .text._pack_lat_lon_32
                0x0000000008009eb0       0x30 /tmp/loko_e5_app.8VG9Tu.ltrans0.ltrans.o
 .text._cmd_gtrace_erase
                0x0000000008009ee0       0x20 /tmp/loko_e5_app.8VG9Tu.ltrans0.ltrans.o
 .text._print   0x0000000008009f00       0x2a /tmp/loko_e5_app.8VG9Tu.ltrans0.ltrans.o
 *fill*         0x0000000008009f2a        0x2 
 .text._cmd_print
                0x0000000008009f2c       0xe0 /tmp/loko_e5_app.8VG9Tu.ltrans0.ltrans.o
 .text._cmd_gtrace_print
                0x000000000800a00c       0x9c /tmp/loko_e5_app.8VG9Tu.ltrans0.ltrans.o
 .text._cmd_help
                0x000000000800a0a8       0x5c /tmp/loko_e5_app.8VG9Tu.ltrans0.ltrans.o
 .text._cmd_reset
                0x000000000800a104       0x20 /tmp/loko_e5_app.8VG9Tu.ltrans0.ltrans.o
 .text._uart_data_proccess
                0x000000000800a124      0x150 /tmp/loko_e5_app.8VG9Tu.ltrans0.ltrans.o
 .text._shutdown_button_holding_indication
                0x000000000800a274       0x4c /tmp/loko_e5_app.8VG9Tu.ltrans0.ltrans.o
 .text._cmd_set_dev_eui
                0x000000000800a2c0       0x7c /tmp/loko_e5_app.8VG9Tu.ltrans0.ltrans.o
 .text._cmd_set_app_eui
                0x000000000800a33c       0x7c /tmp/loko_e5_app.8VG9Tu.ltrans0.ltrans.o
 .text._cmd_set_app_key
                0x000000000800a3b8       0x8c /tmp/loko_e5_app.8VG9Tu.ltrans0.ltrans.o
 .text._cmd_set_p2p_key
                0x000000000800a444       0x78 /tmp/loko_e5_app.8VG9Tu.ltrans0.ltrans.o
 .text.AES_CMAC_Update
                0x000000000800a4bc       0xce /tmp/loko_e5_app.8VG9Tu.ltrans0.ltrans.o
 *fill*         0x000000000800a58a        0x2 
 .text.OpenContinuousRxCWindow
                0x000000000800a58c       0x5c /tmp/loko_e5_app.8VG9Tu.ltrans0.ltrans.o
 .text.SysTimeGet
                0x000000000800a5e8       0x44 /tmp/loko_e5_app.8VG9Tu.ltrans0.ltrans.o
                0x000000000800a5e8                SysTimeGet
 .text.UTIL_TIMER_GetCurrentTime
                0x000000000800a62c        0xe /tmp/loko_e5_app.8VG9Tu.ltrans0.ltrans.o
                0x000000000800a62c                UTIL_TIMER_GetCurrentTime
 .text.UTIL_TIMER_GetElapsedTime
                0x000000000800a63a       0x1a /tmp/loko_e5_app.8VG9Tu.ltrans0.ltrans.o
                0x000000000800a63a                UTIL_TIMER_GetElapsedTime
 .text.HandleRadioRxErrorTimeout
                0x000000000800a654       0x70 /tmp/loko_e5_app.8VG9Tu.ltrans0.ltrans.o
 .text.TimerSetTimeout
                0x000000000800a6c4       0x2c /tmp/loko_e5_app.8VG9Tu.ltrans0.ltrans.o
                0x000000000800a6c4                TimerSetTimeout
 .text.TimerInsertNewHeadTimer
                0x000000000800a6f0       0x18 /tmp/loko_e5_app.8VG9Tu.ltrans0.ltrans.o
                0x000000000800a6f0                TimerInsertNewHeadTimer
 .text._sbrk    0x000000000800a708       0x40 /tmp/loko_e5_app.8VG9Tu.ltrans0.ltrans.o
                0x000000000800a708                _sbrk
 .text._log_to.lto_priv.0
                0x000000000800a748       0x10 /tmp/loko_e5_app.8VG9Tu.ltrans0.ltrans.o
                0x000000000800a748                _log_to.lto_priv.0
 .text._print_ts.lto_priv.0
                0x000000000800a758       0x3c /tmp/loko_e5_app.8VG9Tu.ltrans0.ltrans.o
                0x000000000800a758                _print_ts.lto_priv.0
 .text.log_it   0x000000000800a794       0x8c /tmp/loko_e5_app.8VG9Tu.ltrans0.ltrans.o
                0x000000000800a794                log_it
 .text._get_battery_level
                0x000000000800a820       0x58 /tmp/loko_e5_app.8VG9Tu.ltrans0.ltrans.o
 .text.OnRadioTxDone
                0x000000000800a878       0x54 /tmp/loko_e5_app.8VG9Tu.ltrans0.ltrans.o
 .text.OnRadioRxDone
                0x000000000800a8cc       0x50 /tmp/loko_e5_app.8VG9Tu.ltrans0.ltrans.o
 .text.OnRadioTxTimeout
                0x000000000800a91c       0x34 /tmp/loko_e5_app.8VG9Tu.ltrans0.ltrans.o
 .text.OnRadioRxTimeout
                0x000000000800a950       0x34 /tmp/loko_e5_app.8VG9Tu.ltrans0.ltrans.o
 .text._on_rx_data
                0x000000000800a984       0x84 /tmp/loko_e5_app.8VG9Tu.ltrans0.ltrans.o
 .text._on_tx_data
                0x000000000800aa08       0x90 /tmp/loko_e5_app.8VG9Tu.ltrans0.ltrans.o
 .text._on_restore_context_request
                0x000000000800aa98       0x28 /tmp/loko_e5_app.8VG9Tu.ltrans0.ltrans.o
 .text._on_store_context_request
                0x000000000800aac0       0x44 /tmp/loko_e5_app.8VG9Tu.ltrans0.ltrans.o
 .text._on_mac_process_notify
                0x000000000800ab04        0xc /tmp/loko_e5_app.8VG9Tu.ltrans0.ltrans.o
 .text.TIMER_IF_StartTimer
                0x000000000800ab10       0xb4 /tmp/loko_e5_app.8VG9Tu.ltrans0.ltrans.o
                0x000000000800ab10                TIMER_IF_StartTimer
 .text._switch_mode
                0x000000000800abc4       0x2c /tmp/loko_e5_app.8VG9Tu.ltrans0.ltrans.o
 .text._shutdown
                0x000000000800abf0      0x290 /tmp/loko_e5_app.8VG9Tu.ltrans0.ltrans.o
 .text._gtrace_load
                0x000000000800ae80      0x158 /tmp/loko_e5_app.8VG9Tu.ltrans0.ltrans.o
 .text._on_rx_done
                0x000000000800afd8       0x14 /tmp/loko_e5_app.8VG9Tu.ltrans0.ltrans.o
 .text._on_tx_timeout
                0x000000000800afec       0x20 /tmp/loko_e5_app.8VG9Tu.ltrans0.ltrans.o
 .text._on_rx_timeout
                0x000000000800b00c       0x14 /tmp/loko_e5_app.8VG9Tu.ltrans0.ltrans.o
 .text._on_rx_error
                0x000000000800b020       0x14 /tmp/loko_e5_app.8VG9Tu.ltrans0.ltrans.o
 .text._cmd_set_id_1
                0x000000000800b034       0x4c /tmp/loko_e5_app.8VG9Tu.ltrans0.ltrans.o
 .text._cmd_set_id_2
                0x000000000800b080       0x4c /tmp/loko_e5_app.8VG9Tu.ltrans0.ltrans.o
 .text._cmd_set_frequency
                0x000000000800b0cc       0x48 /tmp/loko_e5_app.8VG9Tu.ltrans0.ltrans.o
 .text._cmd_set_auto_wakeup_interval
                0x000000000800b114       0x48 /tmp/loko_e5_app.8VG9Tu.ltrans0.ltrans.o
 .text._cmd_erase
                0x000000000800b15c       0x7c /tmp/loko_e5_app.8VG9Tu.ltrans0.ltrans.o
 .text._cmd_gtrace_period
                0x000000000800b1d8       0x48 /tmp/loko_e5_app.8VG9Tu.ltrans0.ltrans.o
 .text._cmd_enable_lorawan
                0x000000000800b220       0x58 /tmp/loko_e5_app.8VG9Tu.ltrans0.ltrans.o
 .text._cmd_enable_p2p_enc
                0x000000000800b278       0x54 /tmp/loko_e5_app.8VG9Tu.ltrans0.ltrans.o
 .text._cmd_set_region
                0x000000000800b2cc       0x84 /tmp/loko_e5_app.8VG9Tu.ltrans0.ltrans.o
 .text._cmd_set_debug_output
                0x000000000800b350       0x4c /tmp/loko_e5_app.8VG9Tu.ltrans0.ltrans.o
 .text._cmd_set_extended_packet
                0x000000000800b39c       0x4c /tmp/loko_e5_app.8VG9Tu.ltrans0.ltrans.o
 .text._cmd_set_gnss_mode
                0x000000000800b3e8       0x4c /tmp/loko_e5_app.8VG9Tu.ltrans0.ltrans.o
 .text._cmd_set_tx_power
                0x000000000800b434       0x54 /tmp/loko_e5_app.8VG9Tu.ltrans0.ltrans.o
 .text.PrintKey
                0x000000000800b488       0xac /tmp/loko_e5_app.8VG9Tu.ltrans0.ltrans.o
 .text.xor_block.lto_priv.0
                0x000000000800b534       0x82 /tmp/loko_e5_app.8VG9Tu.ltrans0.ltrans.o
                0x000000000800b534                xor_block.lto_priv.0
 .text.copy_and_key.lto_priv.0
                0x000000000800b5b6       0x84 /tmp/loko_e5_app.8VG9Tu.ltrans0.ltrans.o
                0x000000000800b5b6                copy_and_key.lto_priv.0
 *fill*         0x000000000800b63a        0x2 
 .text.shift_sub_rows.lto_priv.0
                0x000000000800b63c       0x68 /tmp/loko_e5_app.8VG9Tu.ltrans0.ltrans.o
                0x000000000800b63c                shift_sub_rows.lto_priv.0
 .text.mix_sub_columns.lto_priv.0
                0x000000000800b6a4      0x1d4 /tmp/loko_e5_app.8VG9Tu.ltrans0.ltrans.o
                0x000000000800b6a4                mix_sub_columns.lto_priv.0
 .text.ComputeCmac.lto_priv.0
                0x000000000800b878      0x1c0 /tmp/loko_e5_app.8VG9Tu.ltrans0.ltrans.o
                0x000000000800b878                ComputeCmac.lto_priv.0
 .text.SecureElementAesEncrypt.part.0
                0x000000000800ba38       0x52 /tmp/loko_e5_app.8VG9Tu.ltrans0.ltrans.o
                0x000000000800ba38                SecureElementAesEncrypt.part.0
 *fill*         0x000000000800ba8a        0x2 
 .text.SecureElementSetKey.part.0
                0x000000000800ba8c       0x70 /tmp/loko_e5_app.8VG9Tu.ltrans0.ltrans.o
                0x000000000800ba8c                SecureElementSetKey.part.0
 .text.SecureElementDeriveAndStoreKey
                0x000000000800bafc       0x32 /tmp/loko_e5_app.8VG9Tu.ltrans0.ltrans.o
                0x000000000800bafc                SecureElementDeriveAndStoreKey
 *fill*         0x000000000800bb2e        0x2 
 .text.LoRaMacIsBusy
                0x000000000800bb30       0x28 /tmp/loko_e5_app.8VG9Tu.ltrans0.ltrans.o
                0x000000000800bb30                LoRaMacIsBusy
 .text.SwitchClass.lto_priv.0
                0x000000000800bb58       0xb8 /tmp/loko_e5_app.8VG9Tu.ltrans0.ltrans.o
                0x000000000800bb58                SwitchClass.lto_priv.0
 .text.ScheduleTx.lto_priv.0
                0x000000000800bc10     0x14f4 /tmp/loko_e5_app.8VG9Tu.ltrans0.ltrans.o
                0x000000000800bc10                ScheduleTx.lto_priv.0
 .text.OnTxDelayedTimerEvent
                0x000000000800d104       0x70 /tmp/loko_e5_app.8VG9Tu.ltrans0.ltrans.o
 .text.ResetMacParameters.lto_priv.0
                0x000000000800d174       0xe4 /tmp/loko_e5_app.8VG9Tu.ltrans0.ltrans.o
                0x000000000800d174                ResetMacParameters.lto_priv.0
 .text.LoRaMacStop
                0x000000000800d258       0x24 /tmp/loko_e5_app.8VG9Tu.ltrans0.ltrans.o
                0x000000000800d258                LoRaMacStop
 .text.LoRaMacMibGetRequestConfirm
                0x000000000800d27c      0x1a4 /tmp/loko_e5_app.8VG9Tu.ltrans0.ltrans.o
                0x000000000800d27c                LoRaMacMibGetRequestConfirm
 .text.LmHandlerJoinStatus
                0x000000000800d420       0x26 /tmp/loko_e5_app.8VG9Tu.ltrans0.ltrans.o
                0x000000000800d420                LmHandlerJoinStatus
 *fill*         0x000000000800d446        0x2 
 .text.McpsIndication
                0x000000000800d448       0x9c /tmp/loko_e5_app.8VG9Tu.ltrans0.ltrans.o
 .text.MlmeConfirm
                0x000000000800d4e4       0xe4 /tmp/loko_e5_app.8VG9Tu.ltrans0.ltrans.o
 .text.LoRaMacMibSetRequestConfirm
                0x000000000800d5c8      0x5e4 /tmp/loko_e5_app.8VG9Tu.ltrans0.ltrans.o
                0x000000000800d5c8                LoRaMacMibSetRequestConfirm
 .text.LmHandlerJoin
                0x000000000800dbac       0xbc /tmp/loko_e5_app.8VG9Tu.ltrans0.ltrans.o
 .text.lorawan_init
                0x000000000800dc68      0x730 /tmp/loko_e5_app.8VG9Tu.ltrans0.ltrans.o
 .text._on_join_request
                0x000000000800e398       0x5c /tmp/loko_e5_app.8VG9Tu.ltrans0.ltrans.o
 .text.LmHandlerSend
                0x000000000800e3f4      0x4a4 /tmp/loko_e5_app.8VG9Tu.ltrans0.ltrans.o
 .text._background_loop
                0x000000000800e898     0x13bc /tmp/loko_e5_app.8VG9Tu.ltrans0.ltrans.o
 *fill*         0x000000000800fc54        0x4 
 .text.startup.main
                0x000000000800fc58     0x1450 /tmp/loko_e5_app.8VG9Tu.ltrans0.ltrans.o
                0x000000000800fc58                main
 .text.LmhpComplianceProcess
                0x00000000080110a8       0xa0 /tmp/loko_e5_app.8VG9Tu.ltrans0.ltrans.o
 .text.LmhpComplianceOnMcpsIndication
                0x0000000008011148      0x368 /tmp/loko_e5_app.8VG9Tu.ltrans0.ltrans.o
 .text.RegionCN470A20GetBeaconChannelOffset
                0x00000000080114b0        0x8 /tmp/loko_e5_app.8VG9Tu.ltrans1.ltrans.o
                0x00000000080114b0                RegionCN470A20GetBeaconChannelOffset
 .text.RegionCN470A20InitializeChannels
                0x00000000080114b8       0x58 /tmp/loko_e5_app.8VG9Tu.ltrans1.ltrans.o
                0x00000000080114b8                RegionCN470A20InitializeChannels
 .text.RegionCN470A20InitializeChannelsMask
                0x0000000008011510       0x14 /tmp/loko_e5_app.8VG9Tu.ltrans1.ltrans.o
                0x0000000008011510                RegionCN470A20InitializeChannelsMask
 .text.RegionCN470A20GetRx1Frequency
                0x0000000008011524       0x28 /tmp/loko_e5_app.8VG9Tu.ltrans1.ltrans.o
                0x0000000008011524                RegionCN470A20GetRx1Frequency
 .text.RegionCN470A20GetDownlinkFrequency
                0x000000000801154c        0x4 /tmp/loko_e5_app.8VG9Tu.ltrans1.ltrans.o
                0x000000000801154c                RegionCN470A20GetDownlinkFrequency
 .text.RegionCN470A20GetRx2Frequency
                0x0000000008011550       0x34 /tmp/loko_e5_app.8VG9Tu.ltrans1.ltrans.o
                0x0000000008011550                RegionCN470A20GetRx2Frequency
 .text.RegionCN470B20GetBeaconChannelOffset
                0x0000000008011584        0x8 /tmp/loko_e5_app.8VG9Tu.ltrans1.ltrans.o
                0x0000000008011584                RegionCN470B20GetBeaconChannelOffset
 .text.RegionCN470B20InitializeChannels
                0x000000000801158c       0x58 /tmp/loko_e5_app.8VG9Tu.ltrans1.ltrans.o
                0x000000000801158c                RegionCN470B20InitializeChannels
 .text.RegionCN470B20InitializeChannelsMask
                0x00000000080115e4        0x4 /tmp/loko_e5_app.8VG9Tu.ltrans1.ltrans.o
                0x00000000080115e4                RegionCN470B20InitializeChannelsMask
 .text.RegionCN470B20GetRx1Frequency
                0x00000000080115e8       0x28 /tmp/loko_e5_app.8VG9Tu.ltrans1.ltrans.o
                0x00000000080115e8                RegionCN470B20GetRx1Frequency
 .text.RegionCN470B20GetDownlinkFrequency
                0x0000000008011610       0x1c /tmp/loko_e5_app.8VG9Tu.ltrans1.ltrans.o
                0x0000000008011610                RegionCN470B20GetDownlinkFrequency
 .text.RegionCN470B20GetRx2Frequency
                0x000000000801162c       0x24 /tmp/loko_e5_app.8VG9Tu.ltrans1.ltrans.o
                0x000000000801162c                RegionCN470B20GetRx2Frequency
 .text.RegionCN470A26GetDownlinkFrequency
                0x0000000008011650        0x8 /tmp/loko_e5_app.8VG9Tu.ltrans1.ltrans.o
                0x0000000008011650                RegionCN470A26GetDownlinkFrequency
 .text.RegionCN470A26GetBeaconChannelOffset
                0x0000000008011658        0x4 /tmp/loko_e5_app.8VG9Tu.ltrans1.ltrans.o
                0x0000000008011658                RegionCN470A26GetBeaconChannelOffset
 .text.RegionCN470A26InitializeChannels
                0x000000000801165c       0x2c /tmp/loko_e5_app.8VG9Tu.ltrans1.ltrans.o
                0x000000000801165c                RegionCN470A26InitializeChannels
 .text.RegionCN470A26InitializeChannelsMask
                0x0000000008011688       0x14 /tmp/loko_e5_app.8VG9Tu.ltrans1.ltrans.o
                0x0000000008011688                RegionCN470A26InitializeChannelsMask
 .text.RegionCN470A26GetRx1Frequency
                0x000000000801169c       0x20 /tmp/loko_e5_app.8VG9Tu.ltrans1.ltrans.o
                0x000000000801169c                RegionCN470A26GetRx1Frequency
 .text.RegionCN470A26GetRx2Frequency
                0x00000000080116bc        0x8 /tmp/loko_e5_app.8VG9Tu.ltrans1.ltrans.o
                0x00000000080116bc                RegionCN470A26GetRx2Frequency
 .text.RegionCN470B26GetDownlinkFrequency
                0x00000000080116c4        0x8 /tmp/loko_e5_app.8VG9Tu.ltrans1.ltrans.o
                0x00000000080116c4                RegionCN470B26GetDownlinkFrequency
 .text.RegionCN470B26InitializeChannels
                0x00000000080116cc       0x2c /tmp/loko_e5_app.8VG9Tu.ltrans1.ltrans.o
                0x00000000080116cc                RegionCN470B26InitializeChannels
 .text.RegionCN470B26InitializeChannelsMask
                0x00000000080116f8        0x4 /tmp/loko_e5_app.8VG9Tu.ltrans1.ltrans.o
                0x00000000080116f8                RegionCN470B26InitializeChannelsMask
 .text.RegionCN470B26GetRx1Frequency
                0x00000000080116fc       0x20 /tmp/loko_e5_app.8VG9Tu.ltrans1.ltrans.o
                0x00000000080116fc                RegionCN470B26GetRx1Frequency
 .text.RegionCN470B26GetRx2Frequency
                0x000000000801171c        0x8 /tmp/loko_e5_app.8VG9Tu.ltrans1.ltrans.o
                0x000000000801171c                RegionCN470B26GetRx2Frequency
 .text.RegionAlternateDr
                0x0000000008011724       0x78 /tmp/loko_e5_app.8VG9Tu.ltrans1.ltrans.o
 .text.RegionCN470A20LinkAdrChMaskUpdate
                0x000000000801179c       0x68 /tmp/loko_e5_app.8VG9Tu.ltrans1.ltrans.o
                0x000000000801179c                RegionCN470A20LinkAdrChMaskUpdate
 .text.RegionCN470B20LinkAdrChMaskUpdate
                0x0000000008011804        0x4 /tmp/loko_e5_app.8VG9Tu.ltrans1.ltrans.o
                0x0000000008011804                RegionCN470B20LinkAdrChMaskUpdate
 .text.RegionCN470B26VerifyRfFreq
                0x0000000008011808       0x30 /tmp/loko_e5_app.8VG9Tu.ltrans1.ltrans.o
                0x0000000008011808                RegionCN470B26VerifyRfFreq
 .text.RegionCN470A20VerifyRfFreq
                0x0000000008011838       0x30 /tmp/loko_e5_app.8VG9Tu.ltrans1.ltrans.o
                0x0000000008011838                RegionCN470A20VerifyRfFreq
 .text.RegionCN470A26LinkAdrChMaskUpdate
                0x0000000008011868       0x68 /tmp/loko_e5_app.8VG9Tu.ltrans1.ltrans.o
                0x0000000008011868                RegionCN470A26LinkAdrChMaskUpdate
 .text.RegionCN470B26LinkAdrChMaskUpdate
                0x00000000080118d0        0x4 /tmp/loko_e5_app.8VG9Tu.ltrans1.ltrans.o
                0x00000000080118d0                RegionCN470B26LinkAdrChMaskUpdate
 .text.RegionCN470A26VerifyRfFreq
                0x00000000080118d4       0x30 /tmp/loko_e5_app.8VG9Tu.ltrans1.ltrans.o
                0x00000000080118d4                RegionCN470A26VerifyRfFreq
 .text.RegionCN470B20VerifyRfFreq
                0x0000000008011904       0x50 /tmp/loko_e5_app.8VG9Tu.ltrans1.ltrans.o
                0x0000000008011904                RegionCN470B20VerifyRfFreq
 .text.RegionCN470B26GetBeaconChannelOffset
                0x0000000008011954        0x4 /tmp/loko_e5_app.8VG9Tu.ltrans1.ltrans.o
                0x0000000008011954                RegionCN470B26GetBeaconChannelOffset
 .text.RegionCommonComputeRxWindowParameters
                0x0000000008011958       0x52 /tmp/loko_e5_app.8VG9Tu.ltrans1.ltrans.o
 *fill*         0x00000000080119aa        0x2 
 .text.rand1    0x00000000080119ac       0x28 /tmp/loko_e5_app.8VG9Tu.ltrans1.ltrans.o
 .text.RadioGetStatus.lto_priv.0
                0x00000000080119d4       0x1c /tmp/loko_e5_app.8VG9Tu.ltrans1.ltrans.o
                0x00000000080119d4                RadioGetStatus.lto_priv.0
 .text.RadioGetWakeupTime.lto_priv.0
                0x00000000080119f0        0x4 /tmp/loko_e5_app.8VG9Tu.ltrans1.ltrans.o
                0x00000000080119f0                RadioGetWakeupTime.lto_priv.0
 .text.RadioCheckRfFrequency.lto_priv.0
                0x00000000080119f4        0x4 /tmp/loko_e5_app.8VG9Tu.ltrans1.ltrans.o
                0x00000000080119f4                RadioCheckRfFrequency.lto_priv.0
 .text.RadioTimeOnAir.lto_priv.0
                0x00000000080119f8       0xec /tmp/loko_e5_app.8VG9Tu.ltrans1.ltrans.o
                0x00000000080119f8                RadioTimeOnAir.lto_priv.0
 .text.RadioOnTxTimeoutIrq
                0x0000000008011ae4       0x14 /tmp/loko_e5_app.8VG9Tu.ltrans1.ltrans.o
 .text.RadioOnRxTimeoutIrq
                0x0000000008011af8       0x14 /tmp/loko_e5_app.8VG9Tu.ltrans1.ltrans.o
 .text.SUBGRF_GetFskBandwidthRegValue
                0x0000000008011b0c       0x28 /tmp/loko_e5_app.8VG9Tu.ltrans1.ltrans.o
 .text.ADC_DMAError
                0x0000000008011b34       0x14 /tmp/loko_e5_app.8VG9Tu.ltrans1.ltrans.o
 .text.LL_RCC_HSE_IsEnabledDiv2.lto_priv.0
                0x0000000008011b48        0xc /tmp/loko_e5_app.8VG9Tu.ltrans1.ltrans.o
 .text.LL_RCC_MSI_IsEnabledRangeSelect.lto_priv.0
                0x0000000008011b54        0xc /tmp/loko_e5_app.8VG9Tu.ltrans1.ltrans.o
 .text.ADC_DMAConvCplt
                0x0000000008011b60       0x70 /tmp/loko_e5_app.8VG9Tu.ltrans1.ltrans.o
 .text.ADC_DMAHalfConvCplt
                0x0000000008011bd0        0x2 /tmp/loko_e5_app.8VG9Tu.ltrans1.ltrans.o
 *fill*         0x0000000008011bd2        0x2 
 .text.DMA_CalcDMAMUXChannelBaseAndMask
                0x0000000008011bd4       0x4c /tmp/loko_e5_app.8VG9Tu.ltrans1.ltrans.o
 .text.HAL_GPIO_Init.constprop.0
                0x0000000008011c20      0x134 /tmp/loko_e5_app.8VG9Tu.ltrans1.ltrans.o
 .text.SUBGRF_ReadRegister
                0x0000000008011d54       0x16 /tmp/loko_e5_app.8VG9Tu.ltrans1.ltrans.o
 .text.SUBGRF_WriteRegister
                0x0000000008011d6a       0x16 /tmp/loko_e5_app.8VG9Tu.ltrans1.ltrans.o
 .text.SUBGRF_SetWhiteningSeed
                0x0000000008011d80       0x38 /tmp/loko_e5_app.8VG9Tu.ltrans1.ltrans.o
 .text.Radio_SMPS_Set
                0x0000000008011db8       0x1e /tmp/loko_e5_app.8VG9Tu.ltrans1.ltrans.o
 .text.SUBGRF_SetSwitch
                0x0000000008011dd6       0x2c /tmp/loko_e5_app.8VG9Tu.ltrans1.ltrans.o
 .text.SUBGRF_WriteCommand
                0x0000000008011e02        0xc /tmp/loko_e5_app.8VG9Tu.ltrans1.ltrans.o
 *fill*         0x0000000008011e0e        0x2 
 .text.SUBGRF_SetTx
                0x0000000008011e10       0x2c /tmp/loko_e5_app.8VG9Tu.ltrans1.ltrans.o
 .text.SUBGRF_SetRx
                0x0000000008011e3c       0x2c /tmp/loko_e5_app.8VG9Tu.ltrans1.ltrans.o
 .text.SUBGRF_SetStopRxTimerOnPreambleDetect
                0x0000000008011e68       0x18 /tmp/loko_e5_app.8VG9Tu.ltrans1.ltrans.o
 .text.SUBGRF_SetLoRaSymbNumTimeout
                0x0000000008011e80       0x30 /tmp/loko_e5_app.8VG9Tu.ltrans1.ltrans.o
 .text.SUBGRF_SetRfFrequency
                0x0000000008011eb0       0xb8 /tmp/loko_e5_app.8VG9Tu.ltrans1.ltrans.o
 .text.RadioSetChannel.lto_priv.0
                0x0000000008011f68        0x4 /tmp/loko_e5_app.8VG9Tu.ltrans1.ltrans.o
                0x0000000008011f68                RadioSetChannel.lto_priv.0
 .text.SUBGRF_SetPacketType
                0x0000000008011f6c       0x2c /tmp/loko_e5_app.8VG9Tu.ltrans1.ltrans.o
 .text.RadioSetModem.lto_priv.0
                0x0000000008011f98       0x44 /tmp/loko_e5_app.8VG9Tu.ltrans1.ltrans.o
                0x0000000008011f98                RadioSetModem.lto_priv.0
 .text.RadioSetPublicNetwork.lto_priv.0
                0x0000000008011fdc       0x3c /tmp/loko_e5_app.8VG9Tu.ltrans1.ltrans.o
                0x0000000008011fdc                RadioSetPublicNetwork.lto_priv.0
 .text.SUBGRF_SetModulationParams.constprop.0
                0x0000000008012018      0x104 /tmp/loko_e5_app.8VG9Tu.ltrans1.ltrans.o
 .text.SUBGRF_SetStandby.constprop.0
                0x000000000801211c       0x30 /tmp/loko_e5_app.8VG9Tu.ltrans1.ltrans.o
 .text.RadioStandby.lto_priv.0
                0x000000000801214c        0x4 /tmp/loko_e5_app.8VG9Tu.ltrans1.ltrans.o
                0x000000000801214c                RadioStandby.lto_priv.0
 .text.SUBGRF_SetDioIrqParams.constprop.0
                0x0000000008012150       0x38 /tmp/loko_e5_app.8VG9Tu.ltrans1.ltrans.o
 .text.RadioRandom.lto_priv.0
                0x0000000008012188       0x72 /tmp/loko_e5_app.8VG9Tu.ltrans1.ltrans.o
                0x0000000008012188                RadioRandom.lto_priv.0
 *fill*         0x00000000080121fa        0x2 
 .text.RadioRx.lto_priv.0
                0x00000000080121fc       0x48 /tmp/loko_e5_app.8VG9Tu.ltrans1.ltrans.o
                0x00000000080121fc                RadioRx.lto_priv.0
 .text.SUBGRF_SetPaConfig.constprop.0
                0x0000000008012244       0x26 /tmp/loko_e5_app.8VG9Tu.ltrans1.ltrans.o
 .text.SUBGRF_SetTxParams
                0x000000000801226a       0x7a /tmp/loko_e5_app.8VG9Tu.ltrans1.ltrans.o
 .text.SUBGRF_SetRfTxPower
                0x00000000080122e4       0x10 /tmp/loko_e5_app.8VG9Tu.ltrans1.ltrans.o
 .text.RadioSetTxContinuousWave.lto_priv.0
                0x00000000080122f4       0x3c /tmp/loko_e5_app.8VG9Tu.ltrans1.ltrans.o
                0x00000000080122f4                RadioSetTxContinuousWave.lto_priv.0
 .text.SUBGRF_ReadCommand
                0x0000000008012330        0xc /tmp/loko_e5_app.8VG9Tu.ltrans1.ltrans.o
 .text.LoRaMacClassBHaltBeaconing
                0x000000000801233c        0x2 /tmp/loko_e5_app.8VG9Tu.ltrans1.ltrans.o
                0x000000000801233c                LoRaMacClassBHaltBeaconing
                0x000000000801233c                SystemInit
 *fill*         0x000000000801233e        0x2 
 .text.LoRaMacConfirmQueueSetStatus
                0x0000000008012340       0x24 /tmp/loko_e5_app.8VG9Tu.ltrans1.ltrans.o
                0x0000000008012340                LoRaMacConfirmQueueSetStatus
 .text.LoRaMacConfirmQueueSetStatusCmn
                0x0000000008012364       0x34 /tmp/loko_e5_app.8VG9Tu.ltrans1.ltrans.o
                0x0000000008012364                LoRaMacConfirmQueueSetStatusCmn
 .text.LoRaMacConfirmQueueIsCmdActive
                0x0000000008012398       0x18 /tmp/loko_e5_app.8VG9Tu.ltrans1.ltrans.o
                0x0000000008012398                LoRaMacConfirmQueueIsCmdActive
 .text.PayloadEncrypt.lto_priv.0
                0x00000000080123b0       0xc0 /tmp/loko_e5_app.8VG9Tu.ltrans1.ltrans.o
                0x00000000080123b0                PayloadEncrypt.lto_priv.0
 .text.DeriveSessionKey10x.lto_priv.0
                0x0000000008012470       0x4c /tmp/loko_e5_app.8VG9Tu.ltrans1.ltrans.o
                0x0000000008012470                DeriveSessionKey10x.lto_priv.0
 .text.LoRaMacCryptoDeriveMcKEKey.part.0
                0x00000000080124bc       0x22 /tmp/loko_e5_app.8VG9Tu.ltrans1.ltrans.o
                0x00000000080124bc                LoRaMacCryptoDeriveMcKEKey.part.0
 *fill*         0x00000000080124de        0x2 
 .text.LoRaMacCryptoSetKey
                0x00000000080124e0       0x2c /tmp/loko_e5_app.8VG9Tu.ltrans1.ltrans.o
                0x00000000080124e0                LoRaMacCryptoSetKey
 .text.randr    0x000000000801250c       0x1a /tmp/loko_e5_app.8VG9Tu.ltrans1.ltrans.o
                0x000000000801250c                randr
 *fill*         0x0000000008012526        0x2 
 .text.VerifyRfFreq.lto_priv.0
                0x0000000008012528       0x24 /tmp/loko_e5_app.8VG9Tu.ltrans1.ltrans.o
                0x0000000008012528                VerifyRfFreq.lto_priv.0
 .text.VerifyRfFreq.lto_priv.1.lto_priv.0
                0x000000000801254c       0x38 /tmp/loko_e5_app.8VG9Tu.ltrans1.ltrans.o
                0x000000000801254c                VerifyRfFreq.lto_priv.1.lto_priv.0
                0x000000000801254c                VerifyRfFreq.lto_priv.9.lto_priv.0
 .text.VerifyRfFreq.lto_priv.2
                0x0000000008012584       0x1c /tmp/loko_e5_app.8VG9Tu.ltrans1.ltrans.o
                0x0000000008012584                VerifyRfFreq.lto_priv.2
 .text.VerifyRfFreq.lto_priv.3
                0x00000000080125a0       0x24 /tmp/loko_e5_app.8VG9Tu.ltrans1.ltrans.o
                0x00000000080125a0                VerifyRfFreq.lto_priv.3
 .text.RegionCommonChanDisable
                0x00000000080125c4       0x32 /tmp/loko_e5_app.8VG9Tu.ltrans1.ltrans.o
                0x00000000080125c4                RegionCommonChanDisable
 .text.RegionCommonChanMaskCopy
                0x00000000080125f6       0x1e /tmp/loko_e5_app.8VG9Tu.ltrans1.ltrans.o
                0x00000000080125f6                RegionCommonChanMaskCopy
 .text.RegionCommonParseLinkAdrReq
                0x0000000008012614       0x34 /tmp/loko_e5_app.8VG9Tu.ltrans1.ltrans.o
                0x0000000008012614                RegionCommonParseLinkAdrReq
 .text.RegionCommonComputeTxPower
                0x0000000008012648       0x2a /tmp/loko_e5_app.8VG9Tu.ltrans1.ltrans.o
                0x0000000008012648                RegionCommonComputeTxPower
 *fill*         0x0000000008012672        0x2 
 .text.RegionCommonGetBandwidth
                0x0000000008012674       0x24 /tmp/loko_e5_app.8VG9Tu.ltrans1.ltrans.o
                0x0000000008012674                RegionCommonGetBandwidth
 .text.GetTimeOnAir.lto_priv.0.lto_priv.0
                0x0000000008012698       0x4c /tmp/loko_e5_app.8VG9Tu.ltrans1.ltrans.o
                0x0000000008012698                GetTimeOnAir.lto_priv.8.lto_priv.0
                0x0000000008012698                GetTimeOnAir.lto_priv.6.lto_priv.0
                0x0000000008012698                GetTimeOnAir.lto_priv.3.lto_priv.0
                0x0000000008012698                GetTimeOnAir.lto_priv.0.lto_priv.0
                0x0000000008012698                GetTimeOnAir.lto_priv.5.lto_priv.0
                0x0000000008012698                GetTimeOnAir.lto_priv.4.lto_priv.0
 .text.RegionAS923ComputeRxWindowParameters
                0x00000000080126e4       0x5c /tmp/loko_e5_app.8VG9Tu.ltrans1.ltrans.o
 .text.RegionComputeRxWindowParameters
                0x0000000008012740      0x118 /tmp/loko_e5_app.8VG9Tu.ltrans1.ltrans.o
                0x0000000008012740                RegionComputeRxWindowParameters
 .text.GetTimeOnAir.lto_priv.1
                0x0000000008012858       0x34 /tmp/loko_e5_app.8VG9Tu.ltrans1.ltrans.o
                0x0000000008012858                GetTimeOnAir.lto_priv.1
 .text.GetTimeOnAir.lto_priv.2
                0x000000000801288c       0x34 /tmp/loko_e5_app.8VG9Tu.ltrans1.ltrans.o
                0x000000000801288c                GetTimeOnAir.lto_priv.2
 .text.RegionCommonRxConfigPrint
                0x00000000080128c0       0x3c /tmp/loko_e5_app.8VG9Tu.ltrans1.ltrans.o
                0x00000000080128c0                RegionCommonRxConfigPrint
 .text.RegionCommonTxConfigPrint
                0x00000000080128fc       0x10 /tmp/loko_e5_app.8VG9Tu.ltrans1.ltrans.o
                0x00000000080128fc                RegionCommonTxConfigPrint
 .text.RegionCommonChanVerifyDr.part.0
                0x000000000801290c       0x54 /tmp/loko_e5_app.8VG9Tu.ltrans1.ltrans.o
                0x000000000801290c                RegionCommonChanVerifyDr.part.0
 .text.RegionCommonGetNextLowerTxDr
                0x0000000008012960       0x34 /tmp/loko_e5_app.8VG9Tu.ltrans1.ltrans.o
 .text.RegionAS923GetPhyParam
                0x0000000008012994      0x170 /tmp/loko_e5_app.8VG9Tu.ltrans1.ltrans.o
                0x0000000008012994                RegionAS923GetPhyParam
 .text.RegionAU915GetPhyParam
                0x0000000008012b04      0x184 /tmp/loko_e5_app.8VG9Tu.ltrans1.ltrans.o
                0x0000000008012b04                RegionAU915GetPhyParam
 .text.RegionCN470GetPhyParam
                0x0000000008012c88      0x20c /tmp/loko_e5_app.8VG9Tu.ltrans1.ltrans.o
                0x0000000008012c88                RegionCN470GetPhyParam
 .text.RegionGetPhyParam
                0x0000000008012e94      0x788 /tmp/loko_e5_app.8VG9Tu.ltrans1.ltrans.o
                0x0000000008012e94                RegionGetPhyParam
 .text.VerifyRfFreq.lto_priv.4
                0x000000000801361c       0x24 /tmp/loko_e5_app.8VG9Tu.ltrans1.ltrans.o
                0x000000000801361c                VerifyRfFreq.lto_priv.4
 .text.VerifyRfFreq.lto_priv.5
                0x0000000008013640       0x94 /tmp/loko_e5_app.8VG9Tu.ltrans1.ltrans.o
                0x0000000008013640                VerifyRfFreq.lto_priv.5
 .text.VerifyRfFreq.lto_priv.6
                0x00000000080136d4       0x24 /tmp/loko_e5_app.8VG9Tu.ltrans1.ltrans.o
                0x00000000080136d4                VerifyRfFreq.lto_priv.6
 .text.VerifyRfFreq.lto_priv.7
                0x00000000080136f8       0x38 /tmp/loko_e5_app.8VG9Tu.ltrans1.ltrans.o
                0x00000000080136f8                VerifyRfFreq.lto_priv.7
 .text.GetTimeOnAir.lto_priv.7
                0x0000000008013730       0x34 /tmp/loko_e5_app.8VG9Tu.ltrans1.ltrans.o
                0x0000000008013730                GetTimeOnAir.lto_priv.7
 .text.VerifyRfFreq.lto_priv.8
                0x0000000008013764       0x24 /tmp/loko_e5_app.8VG9Tu.ltrans1.ltrans.o
                0x0000000008013764                VerifyRfFreq.lto_priv.8
 .text.RegionVerify
                0x0000000008013788      0x310 /tmp/loko_e5_app.8VG9Tu.ltrans1.ltrans.o
                0x0000000008013788                RegionVerify
 .text.LoRaMacTestSetDutyCycleOn
                0x0000000008013a98       0x24 /tmp/loko_e5_app.8VG9Tu.ltrans1.ltrans.o
                0x0000000008013a98                LoRaMacTestSetDutyCycleOn
 .text.GetTimeOnAir.lto_priv.9
                0x0000000008013abc       0x34 /tmp/loko_e5_app.8VG9Tu.ltrans1.ltrans.o
                0x0000000008013abc                GetTimeOnAir.lto_priv.9
 .text.memcpy1  0x0000000008013af0       0x14 /tmp/loko_e5_app.8VG9Tu.ltrans1.ltrans.o
                0x0000000008013af0                memcpy1
 .text.LoRaMacCommandsAddCmd
                0x0000000008013b04       0xa0 /tmp/loko_e5_app.8VG9Tu.ltrans1.ltrans.o
                0x0000000008013b04                LoRaMacCommandsAddCmd
 .text.LoRaMacCommandsSerializeCmds
                0x0000000008013ba4       0x60 /tmp/loko_e5_app.8VG9Tu.ltrans1.ltrans.o
                0x0000000008013ba4                LoRaMacCommandsSerializeCmds
 .text.LoRaMacParserData
                0x0000000008013c04       0xb2 /tmp/loko_e5_app.8VG9Tu.ltrans1.ltrans.o
                0x0000000008013c04                LoRaMacParserData
 *fill*         0x0000000008013cb6        0x2 
 .text.RegionInitDefaults
                0x0000000008013cb8      0x66c /tmp/loko_e5_app.8VG9Tu.ltrans1.ltrans.o
                0x0000000008013cb8                RegionInitDefaults
 .text.LoRaMacAdrCalcNext
                0x0000000008014324       0xda /tmp/loko_e5_app.8VG9Tu.ltrans1.ltrans.o
                0x0000000008014324                LoRaMacAdrCalcNext
 *fill*         0x00000000080143fe        0x2 
 .text.RegionAS923ChannelAdd
                0x0000000008014400       0x84 /tmp/loko_e5_app.8VG9Tu.ltrans1.ltrans.o
                0x0000000008014400                RegionAS923ChannelAdd
 .text.RegionCN779ChannelAdd
                0x0000000008014484       0x84 /tmp/loko_e5_app.8VG9Tu.ltrans1.ltrans.o
                0x0000000008014484                RegionCN779ChannelAdd
 .text.RegionEU433ChannelAdd
                0x0000000008014508       0x84 /tmp/loko_e5_app.8VG9Tu.ltrans1.ltrans.o
                0x0000000008014508                RegionEU433ChannelAdd
 .text.RegionEU868ChannelAdd
                0x000000000801458c       0x94 /tmp/loko_e5_app.8VG9Tu.ltrans1.ltrans.o
                0x000000000801458c                RegionEU868ChannelAdd
 .text.RegionIN865ChannelAdd
                0x0000000008014620       0x84 /tmp/loko_e5_app.8VG9Tu.ltrans1.ltrans.o
                0x0000000008014620                RegionIN865ChannelAdd
 .text.RegionKR920ChannelAdd
                0x00000000080146a4       0x90 /tmp/loko_e5_app.8VG9Tu.ltrans1.ltrans.o
                0x00000000080146a4                RegionKR920ChannelAdd
 .text.RegionRU864ChannelAdd
                0x0000000008014734       0x84 /tmp/loko_e5_app.8VG9Tu.ltrans1.ltrans.o
                0x0000000008014734                RegionRU864ChannelAdd
 .text.memset1  0x00000000080147b8        0x4 /tmp/loko_e5_app.8VG9Tu.ltrans1.ltrans.o
                0x00000000080147b8                memset1
 .text.LoRaMacMlmeRequest
                0x00000000080147bc      0x1e8 /tmp/loko_e5_app.8VG9Tu.ltrans1.ltrans.o
                0x00000000080147bc                LoRaMacMlmeRequest
 .text.Crc32.part.0
                0x00000000080149a4       0x30 /tmp/loko_e5_app.8VG9Tu.ltrans1.ltrans.o
                0x00000000080149a4                Crc32.part.0
 .text._lock.lto_priv.0
                0x00000000080149d4        0x2 /tmp/loko_e5_app.8VG9Tu.ltrans1.ltrans.o
                0x00000000080149d4                _lock.lto_priv.0
 .text._unlock.lto_priv.0
                0x00000000080149d6        0x2 /tmp/loko_e5_app.8VG9Tu.ltrans1.ltrans.o
                0x00000000080149d6                _unlock.lto_priv.0
 .text._save_request.lto_priv.0
                0x00000000080149d8       0x10 /tmp/loko_e5_app.8VG9Tu.ltrans1.ltrans.o
                0x00000000080149d8                _save_request.lto_priv.0
 .text.settings_save
                0x00000000080149e8       0xec /tmp/loko_e5_app.8VG9Tu.ltrans1.ltrans.o
                0x00000000080149e8                settings_save
 .text.settings_get_lora_app_key
                0x0000000008014ad4       0x18 /tmp/loko_e5_app.8VG9Tu.ltrans1.ltrans.o
                0x0000000008014ad4                settings_get_lora_app_key
 .text.SUBGRF_WriteRegisters
                0x0000000008014aec        0xc /tmp/loko_e5_app.8VG9Tu.ltrans1.ltrans.o
                0x0000000008014aec                SUBGRF_WriteRegisters
 .text.SUBGRF_SetCrcSeed
                0x0000000008014af8       0x28 /tmp/loko_e5_app.8VG9Tu.ltrans1.ltrans.o
 .text.SUBGRF_SetCrcPolynomial
                0x0000000008014b20       0x28 /tmp/loko_e5_app.8VG9Tu.ltrans1.ltrans.o
 .text.SUBGRF_SetPacketParams.constprop.0
                0x0000000008014b48       0xf0 /tmp/loko_e5_app.8VG9Tu.ltrans1.ltrans.o
 .text.RadioSetRxConfig.lto_priv.0
                0x0000000008014c38      0x27c /tmp/loko_e5_app.8VG9Tu.ltrans1.ltrans.o
                0x0000000008014c38                RadioSetRxConfig.lto_priv.0
 .text.RadioSetTxConfig.lto_priv.0
                0x0000000008014eb4      0x14c /tmp/loko_e5_app.8VG9Tu.ltrans1.ltrans.o
                0x0000000008014eb4                RadioSetTxConfig.lto_priv.0
 .text.RadioSetMaxPayloadLength.lto_priv.0
                0x0000000008015000       0x28 /tmp/loko_e5_app.8VG9Tu.ltrans1.ltrans.o
                0x0000000008015000                RadioSetMaxPayloadLength.lto_priv.0
 .text.__NVIC_SystemReset.lto_priv.0
                0x0000000008015028       0x24 /tmp/loko_e5_app.8VG9Tu.ltrans1.ltrans.o
                0x0000000008015028                __NVIC_SystemReset.lto_priv.0
 .text.bsp_fatal_error
                0x000000000801504c       0x40 /tmp/loko_e5_app.8VG9Tu.ltrans1.ltrans.o
                0x000000000801504c                bsp_fatal_error
 .text.LL_RCC_LSE_IsReady.lto_priv.0.lto_priv.0
                0x000000000801508c        0xe /tmp/loko_e5_app.8VG9Tu.ltrans1.ltrans.o
                0x000000000801508c                LL_RCC_LSE_IsReady.lto_priv.2
                0x000000000801508c                LL_RCC_LSE_IsReady.lto_priv.1.lto_priv.0
                0x000000000801508c                LL_RCC_LSE_IsReady.lto_priv.0.lto_priv.0
 *fill*         0x000000000801509a        0x2 
 .text.bsp_clock_switch
                0x000000000801509c       0x90 /tmp/loko_e5_app.8VG9Tu.ltrans1.ltrans.o
                0x000000000801509c                bsp_clock_switch
 .text._flash_write.lto_priv.0
                0x000000000801512c       0x80 /tmp/loko_e5_app.8VG9Tu.ltrans1.ltrans.o
                0x000000000801512c                _flash_write.lto_priv.0
 .text.bsp_flash_gnss_trace_erase
                0x00000000080151ac       0x18 /tmp/loko_e5_app.8VG9Tu.ltrans1.ltrans.o
                0x00000000080151ac                bsp_flash_gnss_trace_erase
 .text.bsp_flash_lorawan_nvm_erase
                0x00000000080151c4        0x6 /tmp/loko_e5_app.8VG9Tu.ltrans1.ltrans.o
                0x00000000080151c4                bsp_flash_lorawan_nvm_erase
 .text.LL_AHB2_GRP1_EnableClock.lto_priv.0.lto_priv.0
                0x00000000080151ca       0x18 /tmp/loko_e5_app.8VG9Tu.ltrans1.ltrans.o
                0x00000000080151ca                LL_AHB2_GRP1_EnableClock.lto_priv.0.lto_priv.0
                0x00000000080151ca                LL_AHB2_GRP1_EnableClock.lto_priv.1.lto_priv.0
 *fill*         0x00000000080151e2        0x2 
 .text.bsp_battery_measure
                0x00000000080151e4      0x7e4 /tmp/loko_e5_app.8VG9Tu.ltrans1.ltrans.o
                0x00000000080151e4                bsp_battery_measure
 .text.bsp_gpio_is_button_pressed
                0x00000000080159c8        0xc /tmp/loko_e5_app.8VG9Tu.ltrans1.ltrans.o
                0x00000000080159c8                bsp_gpio_is_button_pressed
 .text.bsp_gpio_is_usb_charger_connect
                0x00000000080159d4       0x10 /tmp/loko_e5_app.8VG9Tu.ltrans1.ltrans.o
                0x00000000080159d4                bsp_gpio_is_usb_charger_connect
 .text.bsp_get_start_reason
                0x00000000080159e4       0x60 /tmp/loko_e5_app.8VG9Tu.ltrans1.ltrans.o
                0x00000000080159e4                bsp_get_start_reason
 .text.bsp_uart_debug_write
                0x0000000008015a44       0x24 /tmp/loko_e5_app.8VG9Tu.ltrans1.ltrans.o
                0x0000000008015a44                bsp_uart_debug_write
 .text.HAL_PWR_EnableWakeUpPin
                0x0000000008015a68       0x20 /tmp/loko_e5_app.8VG9Tu.ltrans1.ltrans.o
                0x0000000008015a68                HAL_PWR_EnableWakeUpPin
 .text.RTC_ByteToBcd2
                0x0000000008015a88       0x16 /tmp/loko_e5_app.8VG9Tu.ltrans1.ltrans.o
                0x0000000008015a88                RTC_ByteToBcd2
 *fill*         0x0000000008015a9e        0x2 
 .text.LL_PWR_UnselectSUBGHZSPI_NSS.lto_priv.0
                0x0000000008015aa0       0x14 /tmp/loko_e5_app.8VG9Tu.ltrans1.ltrans.o
                0x0000000008015aa0                LL_PWR_UnselectSUBGHZSPI_NSS.lto_priv.0
 .text.LL_PWR_SelectSUBGHZSPI_NSS.lto_priv.0
                0x0000000008015ab4       0x14 /tmp/loko_e5_app.8VG9Tu.ltrans1.ltrans.o
                0x0000000008015ab4                LL_PWR_SelectSUBGHZSPI_NSS.lto_priv.0
 .text.RadioIrqProcess.lto_priv.0
                0x0000000008015ac8      0x3e8 /tmp/loko_e5_app.8VG9Tu.ltrans1.ltrans.o
                0x0000000008015ac8                RadioIrqProcess.lto_priv.0
 .text.RadioOnDioIrq
                0x0000000008015eb0       0x10 /tmp/loko_e5_app.8VG9Tu.ltrans1.ltrans.o
 .text.SUBGRF_SendPayload
                0x0000000008015ec0       0x64 /tmp/loko_e5_app.8VG9Tu.ltrans1.ltrans.o
 .text.RadioSend.lto_priv.0
                0x0000000008015f24      0x168 /tmp/loko_e5_app.8VG9Tu.ltrans1.ltrans.o
                0x0000000008015f24                RadioSend.lto_priv.0
 .text.HAL_Delay
                0x000000000801608c       0x18 /tmp/loko_e5_app.8VG9Tu.ltrans1.ltrans.o
                0x000000000801608c                HAL_Delay
 .text.RadioIsChannelFree.lto_priv.0
                0x00000000080160a4       0x86 /tmp/loko_e5_app.8VG9Tu.ltrans1.ltrans.o
                0x00000000080160a4                RadioIsChannelFree.lto_priv.0
 *fill*         0x000000000801612a        0x2 
 .text.RadioSleep.lto_priv.0
                0x000000000801612c       0x3c /tmp/loko_e5_app.8VG9Tu.ltrans1.ltrans.o
                0x000000000801612c                RadioSleep.lto_priv.0
 .text.RadioInit.lto_priv.0
                0x0000000008016168      0x218 /tmp/loko_e5_app.8VG9Tu.ltrans1.ltrans.o
                0x0000000008016168                RadioInit.lto_priv.0
 .text.LL_GPIO_SetPinMode.lto_priv.0
                0x0000000008016380       0x2c /tmp/loko_e5_app.8VG9Tu.ltrans1.ltrans.o
                0x0000000008016380                LL_GPIO_SetPinMode.lto_priv.0
 .text.RCC_GetSystemClockFreq.lto_priv.0
                0x00000000080163ac      0x144 /tmp/loko_e5_app.8VG9Tu.ltrans1.ltrans.o
                0x00000000080163ac                RCC_GetSystemClockFreq.lto_priv.0
 .text.NMI_Handler
                0x00000000080164f0       0x18 /tmp/loko_e5_app.8VG9Tu.ltrans1.ltrans.o
                0x00000000080164f0                NMI_Handler
 .text.HardFault_Handler
                0x0000000008016508       0x18 /tmp/loko_e5_app.8VG9Tu.ltrans1.ltrans.o
                0x0000000008016508                HardFault_Handler
 .text.MemManage_Handler
                0x0000000008016520       0x18 /tmp/loko_e5_app.8VG9Tu.ltrans1.ltrans.o
                0x0000000008016520                MemManage_Handler
 .text.BusFault_Handler
                0x0000000008016538       0x18 /tmp/loko_e5_app.8VG9Tu.ltrans1.ltrans.o
                0x0000000008016538                BusFault_Handler
 .text.UsageFault_Handler
                0x0000000008016550       0x18 /tmp/loko_e5_app.8VG9Tu.ltrans1.ltrans.o
                0x0000000008016550                UsageFault_Handler
 .text.SVC_Handler
                0x0000000008016568        0x2 /tmp/loko_e5_app.8VG9Tu.ltrans1.ltrans.o
                0x0000000008016568                SVC_Handler
 .text.DebugMon_Handler
                0x000000000801656a        0x2 /tmp/loko_e5_app.8VG9Tu.ltrans1.ltrans.o
                0x000000000801656a                DebugMon_Handler
 .text.PendSV_Handler
                0x000000000801656c        0x2 /tmp/loko_e5_app.8VG9Tu.ltrans1.ltrans.o
                0x000000000801656c                PendSV_Handler
 *fill*         0x000000000801656e        0x2 
 .text.SysTick_Handler
                0x0000000008016570       0x10 /tmp/loko_e5_app.8VG9Tu.ltrans1.ltrans.o
                0x0000000008016570                SysTick_Handler
 .text.DMA1_Channel1_IRQHandler
                0x0000000008016580        0x2 /tmp/loko_e5_app.8VG9Tu.ltrans1.ltrans.o
                0x0000000008016580                DMA1_Channel1_IRQHandler
 *fill*         0x0000000008016582        0x2 
 .text.DMA1_Channel2_IRQHandler
                0x0000000008016584       0xb4 /tmp/loko_e5_app.8VG9Tu.ltrans1.ltrans.o
                0x0000000008016584                DMA1_Channel2_IRQHandler
 .text.DMA1_Channel3_IRQHandler
                0x0000000008016638        0x2 /tmp/loko_e5_app.8VG9Tu.ltrans1.ltrans.o
                0x0000000008016638                DMA1_Channel3_IRQHandler
 *fill*         0x000000000801663a        0x2 
 .text.SUBGHZ_Radio_IRQHandler
                0x000000000801663c       0xa4 /tmp/loko_e5_app.8VG9Tu.ltrans1.ltrans.o
                0x000000000801663c                SUBGHZ_Radio_IRQHandler
 .text.USART1_IRQHandler
                0x00000000080166e0       0x88 /tmp/loko_e5_app.8VG9Tu.ltrans1.ltrans.o
                0x00000000080166e0                USART1_IRQHandler
 .text.LPUART1_IRQHandler
                0x0000000008016768       0x88 /tmp/loko_e5_app.8VG9Tu.ltrans1.ltrans.o
                0x0000000008016768                LPUART1_IRQHandler
 .text.TAMP_STAMP_LSECSS_SSRU_IRQHandler
                0x00000000080167f0        0x2 /tmp/loko_e5_app.8VG9Tu.ltrans1.ltrans.o
                0x00000000080167f0                TAMP_STAMP_LSECSS_SSRU_IRQHandler
 *fill*         0x00000000080167f2        0x2 
 .text.RTC_Alarm_IRQHandler
                0x00000000080167f4       0xbc /tmp/loko_e5_app.8VG9Tu.ltrans1.ltrans.o
                0x00000000080167f4                RTC_Alarm_IRQHandler
 .text.WWDG_IRQHandler
                0x00000000080168b0        0x2 /tmp/loko_e5_app.8VG9Tu.ltrans1.ltrans.o
                0x00000000080168b0                WWDG_IRQHandler
 .text.PVD_PVM_IRQHandler
                0x00000000080168b2        0x2 /tmp/loko_e5_app.8VG9Tu.ltrans1.ltrans.o
                0x00000000080168b2                PVD_PVM_IRQHandler
 .text.RTC_WKUP_IRQHandler
                0x00000000080168b4        0x2 /tmp/loko_e5_app.8VG9Tu.ltrans1.ltrans.o
                0x00000000080168b4                RTC_WKUP_IRQHandler
 .text.FLASH_IRQHandler
                0x00000000080168b6        0x2 /tmp/loko_e5_app.8VG9Tu.ltrans1.ltrans.o
                0x00000000080168b6                FLASH_IRQHandler
 .text.RCC_IRQHandler
                0x00000000080168b8        0x2 /tmp/loko_e5_app.8VG9Tu.ltrans1.ltrans.o
                0x00000000080168b8                RCC_IRQHandler
 .text.EXTI0_IRQHandler
                0x00000000080168ba        0x2 /tmp/loko_e5_app.8VG9Tu.ltrans1.ltrans.o
                0x00000000080168ba                EXTI0_IRQHandler
 .text.EXTI1_IRQHandler
                0x00000000080168bc        0x2 /tmp/loko_e5_app.8VG9Tu.ltrans1.ltrans.o
                0x00000000080168bc                EXTI1_IRQHandler
 .text.EXTI2_IRQHandler
                0x00000000080168be        0x2 /tmp/loko_e5_app.8VG9Tu.ltrans1.ltrans.o
                0x00000000080168be                EXTI2_IRQHandler
 .text.EXTI3_IRQHandler
                0x00000000080168c0        0x2 /tmp/loko_e5_app.8VG9Tu.ltrans1.ltrans.o
                0x00000000080168c0                EXTI3_IRQHandler
 .text.EXTI4_IRQHandler
                0x00000000080168c2        0x2 /tmp/loko_e5_app.8VG9Tu.ltrans1.ltrans.o
                0x00000000080168c2                EXTI4_IRQHandler
 .text.DMA1_Channel4_IRQHandler
                0x00000000080168c4        0x2 /tmp/loko_e5_app.8VG9Tu.ltrans1.ltrans.o
                0x00000000080168c4                DMA1_Channel4_IRQHandler
 .text.DMA1_Channel5_IRQHandler
                0x00000000080168c6        0x2 /tmp/loko_e5_app.8VG9Tu.ltrans1.ltrans.o
                0x00000000080168c6                DMA1_Channel5_IRQHandler
 .text.DMA1_Channel6_IRQHandler
                0x00000000080168c8        0x2 /tmp/loko_e5_app.8VG9Tu.ltrans1.ltrans.o
                0x00000000080168c8                DMA1_Channel6_IRQHandler
 .text.DMA1_Channel7_IRQHandler
                0x00000000080168ca        0x2 /tmp/loko_e5_app.8VG9Tu.ltrans1.ltrans.o
                0x00000000080168ca                DMA1_Channel7_IRQHandler
 .text.ADC_IRQHandler
                0x00000000080168cc        0x2 /tmp/loko_e5_app.8VG9Tu.ltrans1.ltrans.o
                0x00000000080168cc                ADC_IRQHandler
 .text.DAC_IRQHandler
                0x00000000080168ce        0x2 /tmp/loko_e5_app.8VG9Tu.ltrans1.ltrans.o
                0x00000000080168ce                DAC_IRQHandler
 .text.COMP_IRQHandler
                0x00000000080168d0        0x2 /tmp/loko_e5_app.8VG9Tu.ltrans1.ltrans.o
                0x00000000080168d0                COMP_IRQHandler
 .text.EXTI9_5_IRQHandler
                0x00000000080168d2        0x2 /tmp/loko_e5_app.8VG9Tu.ltrans1.ltrans.o
                0x00000000080168d2                EXTI9_5_IRQHandler
 .text.TIM1_BRK_IRQHandler
                0x00000000080168d4        0x2 /tmp/loko_e5_app.8VG9Tu.ltrans1.ltrans.o
                0x00000000080168d4                TIM1_BRK_IRQHandler
 .text.TIM1_UP_IRQHandler
                0x00000000080168d6        0x2 /tmp/loko_e5_app.8VG9Tu.ltrans1.ltrans.o
                0x00000000080168d6                TIM1_UP_IRQHandler
 .text.TIM1_TRG_COM_IRQHandler
                0x00000000080168d8        0x2 /tmp/loko_e5_app.8VG9Tu.ltrans1.ltrans.o
                0x00000000080168d8                TIM1_TRG_COM_IRQHandler
 .text.TIM1_CC_IRQHandler
                0x00000000080168da        0x2 /tmp/loko_e5_app.8VG9Tu.ltrans1.ltrans.o
                0x00000000080168da                TIM1_CC_IRQHandler
 .text.TIM2_IRQHandler
                0x00000000080168dc        0x2 /tmp/loko_e5_app.8VG9Tu.ltrans1.ltrans.o
                0x00000000080168dc                TIM2_IRQHandler
 .text.TIM16_IRQHandler
                0x00000000080168de        0x2 /tmp/loko_e5_app.8VG9Tu.ltrans1.ltrans.o
                0x00000000080168de                TIM16_IRQHandler
 .text.TIM17_IRQHandler
                0x00000000080168e0        0x2 /tmp/loko_e5_app.8VG9Tu.ltrans1.ltrans.o
                0x00000000080168e0                TIM17_IRQHandler
 .text.I2C1_EV_IRQHandler
                0x00000000080168e2        0x2 /tmp/loko_e5_app.8VG9Tu.ltrans1.ltrans.o
                0x00000000080168e2                I2C1_EV_IRQHandler
 .text.I2C1_ER_IRQHandler
                0x00000000080168e4        0x2 /tmp/loko_e5_app.8VG9Tu.ltrans1.ltrans.o
                0x00000000080168e4                I2C1_ER_IRQHandler
 .text.I2C2_EV_IRQHandler
                0x00000000080168e6        0x2 /tmp/loko_e5_app.8VG9Tu.ltrans1.ltrans.o
                0x00000000080168e6                I2C2_EV_IRQHandler
 .text.I2C2_ER_IRQHandler
                0x00000000080168e8        0x2 /tmp/loko_e5_app.8VG9Tu.ltrans1.ltrans.o
                0x00000000080168e8                I2C2_ER_IRQHandler
 .text.SPI1_IRQHandler
                0x00000000080168ea        0x2 /tmp/loko_e5_app.8VG9Tu.ltrans1.ltrans.o
                0x00000000080168ea                SPI1_IRQHandler
 .text.SPI2_IRQHandler
                0x00000000080168ec        0x2 /tmp/loko_e5_app.8VG9Tu.ltrans1.ltrans.o
                0x00000000080168ec                SPI2_IRQHandler
 .text.USART2_IRQHandler
                0x00000000080168ee        0x2 /tmp/loko_e5_app.8VG9Tu.ltrans1.ltrans.o
                0x00000000080168ee                USART2_IRQHandler
 .text.LPTIM1_IRQHandler
                0x00000000080168f0        0x2 /tmp/loko_e5_app.8VG9Tu.ltrans1.ltrans.o
                0x00000000080168f0                LPTIM1_IRQHandler
 .text.LPTIM2_IRQHandler
                0x00000000080168f2        0x2 /tmp/loko_e5_app.8VG9Tu.ltrans1.ltrans.o
                0x00000000080168f2                LPTIM2_IRQHandler
 .text.EXTI15_10_IRQHandler
                0x00000000080168f4        0x2 /tmp/loko_e5_app.8VG9Tu.ltrans1.ltrans.o
                0x00000000080168f4                EXTI15_10_IRQHandler
 .text.LPTIM3_IRQHandler
                0x00000000080168f6        0x2 /tmp/loko_e5_app.8VG9Tu.ltrans1.ltrans.o
                0x00000000080168f6                LPTIM3_IRQHandler
 .text.SUBGHZSPI_IRQHandler
                0x00000000080168f8        0x2 /tmp/loko_e5_app.8VG9Tu.ltrans1.ltrans.o
                0x00000000080168f8                SUBGHZSPI_IRQHandler
 .text.HSEM_IRQHandler
                0x00000000080168fa        0x2 /tmp/loko_e5_app.8VG9Tu.ltrans1.ltrans.o
                0x00000000080168fa                HSEM_IRQHandler
 .text.I2C3_EV_IRQHandler
                0x00000000080168fc        0x2 /tmp/loko_e5_app.8VG9Tu.ltrans1.ltrans.o
                0x00000000080168fc                I2C3_EV_IRQHandler
 .text.I2C3_ER_IRQHandler
                0x00000000080168fe        0x2 /tmp/loko_e5_app.8VG9Tu.ltrans1.ltrans.o
                0x00000000080168fe                I2C3_ER_IRQHandler
 .text.AES_IRQHandler
                0x0000000008016900        0x2 /tmp/loko_e5_app.8VG9Tu.ltrans1.ltrans.o
                0x0000000008016900                AES_IRQHandler
 .text.RNG_IRQHandler
                0x0000000008016902        0x2 /tmp/loko_e5_app.8VG9Tu.ltrans1.ltrans.o
                0x0000000008016902                RNG_IRQHandler
 .text.PKA_IRQHandler
                0x0000000008016904        0x2 /tmp/loko_e5_app.8VG9Tu.ltrans1.ltrans.o
                0x0000000008016904                PKA_IRQHandler
 .text.DMA2_Channel1_IRQHandler
                0x0000000008016906        0x2 /tmp/loko_e5_app.8VG9Tu.ltrans1.ltrans.o
                0x0000000008016906                DMA2_Channel1_IRQHandler
 .text.DMA2_Channel2_IRQHandler
                0x0000000008016908        0x2 /tmp/loko_e5_app.8VG9Tu.ltrans1.ltrans.o
                0x0000000008016908                DMA2_Channel2_IRQHandler
 .text.DMA2_Channel3_IRQHandler
                0x000000000801690a        0x2 /tmp/loko_e5_app.8VG9Tu.ltrans1.ltrans.o
                0x000000000801690a                DMA2_Channel3_IRQHandler
 .text.DMA2_Channel4_IRQHandler
                0x000000000801690c        0x2 /tmp/loko_e5_app.8VG9Tu.ltrans1.ltrans.o
                0x000000000801690c                DMA2_Channel4_IRQHandler
 .text.DMA2_Channel5_IRQHandler
                0x000000000801690e        0x2 /tmp/loko_e5_app.8VG9Tu.ltrans1.ltrans.o
                0x000000000801690e                DMA2_Channel5_IRQHandler
 .text.DMA2_Channel6_IRQHandler
                0x0000000008016910        0x2 /tmp/loko_e5_app.8VG9Tu.ltrans1.ltrans.o
                0x0000000008016910                DMA2_Channel6_IRQHandler
 .text.DMA2_Channel7_IRQHandler
                0x0000000008016912        0x2 /tmp/loko_e5_app.8VG9Tu.ltrans1.ltrans.o
                0x0000000008016912                DMA2_Channel7_IRQHandler
 .text.DMAMUX1_OVR_IRQHandler
                0x0000000008016914        0x2 /tmp/loko_e5_app.8VG9Tu.ltrans1.ltrans.o
                0x0000000008016914                DMAMUX1_OVR_IRQHandler
 *fill*         0x0000000008016916        0x2 
 .text.HAL_RCC_GetHCLKFreq
                0x0000000008016918      0x100 /tmp/loko_e5_app.8VG9Tu.ltrans1.ltrans.o
                0x0000000008016918                HAL_RCC_GetHCLKFreq
 .text.HAL_RTC_WaitForSynchro.constprop.0
                0x0000000008016a18       0x30 /tmp/loko_e5_app.8VG9Tu.ltrans2.ltrans.o
 .text.prv_parse_number.constprop.0
                0x0000000008016a48       0x3c /tmp/loko_e5_app.8VG9Tu.ltrans2.ltrans.o
 .text.FLASH_WaitForLastOperation.constprop.0
                0x0000000008016a84       0x5c /tmp/loko_e5_app.8VG9Tu.ltrans2.ltrans.o
 .text.RegionCommonCountChannels.part.0.constprop.0
                0x0000000008016ae0       0x36 /tmp/loko_e5_app.8VG9Tu.ltrans2.ltrans.o
 .text.SysTimeToMs.isra.0
                0x0000000008016b16       0x32 /tmp/loko_e5_app.8VG9Tu.ltrans2.ltrans.o
 .text.prv_parse_float_number.constprop.0
                0x0000000008016b48       0x18 /tmp/loko_e5_app.8VG9Tu.ltrans2.ltrans.o
 .text.prv_parse_lat_long.constprop.0
                0x0000000008016b60       0x50 /tmp/loko_e5_app.8VG9Tu.ltrans2.ltrans.o
 .text.RegionCommonLinkAdrReqVerifyParams.constprop.0
                0x0000000008016bb0       0x98 /tmp/loko_e5_app.8VG9Tu.ltrans2.ltrans.o
 .text.prv_parse_term.constprop.0.isra.0
                0x0000000008016c48      0x2d4 /tmp/loko_e5_app.8VG9Tu.ltrans2.ltrans.o
 .text._parse_uint32_value.constprop.0
                0x0000000008016f1c       0x18 /tmp/loko_e5_app.8VG9Tu.ltrans2.ltrans.o
                0x0000000008016f1c                _parse_uint32_value.constprop.0
 .text._get_next_arg.constprop.0
                0x0000000008016f34       0x26 /tmp/loko_e5_app.8VG9Tu.ltrans2.ltrans.o
                0x0000000008016f34                _get_next_arg.constprop.0
 *fill*         0x0000000008016f5a        0x2 
 .text.RTC_EnterInitMode.constprop.0
                0x0000000008016f5c       0x4c /tmp/loko_e5_app.8VG9Tu.ltrans2.ltrans.o
                0x0000000008016f5c                RTC_EnterInitMode.constprop.0
 .text.RTC_ExitInitMode.constprop.0
                0x0000000008016fa8       0x4c /tmp/loko_e5_app.8VG9Tu.ltrans2.ltrans.o
                0x0000000008016fa8                RTC_ExitInitMode.constprop.0
 .text.HAL_RTC_Init.constprop.0
                0x0000000008016ff4      0x140 /tmp/loko_e5_app.8VG9Tu.ltrans2.ltrans.o
                0x0000000008016ff4                HAL_RTC_Init.constprop.0
 .text.HAL_RTCEx_SetSSRU_IT.constprop.0
                0x0000000008017134       0x50 /tmp/loko_e5_app.8VG9Tu.ltrans2.ltrans.o
                0x0000000008017134                HAL_RTCEx_SetSSRU_IT.constprop.0
 .text.NVIC_EncodePriority.constprop.0
                0x0000000008017184       0x2a /tmp/loko_e5_app.8VG9Tu.ltrans2.ltrans.o
                0x0000000008017184                NVIC_EncodePriority.constprop.0
 *fill*         0x00000000080171ae        0x2 
 .text.HAL_InitTick.constprop.0
                0x00000000080171b0       0x4c /tmp/loko_e5_app.8VG9Tu.ltrans2.ltrans.o
                0x00000000080171b0                HAL_InitTick.constprop.0
 .text.queue_dequeue.constprop.0
                0x00000000080171fc       0x34 /tmp/loko_e5_app.8VG9Tu.ltrans2.ltrans.o
                0x00000000080171fc                queue_dequeue.constprop.0
 .text.HAL_ADC_ConfigChannel.constprop.0
                0x0000000008017230      0x1b0 /tmp/loko_e5_app.8VG9Tu.ltrans2.ltrans.o
                0x0000000008017230                HAL_ADC_ConfigChannel.constprop.0
 .text.GetLastFcntDown.constprop.0
                0x00000000080173e0       0x48 /tmp/loko_e5_app.8VG9Tu.ltrans2.ltrans.o
                0x00000000080173e0                GetLastFcntDown.constprop.0
 .text.RegionCommonCountChannels.constprop.0
                0x0000000008017428        0x8 /tmp/loko_e5_app.8VG9Tu.ltrans2.ltrans.o
                0x0000000008017428                RegionCommonCountChannels.constprop.0
 .text.GetElement.constprop.0
                0x0000000008017430       0x34 /tmp/loko_e5_app.8VG9Tu.ltrans2.ltrans.o
                0x0000000008017430                GetElement.constprop.0
 .text.LoRaMacSerializerJoinRequest.constprop.0
                0x0000000008017464       0xa8 /tmp/loko_e5_app.8VG9Tu.ltrans2.ltrans.o
                0x0000000008017464                LoRaMacSerializerJoinRequest.constprop.0
 .text.LoRaMacSerializerData.constprop.0
                0x000000000801750c      0x11c /tmp/loko_e5_app.8VG9Tu.ltrans2.ltrans.o
                0x000000000801750c                LoRaMacSerializerData.constprop.0
 .text.RegionBaseUSComputeNext125kHzJoinChannel.constprop.0
                0x0000000008017628       0x8c /tmp/loko_e5_app.8VG9Tu.ltrans2.ltrans.o
                0x0000000008017628                RegionBaseUSComputeNext125kHzJoinChannel.constprop.0
 .text.RegionCommonIdentifyChannels.constprop.0
                0x00000000080176b4      0x340 /tmp/loko_e5_app.8VG9Tu.ltrans2.ltrans.o
                0x00000000080176b4                RegionCommonIdentifyChannels.constprop.0
 .text.LoRaMacHandleNvm.part.0.constprop.0
                0x00000000080179f4       0xf4 /tmp/loko_e5_app.8VG9Tu.ltrans2.ltrans.o
                0x00000000080179f4                LoRaMacHandleNvm.part.0.constprop.0
 .text.LoRaMacCryptoDeriveMcRootKey.constprop.0
                0x0000000008017ae8       0x34 /tmp/loko_e5_app.8VG9Tu.ltrans2.ltrans.o
                0x0000000008017ae8                LoRaMacCryptoDeriveMcRootKey.constprop.0
 .text.RegionRxConfig.constprop.0
                0x0000000008017b1c      0x6ec /tmp/loko_e5_app.8VG9Tu.ltrans2.ltrans.o
                0x0000000008017b1c                RegionRxConfig.constprop.0
 .text.log_array.constprop.0
                0x0000000008018208       0x7c /tmp/loko_e5_app.8VG9Tu.ltrans2.ltrans.o
                0x0000000008018208                log_array.constprop.0
 .text.lorawan_aes_set_key.part.0.constprop.0.isra.0
                0x0000000008018284       0x7c /tmp/loko_e5_app.8VG9Tu.ltrans2.ltrans.o
                0x0000000008018284                lorawan_aes_set_key.part.0.constprop.0.isra.0
 .text.HAL_FLASH_Program.constprop.0.isra.0
                0x0000000008018300       0x50 /tmp/loko_e5_app.8VG9Tu.ltrans2.ltrans.o
                0x0000000008018300                HAL_FLASH_Program.constprop.0.isra.0
 .text.UTIL_TIMER_Create.constprop.0.isra.0
                0x0000000008018350       0x1e /tmp/loko_e5_app.8VG9Tu.ltrans2.ltrans.o
                0x0000000008018350                UTIL_TIMER_Create.constprop.0.isra.0
 .text.VerifyCmacB0.constprop.0.isra.0
                0x000000000801836e       0xb8 /tmp/loko_e5_app.8VG9Tu.ltrans2.ltrans.o
                0x000000000801836e                VerifyCmacB0.constprop.0.isra.0
 *fill*         0x0000000008018426        0x2 
 .text.HAL_RTC_DeactivateAlarm.constprop.0.isra.0
                0x0000000008018428       0x50 /tmp/loko_e5_app.8VG9Tu.ltrans2.ltrans.o
                0x0000000008018428                HAL_RTC_DeactivateAlarm.constprop.0.isra.0
 .text.lwgps_process.constprop.0.isra.0
                0x0000000008018478      0x1d0 /tmp/loko_e5_app.8VG9Tu.ltrans2.ltrans.o
                0x0000000008018478                lwgps_process.constprop.0.isra.0
 .text.HAL_RTCEx_DeactivateWakeUpTimer.constprop.0.isra.0
                0x0000000008018648       0x74 /tmp/loko_e5_app.8VG9Tu.ltrans2.ltrans.o
                0x0000000008018648                HAL_RTCEx_DeactivateWakeUpTimer.constprop.0.isra.0
 .text.SUBGHZ_WaitOnBusy.constprop.0.isra.0
                0x00000000080186bc       0x48 /tmp/loko_e5_app.8VG9Tu.ltrans2.ltrans.o
                0x00000000080186bc                SUBGHZ_WaitOnBusy.constprop.0.isra.0
 .text.SUBGHZ_CheckDeviceReady.constprop.0.isra.0
                0x0000000008018704       0x3c /tmp/loko_e5_app.8VG9Tu.ltrans2.ltrans.o
                0x0000000008018704                SUBGHZ_CheckDeviceReady.constprop.0.isra.0
 .text.SUBGHZSPI_Transmit.constprop.0.isra.0
                0x0000000008018740       0x6c /tmp/loko_e5_app.8VG9Tu.ltrans2.ltrans.o
                0x0000000008018740                SUBGHZSPI_Transmit.constprop.0.isra.0
 .text.SUBGHZSPI_Receive.constprop.0.isra.0
                0x00000000080187ac       0x70 /tmp/loko_e5_app.8VG9Tu.ltrans2.ltrans.o
                0x00000000080187ac                SUBGHZSPI_Receive.constprop.0.isra.0
 .text.HAL_SUBGHZ_ReadRegisters.constprop.0.isra.0
                0x000000000801881c       0x64 /tmp/loko_e5_app.8VG9Tu.ltrans2.ltrans.o
                0x000000000801881c                HAL_SUBGHZ_ReadRegisters.constprop.0.isra.0
 .text.HAL_SUBGHZ_WriteRegisters.constprop.0.isra.0
                0x0000000008018880       0x60 /tmp/loko_e5_app.8VG9Tu.ltrans2.ltrans.o
                0x0000000008018880                HAL_SUBGHZ_WriteRegisters.constprop.0.isra.0
 .text.HAL_SUBGHZ_ExecSetCmd.constprop.0.isra.0
                0x00000000080188e0       0x64 /tmp/loko_e5_app.8VG9Tu.ltrans2.ltrans.o
                0x00000000080188e0                HAL_SUBGHZ_ExecSetCmd.constprop.0.isra.0
 .text.HAL_SUBGHZ_ExecGetCmd.constprop.0.isra.0
                0x0000000008018944       0x54 /tmp/loko_e5_app.8VG9Tu.ltrans2.ltrans.o
                0x0000000008018944                HAL_SUBGHZ_ExecGetCmd.constprop.0.isra.0
 .text.LL_GPIO_Init.isra.0
                0x0000000008018998      0x106 /tmp/loko_e5_app.8VG9Tu.ltrans2.ltrans.o
                0x0000000008018998                LL_GPIO_Init.isra.0
 *fill*         0x0000000008018a9e        0x2 
 .text.HAL_FLASH_Lock.isra.0
                0x0000000008018aa0       0x14 /tmp/loko_e5_app.8VG9Tu.ltrans2.ltrans.o
                0x0000000008018aa0                HAL_FLASH_Lock.isra.0
 .text.HAL_FLASH_Unlock.isra.0
                0x0000000008018ab4       0x20 /tmp/loko_e5_app.8VG9Tu.ltrans2.ltrans.o
                0x0000000008018ab4                HAL_FLASH_Unlock.isra.0
 .text._flash_erase.constprop.0
                0x0000000008018ad4       0x5c /tmp/loko_e5_app.8VG9Tu.ltrans2.ltrans.o
                0x0000000008018ad4                _flash_erase.constprop.0
 .text.RBI_ConfigRFSwitch.isra.0
                0x0000000008018b30       0x2c /tmp/loko_e5_app.8VG9Tu.ltrans2.ltrans.o
                0x0000000008018b30                RBI_ConfigRFSwitch.isra.0
 .text.SUBGRF_SetSyncWord.isra.0
                0x0000000008018b5c        0xc /tmp/loko_e5_app.8VG9Tu.ltrans2.ltrans.o
                0x0000000008018b5c                SUBGRF_SetSyncWord.isra.0
 .text.RegionRU864ChannelsRemove.isra.0
                0x0000000008018b68       0x30 /tmp/loko_e5_app.8VG9Tu.ltrans2.ltrans.o
                0x0000000008018b68                RegionRU864ChannelsRemove.isra.0
 .text.RegionKR920ChannelsRemove.isra.0
                0x0000000008018b98       0x30 /tmp/loko_e5_app.8VG9Tu.ltrans2.ltrans.o
                0x0000000008018b98                RegionKR920ChannelsRemove.isra.0
 .text.RegionIN865ChannelsRemove.isra.0
                0x0000000008018bc8       0x30 /tmp/loko_e5_app.8VG9Tu.ltrans2.ltrans.o
                0x0000000008018bc8                RegionIN865ChannelsRemove.isra.0
 .text.RegionEU868ChannelsRemove.isra.0
                0x0000000008018bf8       0x30 /tmp/loko_e5_app.8VG9Tu.ltrans2.ltrans.o
                0x0000000008018bf8                RegionEU868ChannelsRemove.isra.0
 .text.RegionEU433ChannelsRemove.isra.0
                0x0000000008018c28       0x30 /tmp/loko_e5_app.8VG9Tu.ltrans2.ltrans.o
                0x0000000008018c28                RegionEU433ChannelsRemove.isra.0
 .text.RegionCommonSetBandTxDone.isra.0
                0x0000000008018c58       0x3c /tmp/loko_e5_app.8VG9Tu.ltrans2.ltrans.o
                0x0000000008018c58                RegionCommonSetBandTxDone.isra.0
 .text.RegionCN779ChannelsRemove.isra.0
                0x0000000008018c94       0x30 /tmp/loko_e5_app.8VG9Tu.ltrans2.ltrans.o
                0x0000000008018c94                RegionCN779ChannelsRemove.isra.0
 .text.RegionAS923ChannelsRemove.isra.0
                0x0000000008018cc4       0x30 /tmp/loko_e5_app.8VG9Tu.ltrans2.ltrans.o
                0x0000000008018cc4                RegionAS923ChannelsRemove.isra.0
 .text.LoRaMacConfirmQueueAdd.isra.0
                0x0000000008018cf4       0x3c /tmp/loko_e5_app.8VG9Tu.ltrans2.ltrans.o
                0x0000000008018cf4                LoRaMacConfirmQueueAdd.isra.0
 .text.LoRaMacCommandsRemoveCmd.isra.0
                0x0000000008018d30       0x50 /tmp/loko_e5_app.8VG9Tu.ltrans2.ltrans.o
                0x0000000008018d30                LoRaMacCommandsRemoveCmd.isra.0