Archive member included to satisfy reference by file (symbol)

out/libbsp_loko_bldr.a(bsp_clocks.c.obj)
                              CMakeFiles/loko_bldr.dir/Core/Src/bootloader.c.obj (symbol from plugin) (bsp_clock_init)
out/libbsp_loko_bldr.a(bsp_flash.c.obj)
                              CMakeFiles/loko_bldr.dir/Core/Src/bootloader.c.obj (symbol from plugin) (mcu_flash_erase_app)
out/libbsp_loko_bldr.a(bsp_gpio.c.obj)
                              CMakeFiles/loko_bldr.dir/Core/Src/bootloader.c.obj (symbol from plugin) (bsp_gpio_init)
out/libbsp_loko_bldr.a(bsp_low_power.c.obj)
                              CMakeFiles/loko_bldr.dir/Core/Src/bootloader.c.obj (symbol from plugin) (bsp_lp_shutdown)
out/libbsp_loko_bldr.a(bsp_rtc.c.obj)
                              CMakeFiles/loko_bldr.dir/Core/Src/bootloader.c.obj (symbol from plugin) (bsp_rtc_init)
out/libbsp_loko_bldr.a(bsp_uart.c.obj)
                              CMakeFiles/loko_bldr.dir/Core/Src/bootloader.c.obj (symbol from plugin) (bsp_uart_debug_init)
out/libbsp_loko_bldr.a(bsp.c.obj)
                              CMakeFiles/loko_bldr.dir/Core/Src/bootloader.c.obj (symbol from plugin) (bsp_launch_app)
out/libbsp_loko_bldr.a(startup_stm32wle5jcix.s.obj)
                              (Reset_Handler)
out/libbsp_loko_bldr.a(system_stm32wlxx.c.obj)
                              out/libbsp_loko_bldr.a(startup_stm32wle5jcix.s.obj) (SystemInit)
out/libbsp_loko_bldr.a(stm32wlxx_hal_cortex.c.obj)
                              bsp_rtc.c.obj (symbol from plugin) (HAL_NVIC_SetPriority)
out/libbsp_loko_bldr.a(stm32wlxx_hal_flash_ex.c.obj)
                              bsp_flash.c.obj (symbol from plugin) (HAL_FLASHEx_Erase)
out/libbsp_loko_bldr.a(stm32wlxx_hal_flash.c.obj)
                              bsp_flash.c.obj (symbol from plugin) (HAL_FLASH_Unlock)
out/libbsp_loko_bldr.a(stm32wlxx_hal_gpio.c.obj)
                              bsp_gpio.c.obj (symbol from plugin) (HAL_GPIO_ReadPin)
out/libbsp_loko_bldr.a(stm32wlxx_hal_pwr_ex.c.obj)
                              bsp_low_power.c.obj (symbol from plugin) (HAL_PWREx_DisableSRAMRetention)
out/libbsp_loko_bldr.a(stm32wlxx_hal_pwr.c.obj)
                              bsp_low_power.c.obj (symbol from plugin) (HAL_PWR_EnableWakeUpPin)
out/libbsp_loko_bldr.a(stm32wlxx_hal_rtc_ex.c.obj)
                              bsp_rtc.c.obj (symbol from plugin) (HAL_RTCEx_SetWakeUpTimer_IT)
out/libbsp_loko_bldr.a(stm32wlxx_hal_rtc.c.obj)
                              stm32wlxx_hal_rtc_ex.c.obj (symbol from plugin) (HAL_RTC_WaitForSynchro)
out/libbsp_loko_bldr.a(stm32wlxx_hal.c.obj)
                              bsp_clocks.c.obj (symbol from plugin) (HAL_InitTick)
out/libbsp_loko_bldr.a(stm32wlxx_ll_gpio.c.obj)
                              bsp_gpio.c.obj (symbol from plugin) (LL_GPIO_Init)
out/libbsp_loko_bldr.a(stm32wlxx_ll_lpuart.c.obj)
                              bsp_uart.c.obj (symbol from plugin) (LL_LPUART_Init)
out/libbsp_loko_bldr.a(stm32wlxx_ll_rcc.c.obj)
                              stm32wlxx_ll_lpuart.c.obj (symbol from plugin) (LL_RCC_GetLPUARTClockFreq)
out/libbsp_loko_bldr.a(stm32wlxx_ll_usart.c.obj)
                              bsp_uart.c.obj (symbol from plugin) (LL_USART_Init)
out/libbsp_loko_bldr.a(stm32wlxx_ll_utils.c.obj)
                              bsp_clocks.c.obj (symbol from plugin) (LL_SetSystemCoreClock)
out/libbsp_loko_bldr.a(bsp_stm32wlxx_it.c.obj)
                              out/libbsp_loko_bldr.a(startup_stm32wle5jcix.s.obj) (NMI_Handler)
out/libbsp_loko_bldr.a(stm32wlxx_hal_rcc.c.obj)
                              stm32wlxx_hal.c.obj (symbol from plugin) (HAL_RCC_GetHCLKFreq)
/usr/gcc-arm-none-eabi-10.3-2021.07/bin/../lib/gcc/arm-none-eabi/10.3.1/../../../../arm-none-eabi/lib/thumb/v7e-m/nofp/libg_nano.a(lib_a-exit.o)
                              /usr/gcc-arm-none-eabi-10.3-2021.07/bin/../lib/gcc/arm-none-eabi/10.3.1/../../../../arm-none-eabi/lib/thumb/v7e-m/nofp/crt0.o (exit)
/usr/gcc-arm-none-eabi-10.3-2021.07/bin/../lib/gcc/arm-none-eabi/10.3.1/../../../../arm-none-eabi/lib/thumb/v7e-m/nofp/libg_nano.a(lib_a-impure.o)
                              /usr/gcc-arm-none-eabi-10.3-2021.07/bin/../lib/gcc/arm-none-eabi/10.3.1/../../../../arm-none-eabi/lib/thumb/v7e-m/nofp/libg_nano.a(lib_a-exit.o) (_global_impure_ptr)
/usr/gcc-arm-none-eabi-10.3-2021.07/bin/../lib/gcc/arm-none-eabi/10.3.1/../../../../arm-none-eabi/lib/thumb/v7e-m/nofp/libg_nano.a(lib_a-init.o)
                              /usr/gcc-arm-none-eabi-10.3-2021.07/bin/../lib/gcc/arm-none-eabi/10.3.1/../../../../arm-none-eabi/lib/thumb/v7e-m/nofp/crt0.o (__libc_init_array)
/usr/gcc-arm-none-eabi-10.3-2021.07/bin/../lib/gcc/arm-none-eabi/10.3.1/../../../../arm-none-eabi/lib/thumb/v7e-m/nofp/libg_nano.a(lib_a-memset.o)
                              /usr/gcc-arm-none-eabi-10.3-2021.07/bin/../lib/gcc/arm-none-eabi/10.3.1/../../../../arm-none-eabi/lib/thumb/v7e-m/nofp/crt0.o (memset)
[...]
Memory Configuration

Name             Origin             Length             Attributes
RAM              0x0000000020000000 0x0000000000010000 xrw
RAM2             0x0000000010000000 0x0000000000008000 xrw
FLASH            0x0000000008000000 0x0000000000008000 xr
*default*        0x0000000000000000 0xffffffffffffffff

Linker script and memory map

LOAD /usr/gcc-arm-none-eabi-10.3-2021.07/bin/../lib/gcc/arm-none-eabi/10.3.1/thumb/v7e-m/nofp/crti.o
LOAD /usr/gcc-arm-none-eabi-10.3-2021.07/bin/../lib/gcc/arm-none-eabi/10.3.1/thumb/v7e-m/nofp/crtbegin.o
LOAD /usr/gcc-arm-none-eabi-10.3-2021.07/bin/../lib/gcc/arm-none-eabi/10.3.1/../../../../arm-none-eabi/lib/thumb/v7e-m/nofp/crt0.o
                0x0000000000000001                CONFIG_BUILD_TYPE_BOOTLOADER = 0x1
LOAD /usr/gcc-arm-none-eabi-10.3-2021.07/bin/../lib/gcc/arm-none-eabi/10.3.1/../../../../arm-none-eabi/lib/thumb/v7e-m/nofp/libm.a
LOAD CMakeFiles/loko_bldr.dir/Core/Src/bootloader.c.obj
LOAD /tmp/loko_bldr.GHVnCo.ltrans0.ltrans.o
LOAD /tmp/ccy621VF.debug.temp.o
LOAD /tmp/ccaTA4Jf.debug.temp.o
LOAD /tmp/ccvAPD9u.debug.temp.o
LOAD /tmp/ccfBlC61.debug.temp.o
LOAD /tmp/ccIPP88a.debug.temp.o
LOAD /tmp/ccnGls5Y.debug.temp.o
LOAD /tmp/cc5JA3qz.debug.temp.o
LOAD /tmp/cc9Grh0w.debug.temp.o
LOAD /tmp/cc921GvR.debug.temp.o
LOAD /tmp/ccDOIDri.debug.temp.o
LOAD /tmp/ccY2rqiT.debug.temp.o
LOAD /tmp/ccAEZGzQ.debug.temp.o
LOAD /tmp/ccKuznnC.debug.temp.o
LOAD /tmp/cctkgbI3.debug.temp.o
LOAD /tmp/ccKaR9HV.debug.temp.o
LOAD /tmp/ccYl2nHd.debug.temp.o
LOAD /tmp/ccdOXakv.debug.temp.o
LOAD /tmp/ccrhwnvz.debug.temp.o
LOAD /tmp/cchRda9B.debug.temp.o
LOAD /tmp/cc3fhHFy.debug.temp.o
LOAD /tmp/cc97HPM5.debug.temp.o
LOAD /tmp/ccDR2sgH.debug.temp.o
LOAD /tmp/ccwrD6Wa.debug.temp.o
LOAD /tmp/ccPHq3WF.debug.temp.o
LOAD /tmp/ccAQoqn4.debug.temp.o
LOAD /tmp/ccYi2ujF.debug.temp.o
LOAD /tmp/cc1OIR0M.debug.temp.o
LOAD /tmp/ccRxO0ah.debug.temp.o
LOAD /tmp/ccWWbfKC.debug.temp.o
LOAD CMakeFiles/loko_bldr.dir/Core/Src/version.c.obj
LOAD CMakeFiles/loko_bldr.dir/Core/queue/queue.c.obj
LOAD CMakeFiles/loko_bldr.dir/Core/crc16/crc16.c.obj
LOAD CMakeFiles/loko_bldr.dir/Core/stm32_bootloader_host_protocol/stm32_bootloader_host_protocol.c.obj
LOAD out/libbsp_loko_bldr.a
START GROUP
LOAD /usr/gcc-arm-none-eabi-10.3-2021.07/bin/../lib/gcc/arm-none-eabi/10.3.1/thumb/v7e-m/nofp/libgcc.a
LOAD /usr/gcc-arm-none-eabi-10.3-2021.07/bin/../lib/gcc/arm-none-eabi/10.3.1/../../../../arm-none-eabi/lib/thumb/v7e-m/nofp/libg_nano.a
LOAD /usr/gcc-arm-none-eabi-10.3-2021.07/bin/../lib/gcc/arm-none-eabi/10.3.1/../../../../arm-none-eabi/lib/thumb/v7e-m/nofp/libc_nano.a
END GROUP
START GROUP
LOAD /usr/gcc-arm-none-eabi-10.3-2021.07/bin/../lib/gcc/arm-none-eabi/10.3.1/thumb/v7e-m/nofp/libgcc.a
LOAD /usr/gcc-arm-none-eabi-10.3-2021.07/bin/../lib/gcc/arm-none-eabi/10.3.1/../../../../arm-none-eabi/lib/thumb/v7e-m/nofp/libc_nano.a
LOAD /usr/gcc-arm-none-eabi-10.3-2021.07/bin/../lib/gcc/arm-none-eabi/10.3.1/../../../../arm-none-eabi/lib/thumb/v7e-m/nofp/libnosys.a
END GROUP
START GROUP
LOAD /usr/gcc-arm-none-eabi-10.3-2021.07/bin/../lib/gcc/arm-none-eabi/10.3.1/thumb/v7e-m/nofp/libgcc.a
LOAD /usr/gcc-arm-none-eabi-10.3-2021.07/bin/../lib/gcc/arm-none-eabi/10.3.1/../../../../arm-none-eabi/lib/thumb/v7e-m/nofp/libc_nano.a
LOAD /usr/gcc-arm-none-eabi-10.3-2021.07/bin/../lib/gcc/arm-none-eabi/10.3.1/../../../../arm-none-eabi/lib/thumb/v7e-m/nofp/libnosys.a
END GROUP
LOAD /usr/gcc-arm-none-eabi-10.3-2021.07/bin/../lib/gcc/arm-none-eabi/10.3.1/thumb/v7e-m/nofp/crtend.o
LOAD /usr/gcc-arm-none-eabi-10.3-2021.07/bin/../lib/gcc/arm-none-eabi/10.3.1/thumb/v7e-m/nofp/crtn.o
                0x0000000020010000                _estack = (ORIGIN (RAM) + LENGTH (RAM))
                0x0000000000000200                _Min_Heap_Size = 0x200
                0x0000000000000800                _Min_Stack_Size = 0x800

.isr_vector     0x0000000008000000      0x138
                0x0000000008000000                . = ALIGN (0x4)
 *(.isr_vector)
 .isr_vector    0x0000000008000000      0x138 out/libbsp_loko_bldr.a(startup_stm32wle5jcix.s.obj)
                0x0000000008000000                g_pfnVectors
                0x0000000008000138                . = ALIGN (0x4)

.version        0x0000000008000200       0x10
                0x0000000008000200                . = ALIGN (0x4)
 *(.version)
 .version       0x0000000008000200       0x10 /tmp/loko_bldr.GHVnCo.ltrans0.ltrans.o
                0x0000000008000210                . = ALIGN (0x4)

.text           0x0000000008000210     0x4d3c
                0x0000000008000210                . = ALIGN (0x4)
 *(.text)
 .text          0x0000000008000210       0x40 /usr/gcc-arm-none-eabi-10.3-2021.07/bin/../lib/gcc/arm-none-eabi/10.3.1/thumb/v7e-m/nofp/crtbegin.o
 .text          0x0000000008000250       0x10 /usr/gcc-arm-none-eabi-10.3-2021.07/bin/../lib/gcc/arm-none-eabi/10.3.1/../../../../arm-none-eabi/lib/thumb/v7e-m/nofp/libg_nano.a(lib_a-strlen.o)
                0x0000000008000250                strlen
 .text          0x0000000008000260       0xa0 /usr/gcc-arm-none-eabi-10.3-2021.07/bin/../lib/gcc/arm-none-eabi/10.3.1/../../../../arm-none-eabi/lib/thumb/v7e-m/nofp/libg_nano.a(lib_a-memchr.o)
                0x0000000008000260                memchr
 .text          0x0000000008000300      0x378 /usr/gcc-arm-none-eabi-10.3-2021.07/bin/../lib/gcc/arm-none-eabi/10.3.1/thumb/v7e-m/nofp/libgcc.a(_arm_addsubdf3.o)
                0x0000000008000300                __aeabi_drsub
                0x0000000008000308                __aeabi_dsub
                0x0000000008000308                __subdf3
                0x000000000800030c                __adddf3
                0x000000000800030c                __aeabi_dadd
                0x0000000008000584                __aeabi_ui2d
                0x0000000008000584                __floatunsidf
                0x00000000080005a4                __floatsidf
                0x00000000080005a4                __aeabi_i2d
                0x00000000080005c8                __extendsfdf2
                0x00000000080005c8                __aeabi_f2d
                0x000000000800060c                __aeabi_ul2d
                0x000000000800060c                __floatundidf
                0x000000000800061c                __floatdidf
                0x000000000800061c                __aeabi_l2d
 .text          0x0000000008000678      0x424 /usr/gcc-arm-none-eabi-10.3-2021.07/bin/../lib/gcc/arm-none-eabi/10.3.1/thumb/v7e-m/nofp/libgcc.a(_arm_muldivdf3.o)
                0x0000000008000678                __aeabi_dmul
                0x0000000008000678                __muldf3
                0x00000000080008cc                __aeabi_ddiv
                0x00000000080008cc                __divdf3
 .text          0x0000000008000a9c      0x110 /usr/gcc-arm-none-eabi-10.3-2021.07/bin/../lib/gcc/arm-none-eabi/10.3.1/thumb/v7e-m/nofp/libgcc.a(_arm_cmpdf2.o)
                0x0000000008000a9c                __gtdf2
                0x0000000008000a9c                __gedf2
                0x0000000008000aa4                __ltdf2
                0x0000000008000aa4                __ledf2
                0x0000000008000aac                __cmpdf2
                0x0000000008000aac                __eqdf2
                0x0000000008000aac                __nedf2
                0x0000000008000b28                __aeabi_cdrcmple
                0x0000000008000b38                __aeabi_cdcmple
                0x0000000008000b38                __aeabi_cdcmpeq
                0x0000000008000b48                __aeabi_dcmpeq
                0x0000000008000b5c                __aeabi_dcmplt
                0x0000000008000b70                __aeabi_dcmple
                0x0000000008000b84                __aeabi_dcmpge
                0x0000000008000b98                __aeabi_dcmpgt
 .text          0x0000000008000bac       0x2c /usr/gcc-arm-none-eabi-10.3-2021.07/bin/../lib/gcc/arm-none-eabi/10.3.1/thumb/v7e-m/nofp/libgcc.a(_arm_unorddf2.o)
                0x0000000008000bac                __aeabi_dcmpun
                0x0000000008000bac                __unorddf2
 .text          0x0000000008000bd8       0x50 /usr/gcc-arm-none-eabi-10.3-2021.07/bin/../lib/gcc/arm-none-eabi/10.3.1/thumb/v7e-m/nofp/libgcc.a(_arm_fixdfsi.o)
                0x0000000008000bd8                __fixdfsi
                0x0000000008000bd8                __aeabi_d2iz
 *(.text*)
 .text._is_data_checksum_valid
                0x0000000008000c28       0x1c /tmp/loko_bldr.GHVnCo.ltrans0.ltrans.o
 .text._array_to_u32
                0x0000000008000c44        0x6 /tmp/loko_bldr.GHVnCo.ltrans0.ltrans.o
 .text.LL_AHB2_GRP1_EnableClock.lto_priv.0
                0x0000000008000c4a       0x18 /tmp/loko_bldr.GHVnCo.ltrans0.ltrans.o
 *fill*         0x0000000008000c62        0x2 
 .text.bsp_uart_debug_write
                0x0000000008000c64       0x24 /tmp/loko_bldr.GHVnCo.ltrans0.ltrans.o
 .text.__NVIC_SystemReset
                0x0000000008000c88       0x24 /tmp/loko_bldr.GHVnCo.ltrans0.ltrans.o
 .text._goto_addr
                0x0000000008000cac       0x18 /tmp/loko_bldr.GHVnCo.ltrans0.ltrans.o
 .text.bsp_soft_breakpoint
                0x0000000008000cc4       0x14 /tmp/loko_bldr.GHVnCo.ltrans0.ltrans.o
 .text.HAL_PWR_EnableWakeUpPin
                0x0000000008000cd8       0x20 /tmp/loko_bldr.GHVnCo.ltrans0.ltrans.o
 .text.RTC_ByteToBcd2
                0x0000000008000cf8       0x16 /tmp/loko_bldr.GHVnCo.ltrans0.ltrans.o
 .text.LL_RCC_HSE_IsEnabledDiv2.lto_priv.0
                0x0000000008000d0e        0xc /tmp/loko_bldr.GHVnCo.ltrans0.ltrans.o
 .text.LL_RCC_MSI_IsEnabledRangeSelect.lto_priv.0
                0x0000000008000d1a        0xc /tmp/loko_bldr.GHVnCo.ltrans0.ltrans.o
 *fill*         0x0000000008000d26        0x2 
 .text.RCC_GetSystemClockFreq
                0x0000000008000d28      0x144 /tmp/loko_bldr.GHVnCo.ltrans0.ltrans.o
 .text.HAL_RCC_GetHCLKFreq
                0x0000000008000e6c      0x100 /tmp/loko_bldr.GHVnCo.ltrans0.ltrans.o
 .text.HAL_RTC_WaitForSynchro.constprop.0
                0x0000000008000f6c       0x30 /tmp/loko_bldr.GHVnCo.ltrans0.ltrans.o
 .text.NVIC_EncodePriority.constprop.0
                0x0000000008000f9c       0x2a /tmp/loko_bldr.GHVnCo.ltrans0.ltrans.o
 *fill*         0x0000000008000fc6        0x2 
 .text.HAL_InitTick.constprop.0
                0x0000000008000fc8       0x4c /tmp/loko_bldr.GHVnCo.ltrans0.ltrans.o
 .text._send_ack_nack.constprop.0
                0x0000000008001014       0x28 /tmp/loko_bldr.GHVnCo.ltrans0.ltrans.o
 .text.stm32_bootloader_host_protocol_byte_handle.constprop.0
                0x000000000800103c      0x1d8 /tmp/loko_bldr.GHVnCo.ltrans0.ltrans.o
 .text.FLASH_WaitForLastOperation.constprop.0
                0x0000000008001214       0x5c /tmp/loko_bldr.GHVnCo.ltrans0.ltrans.o
 .text.HAL_FLASH_Lock.isra.0
                0x0000000008001270       0x14 /tmp/loko_bldr.GHVnCo.ltrans0.ltrans.o
 .text.HAL_FLASH_Unlock.isra.0
                0x0000000008001284       0x20 /tmp/loko_bldr.GHVnCo.ltrans0.ltrans.o
 .text._erase_page
                0x00000000080012a4       0x70 /tmp/loko_bldr.GHVnCo.ltrans0.ltrans.o
 .text._read_mem
                0x0000000008001314       0x8c /tmp/loko_bldr.GHVnCo.ltrans0.ltrans.o
 .text.HAL_FLASH_Program.constprop.0.isra.0
                0x00000000080013a0       0x50 /tmp/loko_bldr.GHVnCo.ltrans0.ltrans.o
 .text._write_mem
                0x00000000080013f0       0x88 /tmp/loko_bldr.GHVnCo.ltrans0.ltrans.o
 .text.LL_GPIO_SetPinMode
                0x0000000008001478       0x2c /tmp/loko_bldr.GHVnCo.ltrans0.ltrans.o
 .text.LL_GPIO_Init.isra.0
                0x00000000080014a4      0x108 /tmp/loko_bldr.GHVnCo.ltrans0.ltrans.o
 .text.startup.main
                0x00000000080015ac      0x920 /tmp/loko_bldr.GHVnCo.ltrans0.ltrans.o
                0x00000000080015ac                main
 .text.SystemInit
                0x0000000008001ecc        0x2 /tmp/loko_bldr.GHVnCo.ltrans0.ltrans.o
                0x0000000008001ecc                SystemInit
 .text.NMI_Handler
                0x0000000008001ece        0xa /tmp/loko_bldr.GHVnCo.ltrans0.ltrans.o
                0x0000000008001ece                NMI_Handler
 .text.HardFault_Handler
                0x0000000008001ed8        0xa /tmp/loko_bldr.GHVnCo.ltrans0.ltrans.o
                0x0000000008001ed8                HardFault_Handler
 .text.MemManage_Handler
                0x0000000008001ee2        0xa /tmp/loko_bldr.GHVnCo.ltrans0.ltrans.o
                0x0000000008001ee2                MemManage_Handler
 .text.BusFault_Handler
                0x0000000008001eec        0xa /tmp/loko_bldr.GHVnCo.ltrans0.ltrans.o
                0x0000000008001eec                BusFault_Handler
 .text.UsageFault_Handler
                0x0000000008001ef6        0xa /tmp/loko_bldr.GHVnCo.ltrans0.ltrans.o
                0x0000000008001ef6                UsageFault_Handler
 .text.SVC_Handler
                0x0000000008001f00        0x2 /tmp/loko_bldr.GHVnCo.ltrans0.ltrans.o
                0x0000000008001f00                SVC_Handler
 .text.DebugMon_Handler
                0x0000000008001f02        0x2 /tmp/loko_bldr.GHVnCo.ltrans0.ltrans.o
                0x0000000008001f02                DebugMon_Handler
 .text.PendSV_Handler
                0x0000000008001f04        0x2 /tmp/loko_bldr.GHVnCo.ltrans0.ltrans.o
                0x0000000008001f04                PendSV_Handler
 *fill*         0x0000000008001f06        0x2 
 .text.SysTick_Handler
                0x0000000008001f08       0x10 /tmp/loko_bldr.GHVnCo.ltrans0.ltrans.o
                0x0000000008001f08                SysTick_Handler
 .text.DMA1_Channel1_IRQHandler
                0x0000000008001f18        0x2 /tmp/loko_bldr.GHVnCo.ltrans0.ltrans.o
                0x0000000008001f18                DMA1_Channel1_IRQHandler
 .text.DMA1_Channel2_IRQHandler
                0x0000000008001f1a        0x2 /tmp/loko_bldr.GHVnCo.ltrans0.ltrans.o
                0x0000000008001f1a                DMA1_Channel2_IRQHandler
 .text.DMA1_Channel3_IRQHandler
                0x0000000008001f1c        0x2 /tmp/loko_bldr.GHVnCo.ltrans0.ltrans.o
                0x0000000008001f1c                DMA1_Channel3_IRQHandler
 .text.SUBGHZ_Radio_IRQHandler
                0x0000000008001f1e        0x2 /tmp/loko_bldr.GHVnCo.ltrans0.ltrans.o
                0x0000000008001f1e                SUBGHZ_Radio_IRQHandler
 .text.USART1_IRQHandler
                0x0000000008001f20       0x68 /tmp/loko_bldr.GHVnCo.ltrans0.ltrans.o
                0x0000000008001f20                USART1_IRQHandler
 .text.LPUART1_IRQHandler
                0x0000000008001f88       0x3c /tmp/loko_bldr.GHVnCo.ltrans0.ltrans.o
                0x0000000008001f88                LPUART1_IRQHandler
 .text.TAMP_STAMP_LSECSS_SSRU_IRQHandler
                0x0000000008001fc4        0x2 /tmp/loko_bldr.GHVnCo.ltrans0.ltrans.o
                0x0000000008001fc4                TAMP_STAMP_LSECSS_SSRU_IRQHandler
 .text.RTC_Alarm_IRQHandler
                0x0000000008001fc6        0x2 /tmp/loko_bldr.GHVnCo.ltrans0.ltrans.o
                0x0000000008001fc6                RTC_Alarm_IRQHandler
 .text.WWDG_IRQHandler
                0x0000000008001fc8        0x2 /tmp/loko_bldr.GHVnCo.ltrans0.ltrans.o
                0x0000000008001fc8                WWDG_IRQHandler
 .text.PVD_PVM_IRQHandler
                0x0000000008001fca        0x2 /tmp/loko_bldr.GHVnCo.ltrans0.ltrans.o
                0x0000000008001fca                PVD_PVM_IRQHandler
 .text.RTC_WKUP_IRQHandler
                0x0000000008001fcc        0x2 /tmp/loko_bldr.GHVnCo.ltrans0.ltrans.o
                0x0000000008001fcc                RTC_WKUP_IRQHandler
 .text.FLASH_IRQHandler
                0x0000000008001fce        0x2 /tmp/loko_bldr.GHVnCo.ltrans0.ltrans.o
                0x0000000008001fce                FLASH_IRQHandler
 .text.RCC_IRQHandler
                0x0000000008001fd0        0x2 /tmp/loko_bldr.GHVnCo.ltrans0.ltrans.o
                0x0000000008001fd0                RCC_IRQHandler
 .text.EXTI0_IRQHandler
                0x0000000008001fd2        0x2 /tmp/loko_bldr.GHVnCo.ltrans0.ltrans.o
                0x0000000008001fd2                EXTI0_IRQHandler
 .text.EXTI1_IRQHandler
                0x0000000008001fd4        0x2 /tmp/loko_bldr.GHVnCo.ltrans0.ltrans.o
                0x0000000008001fd4                EXTI1_IRQHandler
 .text.EXTI2_IRQHandler
                0x0000000008001fd6        0x2 /tmp/loko_bldr.GHVnCo.ltrans0.ltrans.o
                0x0000000008001fd6                EXTI2_IRQHandler
 .text.EXTI3_IRQHandler
                0x0000000008001fd8        0x2 /tmp/loko_bldr.GHVnCo.ltrans0.ltrans.o
                0x0000000008001fd8                EXTI3_IRQHandler
 .text.EXTI4_IRQHandler
                0x0000000008001fda        0x2 /tmp/loko_bldr.GHVnCo.ltrans0.ltrans.o
                0x0000000008001fda                EXTI4_IRQHandler
 .text.DMA1_Channel4_IRQHandler
                0x0000000008001fdc        0x2 /tmp/loko_bldr.GHVnCo.ltrans0.ltrans.o
                0x0000000008001fdc                DMA1_Channel4_IRQHandler
 .text.DMA1_Channel5_IRQHandler
                0x0000000008001fde        0x2 /tmp/loko_bldr.GHVnCo.ltrans0.ltrans.o
                0x0000000008001fde                DMA1_Channel5_IRQHandler
 .text.DMA1_Channel6_IRQHandler
                0x0000000008001fe0        0x2 /tmp/loko_bldr.GHVnCo.ltrans0.ltrans.o
                0x0000000008001fe0                DMA1_Channel6_IRQHandler
 .text.DMA1_Channel7_IRQHandler
                0x0000000008001fe2        0x2 /tmp/loko_bldr.GHVnCo.ltrans0.ltrans.o
                0x0000000008001fe2                DMA1_Channel7_IRQHandler
 .text.ADC_IRQHandler
                0x0000000008001fe4        0x2 /tmp/loko_bldr.GHVnCo.ltrans0.ltrans.o
                0x0000000008001fe4                ADC_IRQHandler
 .text.DAC_IRQHandler
                0x0000000008001fe6        0x2 /tmp/loko_bldr.GHVnCo.ltrans0.ltrans.o
                0x0000000008001fe6                DAC_IRQHandler
 .text.COMP_IRQHandler
                0x0000000008001fe8        0x2 /tmp/loko_bldr.GHVnCo.ltrans0.ltrans.o
                0x0000000008001fe8                COMP_IRQHandler
 .text.EXTI9_5_IRQHandler
                0x0000000008001fea        0x2 /tmp/loko_bldr.GHVnCo.ltrans0.ltrans.o
                0x0000000008001fea                EXTI9_5_IRQHandler
 .text.TIM1_BRK_IRQHandler
                0x0000000008001fec        0x2 /tmp/loko_bldr.GHVnCo.ltrans0.ltrans.o
                0x0000000008001fec                TIM1_BRK_IRQHandler
 .text.TIM1_UP_IRQHandler
                0x0000000008001fee        0x2 /tmp/loko_bldr.GHVnCo.ltrans0.ltrans.o
                0x0000000008001fee                TIM1_UP_IRQHandler
 .text.TIM1_TRG_COM_IRQHandler
                0x0000000008001ff0        0x2 /tmp/loko_bldr.GHVnCo.ltrans0.ltrans.o
                0x0000000008001ff0                TIM1_TRG_COM_IRQHandler
 .text.TIM1_CC_IRQHandler
                0x0000000008001ff2        0x2 /tmp/loko_bldr.GHVnCo.ltrans0.ltrans.o
                0x0000000008001ff2                TIM1_CC_IRQHandler
 .text.TIM2_IRQHandler
                0x0000000008001ff4        0x2 /tmp/loko_bldr.GHVnCo.ltrans0.ltrans.o
                0x0000000008001ff4                TIM2_IRQHandler
 .text.TIM16_IRQHandler
                0x0000000008001ff6        0x2 /tmp/loko_bldr.GHVnCo.ltrans0.ltrans.o
                0x0000000008001ff6                TIM16_IRQHandler
 .text.TIM17_IRQHandler
                0x0000000008001ff8        0x2 /tmp/loko_bldr.GHVnCo.ltrans0.ltrans.o
                0x0000000008001ff8                TIM17_IRQHandler
 .text.I2C1_EV_IRQHandler
                0x0000000008001ffa        0x2 /tmp/loko_bldr.GHVnCo.ltrans0.ltrans.o
                0x0000000008001ffa                I2C1_EV_IRQHandler
 .text.I2C1_ER_IRQHandler
                0x0000000008001ffc        0x2 /tmp/loko_bldr.GHVnCo.ltrans0.ltrans.o
                0x0000000008001ffc                I2C1_ER_IRQHandler
 .text.I2C2_EV_IRQHandler
                0x0000000008001ffe        0x2 /tmp/loko_bldr.GHVnCo.ltrans0.ltrans.o
                0x0000000008001ffe                I2C2_EV_IRQHandler
 .text.I2C2_ER_IRQHandler
                0x0000000008002000        0x2 /tmp/loko_bldr.GHVnCo.ltrans0.ltrans.o
                0x0000000008002000                I2C2_ER_IRQHandler
 .text.SPI1_IRQHandler
                0x0000000008002002        0x2 /tmp/loko_bldr.GHVnCo.ltrans0.ltrans.o
                0x0000000008002002                SPI1_IRQHandler
 .text.SPI2_IRQHandler
                0x0000000008002004        0x2 /tmp/loko_bldr.GHVnCo.ltrans0.ltrans.o
                0x0000000008002004                SPI2_IRQHandler
 .text.USART2_IRQHandler
                0x0000000008002006        0x2 /tmp/loko_bldr.GHVnCo.ltrans0.ltrans.o
                0x0000000008002006                USART2_IRQHandler
 .text.LPTIM1_IRQHandler
                0x0000000008002008        0x2 /tmp/loko_bldr.GHVnCo.ltrans0.ltrans.o
                0x0000000008002008                LPTIM1_IRQHandler
 .text.LPTIM2_IRQHandler
                0x000000000800200a        0x2 /tmp/loko_bldr.GHVnCo.ltrans0.ltrans.o
                0x000000000800200a                LPTIM2_IRQHandler
 .text.EXTI15_10_IRQHandler
                0x000000000800200c        0x2 /tmp/loko_bldr.GHVnCo.ltrans0.ltrans.o
                0x000000000800200c                EXTI15_10_IRQHandler
 .text.LPTIM3_IRQHandler
                0x000000000800200e        0x2 /tmp/loko_bldr.GHVnCo.ltrans0.ltrans.o
                0x000000000800200e                LPTIM3_IRQHandler
 .text.SUBGHZSPI_IRQHandler
                0x0000000008002010        0x2 /tmp/loko_bldr.GHVnCo.ltrans0.ltrans.o
                0x0000000008002010                SUBGHZSPI_IRQHandler
 .text.HSEM_IRQHandler
                0x0000000008002012        0x2 /tmp/loko_bldr.GHVnCo.ltrans0.ltrans.o
                0x0000000008002012                HSEM_IRQHandler
 .text.I2C3_EV_IRQHandler
                0x0000000008002014        0x2 /tmp/loko_bldr.GHVnCo.ltrans0.ltrans.o
                0x0000000008002014                I2C3_EV_IRQHandler
 .text.I2C3_ER_IRQHandler
                0x0000000008002016        0x2 /tmp/loko_bldr.GHVnCo.ltrans0.ltrans.o
                0x0000000008002016                I2C3_ER_IRQHandler
 .text.AES_IRQHandler
                0x0000000008002018        0x2 /tmp/loko_bldr.GHVnCo.ltrans0.ltrans.o
                0x0000000008002018                AES_IRQHandler
 .text.RNG_IRQHandler
                0x000000000800201a        0x2 /tmp/loko_bldr.GHVnCo.ltrans0.ltrans.o
                0x000000000800201a                RNG_IRQHandler
 .text.PKA_IRQHandler
                0x000000000800201c        0x2 /tmp/loko_bldr.GHVnCo.ltrans0.ltrans.o
                0x000000000800201c                PKA_IRQHandler
 .text.DMA2_Channel1_IRQHandler
                0x000000000800201e        0x2 /tmp/loko_bldr.GHVnCo.ltrans0.ltrans.o
                0x000000000800201e                DMA2_Channel1_IRQHandler
 .text.DMA2_Channel2_IRQHandler
                0x0000000008002020        0x2 /tmp/loko_bldr.GHVnCo.ltrans0.ltrans.o
                0x0000000008002020                DMA2_Channel2_IRQHandler
 .text.DMA2_Channel3_IRQHandler
                0x0000000008002022        0x2 /tmp/loko_bldr.GHVnCo.ltrans0.ltrans.o
                0x0000000008002022                DMA2_Channel3_IRQHandler
 .text.DMA2_Channel4_IRQHandler
                0x0000000008002024        0x2 /tmp/loko_bldr.GHVnCo.ltrans0.ltrans.o
                0x0000000008002024                DMA2_Channel4_IRQHandler
 .text.DMA2_Channel5_IRQHandler
                0x0000000008002026        0x2 /tmp/loko_bldr.GHVnCo.ltrans0.ltrans.o
                0x0000000008002026                DMA2_Channel5_IRQHandler
 .text.DMA2_Channel6_IRQHandler
                0x0000000008002028        0x2 /tmp/loko_bldr.GHVnCo.ltrans0.ltrans.o
                0x0000000008002028                DMA2_Channel6_IRQHandler
 .text.DMA2_Channel7_IRQHandler
                0x000000000800202a        0x2 /tmp/loko_bldr.GHVnCo.ltrans0.ltrans.o
                0x000000000800202a                DMA2_Channel7_IRQHandler
 .text.DMAMUX1_OVR_IRQHandler
                0x000000000800202c        0x2 /tmp/loko_bldr.GHVnCo.ltrans0.ltrans.o
                0x000000000800202c                DMAMUX1_OVR_IRQHandler
 *fill*         0x000000000800202e        0x2 
 .text.Reset_Handler
                0x0000000008002030       0x50 out/libbsp_loko_bldr.a(startup_stm32wle5jcix.s.obj)
                0x0000000008002030                Reset_Handler
 .text.__libc_init_array
                0x0000000008002080       0x48 /usr/gcc-arm-none-eabi-10.3-2021.07/bin/../lib/gcc/arm-none-eabi/10.3.1/../../../../arm-none-eabi/lib/thumb/v7e-m/nofp/libg_nano.a(lib_a-init.o)
                0x0000000008002080                __libc_init_array
 .text.memset   0x00000000080020c8       0x10 /usr/gcc-arm-none-eabi-10.3-2021.07/bin/../lib/gcc/arm-none-eabi/10.3.1/../../../../arm-none-eabi/lib/thumb/v7e-m/nofp/libg_nano.a(lib_a-memset.o)
                0x00000000080020c8                memset
 .text.__cvt    0x00000000080020d8       0xc0 /usr/gcc-arm-none-eabi-10.3-2021.07/bin/../lib/gcc/arm-none-eabi/10.3.1/../../../../arm-none-eabi/lib/thumb/v7e-m/nofp/libg_nano.a(lib_a-nano-vfprintf_float.o)
                0x00000000080020d8                __cvt
 .text.__exponent
                0x0000000008002198       0x7c /usr/gcc-arm-none-eabi-10.3-2021.07/bin/../lib/gcc/arm-none-eabi/10.3.1/../../../../arm-none-eabi/lib/thumb/v7e-m/nofp/libg_nano.a(lib_a-nano-vfprintf_float.o)
                0x0000000008002198                __exponent
 .text._printf_float
                0x0000000008002214      0x454 /usr/gcc-arm-none-eabi-10.3-2021.07/bin/../lib/gcc/arm-none-eabi/10.3.1/../../../../arm-none-eabi/lib/thumb/v7e-m/nofp/libg_nano.a(lib_a-nano-vfprintf_float.o)
                0x0000000008002214                _printf_float
 .text._printf_common
                0x0000000008002668       0xda /usr/gcc-arm-none-eabi-10.3-2021.07/bin/../lib/gcc/arm-none-eabi/10.3.1/../../../../arm-none-eabi/lib/thumb/v7e-m/nofp/libg_nano.a(lib_a-nano-vfprintf_i.o)
                0x0000000008002668                _printf_common
 *fill*         0x0000000008002742        0x2 
 .text._printf_i
                0x0000000008002744      0x24c /usr/gcc-arm-none-eabi-10.3-2021.07/bin/../lib/gcc/arm-none-eabi/10.3.1/../../../../arm-none-eabi/lib/thumb/v7e-m/nofp/libg_nano.a(lib_a-nano-vfprintf_i.o)
                0x0000000008002744                _printf_i
 .text.quorem   0x0000000008002990      0x10e /usr/gcc-arm-none-eabi-10.3-2021.07/bin/../lib/gcc/arm-none-eabi/10.3.1/../../../../arm-none-eabi/lib/thumb/v7e-m/nofp/libg_nano.a(lib_a-dtoa.o)
 *fill*         0x0000000008002a9e        0x2 
 .text._dtoa_r  0x0000000008002aa0      0xbdc /usr/gcc-arm-none-eabi-10.3-2021.07/bin/../lib/gcc/arm-none-eabi/10.3.1/../../../../arm-none-eabi/lib/thumb/v7e-m/nofp/libg_nano.a(lib_a-dtoa.o)
                0x0000000008002aa0                _dtoa_r
 .text._localeconv_r
                0x000000000800367c        0x8 /usr/gcc-arm-none-eabi-10.3-2021.07/bin/../lib/gcc/arm-none-eabi/10.3.1/../../../../arm-none-eabi/lib/thumb/v7e-m/nofp/libg_nano.a(lib_a-localeconv.o)
                0x000000000800367c                _localeconv_r
 .text.malloc   0x0000000008003684       0x10 /usr/gcc-arm-none-eabi-10.3-2021.07/bin/../lib/gcc/arm-none-eabi/10.3.1/../../../../arm-none-eabi/lib/thumb/v7e-m/nofp/libg_nano.a(lib_a-malloc.o)
                0x0000000008003684                malloc
 .text.memcpy   0x0000000008003694       0x1c /usr/gcc-arm-none-eabi-10.3-2021.07/bin/../lib/gcc/arm-none-eabi/10.3.1/../../../../arm-none-eabi/lib/thumb/v7e-m/nofp/libg_nano.a(lib_a-memcpy-stub.o)
                0x0000000008003694                memcpy
 .text._Balloc  0x00000000080036b0       0x80 /usr/gcc-arm-none-eabi-10.3-2021.07/bin/../lib/gcc/arm-none-eabi/10.3.1/../../../../arm-none-eabi/lib/thumb/v7e-m/nofp/libg_nano.a(lib_a-mprec.o)
                0x00000000080036b0                _Balloc
 .text._Bfree   0x0000000008003730       0x44 /usr/gcc-arm-none-eabi-10.3-2021.07/bin/../lib/gcc/arm-none-eabi/10.3.1/../../../../arm-none-eabi/lib/thumb/v7e-m/nofp/libg_nano.a(lib_a-mprec.o)
                0x0000000008003730                _Bfree
 .text.__multadd
                0x0000000008003774       0x8c /usr/gcc-arm-none-eabi-10.3-2021.07/bin/../lib/gcc/arm-none-eabi/10.3.1/../../../../arm-none-eabi/lib/thumb/v7e-m/nofp/libg_nano.a(lib_a-mprec.o)
                0x0000000008003774                __multadd
 .text.__hi0bits
                0x0000000008003800       0x40 /usr/gcc-arm-none-eabi-10.3-2021.07/bin/../lib/gcc/arm-none-eabi/10.3.1/../../../../arm-none-eabi/lib/thumb/v7e-m/nofp/libg_nano.a(lib_a-mprec.o)
                0x0000000008003800                __hi0bits
 .text.__lo0bits
                0x0000000008003840       0x5a /usr/gcc-arm-none-eabi-10.3-2021.07/bin/../lib/gcc/arm-none-eabi/10.3.1/../../../../arm-none-eabi/lib/thumb/v7e-m/nofp/libg_nano.a(lib_a-mprec.o)
                0x0000000008003840                __lo0bits
 *fill*         0x000000000800389a        0x2 
 .text.__i2b    0x000000000800389c       0x2c /usr/gcc-arm-none-eabi-10.3-2021.07/bin/../lib/gcc/arm-none-eabi/10.3.1/../../../../arm-none-eabi/lib/thumb/v7e-m/nofp/libg_nano.a(lib_a-mprec.o)
                0x000000000800389c                __i2b
 .text.__multiply
                0x00000000080038c8      0x150 /usr/gcc-arm-none-eabi-10.3-2021.07/bin/../lib/gcc/arm-none-eabi/10.3.1/../../../../arm-none-eabi/lib/thumb/v7e-m/nofp/libg_nano.a(lib_a-mprec.o)
                0x00000000080038c8                __multiply
 .text.__pow5mult
                0x0000000008003a18       0xb4 /usr/gcc-arm-none-eabi-10.3-2021.07/bin/../lib/gcc/arm-none-eabi/10.3.1/../../../../arm-none-eabi/lib/thumb/v7e-m/nofp/libg_nano.a(lib_a-mprec.o)
                0x0000000008003a18                __pow5mult
 .text.__lshift
                0x0000000008003acc       0xe0 /usr/gcc-arm-none-eabi-10.3-2021.07/bin/../lib/gcc/arm-none-eabi/10.3.1/../../../../arm-none-eabi/lib/thumb/v7e-m/nofp/libg_nano.a(lib_a-mprec.o)
                0x0000000008003acc                __lshift
 .text.__mcmp   0x0000000008003bac       0x36 /usr/gcc-arm-none-eabi-10.3-2021.07/bin/../lib/gcc/arm-none-eabi/10.3.1/../../../../arm-none-eabi/lib/thumb/v7e-m/nofp/libg_nano.a(lib_a-mprec.o)
                0x0000000008003bac                __mcmp
 *fill*         0x0000000008003be2        0x2 
 .text.__mdiff  0x0000000008003be4      0x110 /usr/gcc-arm-none-eabi-10.3-2021.07/bin/../lib/gcc/arm-none-eabi/10.3.1/../../../../arm-none-eabi/lib/thumb/v7e-m/nofp/libg_nano.a(lib_a-mprec.o)
                0x0000000008003be4                __mdiff
 .text.__d2b    0x0000000008003cf4       0xb8 /usr/gcc-arm-none-eabi-10.3-2021.07/bin/../lib/gcc/arm-none-eabi/10.3.1/../../../../arm-none-eabi/lib/thumb/v7e-m/nofp/libg_nano.a(lib_a-mprec.o)
                0x0000000008003cf4                __d2b
 .text._calloc_r
                0x0000000008003dac       0x28 /usr/gcc-arm-none-eabi-10.3-2021.07/bin/../lib/gcc/arm-none-eabi/10.3.1/../../../../arm-none-eabi/lib/thumb/v7e-m/nofp/libg_nano.a(lib_a-nano-callocr.o)
                0x0000000008003dac                _calloc_r
 .text._free_r  0x0000000008003dd4       0x94 /usr/gcc-arm-none-eabi-10.3-2021.07/bin/../lib/gcc/arm-none-eabi/10.3.1/../../../../arm-none-eabi/lib/thumb/v7e-m/nofp/libg_nano.a(lib_a-nano-freer.o)
                0x0000000008003dd4                _free_r
 .text.sbrk_aligned
                0x0000000008003e68       0x40 /usr/gcc-arm-none-eabi-10.3-2021.07/bin/../lib/gcc/arm-none-eabi/10.3.1/../../../../arm-none-eabi/lib/thumb/v7e-m/nofp/libg_nano.a(lib_a-nano-mallocr.o)
 .text._malloc_r
                0x0000000008003ea8       0xe8 /usr/gcc-arm-none-eabi-10.3-2021.07/bin/../lib/gcc/arm-none-eabi/10.3.1/../../../../arm-none-eabi/lib/thumb/v7e-m/nofp/libg_nano.a(lib_a-nano-mallocr.o)
                0x0000000008003ea8                _malloc_r
 .text._sbrk_r  0x0000000008003f90       0x20 /usr/gcc-arm-none-eabi-10.3-2021.07/bin/../lib/gcc/arm-none-eabi/10.3.1/../../../../arm-none-eabi/lib/thumb/v7e-m/nofp/libg_nano.a(lib_a-sbrkr.o)
                0x0000000008003f90                _sbrk_r
 .text.__assert_func
                0x0000000008003fb0       0x3c /usr/gcc-arm-none-eabi-10.3-2021.07/bin/../lib/gcc/arm-none-eabi/10.3.1/../../../../arm-none-eabi/lib/thumb/v7e-m/nofp/libg_nano.a(lib_a-assert.o)
                0x0000000008003fb0                __assert_func
 .text.fprintf  0x0000000008003fec       0x24 /usr/gcc-arm-none-eabi-10.3-2021.07/bin/../lib/gcc/arm-none-eabi/10.3.1/../../../../arm-none-eabi/lib/thumb/v7e-m/nofp/libg_nano.a(lib_a-fprintf.o)
                0x0000000008003fec                fprintf
                0x0000000008003fec                fiprintf
 .text.__ascii_mbtowc
                0x0000000008004010       0x24 /usr/gcc-arm-none-eabi-10.3-2021.07/bin/../lib/gcc/arm-none-eabi/10.3.1/../../../../arm-none-eabi/lib/thumb/v7e-m/nofp/libg_nano.a(lib_a-mbtowc_r.o)
                0x0000000008004010                __ascii_mbtowc
 .text.__malloc_lock
                0x0000000008004034        0xc /usr/gcc-arm-none-eabi-10.3-2021.07/bin/../lib/gcc/arm-none-eabi/10.3.1/../../../../arm-none-eabi/lib/thumb/v7e-m/nofp/libg_nano.a(lib_a-mlock.o)
                0x0000000008004034                __malloc_lock
 .text.__malloc_unlock
                0x0000000008004040        0xc /usr/gcc-arm-none-eabi-10.3-2021.07/bin/../lib/gcc/arm-none-eabi/10.3.1/../../../../arm-none-eabi/lib/thumb/v7e-m/nofp/libg_nano.a(lib_a-mlock.o)
                0x0000000008004040                __malloc_unlock
 .text.__sfputc_r
                0x000000000800404c       0x2a /usr/gcc-arm-none-eabi-10.3-2021.07/bin/../lib/gcc/arm-none-eabi/10.3.1/../../../../arm-none-eabi/lib/thumb/v7e-m/nofp/libg_nano.a(lib_a-nano-vfprintf.o)
 .text.__sfputs_r
                0x0000000008004076       0x24 /usr/gcc-arm-none-eabi-10.3-2021.07/bin/../lib/gcc/arm-none-eabi/10.3.1/../../../../arm-none-eabi/lib/thumb/v7e-m/nofp/libg_nano.a(lib_a-nano-vfprintf.o)
                0x0000000008004076                __sfputs_r
 *fill*         0x000000000800409a        0x2 
 .text._vfprintf_r
                0x000000000800409c      0x260 /usr/gcc-arm-none-eabi-10.3-2021.07/bin/../lib/gcc/arm-none-eabi/10.3.1/../../../../arm-none-eabi/lib/thumb/v7e-m/nofp/libg_nano.a(lib_a-nano-vfprintf.o)
                0x000000000800409c                _vfiprintf_r
                0x000000000800409c                _vfprintf_r
 .text.__swbuf_r
                0x00000000080042fc       0xa4 /usr/gcc-arm-none-eabi-10.3-2021.07/bin/../lib/gcc/arm-none-eabi/10.3.1/../../../../arm-none-eabi/lib/thumb/v7e-m/nofp/libg_nano.a(lib_a-wbuf.o)
                0x00000000080042fc                __swbuf_r
 .text.__ascii_wctomb
                0x00000000080043a0       0x1a /usr/gcc-arm-none-eabi-10.3-2021.07/bin/../lib/gcc/arm-none-eabi/10.3.1/../../../../arm-none-eabi/lib/thumb/v7e-m/nofp/libg_nano.a(lib_a-wctomb_r.o)
                0x00000000080043a0                __ascii_wctomb
 *fill*         0x00000000080043ba        0x2 
 .text.__swsetup_r
                0x00000000080043bc       0xdc /usr/gcc-arm-none-eabi-10.3-2021.07/bin/../lib/gcc/arm-none-eabi/10.3.1/../../../../arm-none-eabi/lib/thumb/v7e-m/nofp/libg_nano.a(lib_a-wsetup.o)
                0x00000000080043bc                __swsetup_r
 .text.abort    0x0000000008004498        0xe /usr/gcc-arm-none-eabi-10.3-2021.07/bin/../lib/gcc/arm-none-eabi/10.3.1/../../../../arm-none-eabi/lib/thumb/v7e-m/nofp/libg_nano.a(lib_a-abort.o)
                0x0000000008004498                abort
 *fill*         0x00000000080044a6        0x2 
 .text.__sflush_r
                0x00000000080044a8      0x104 /usr/gcc-arm-none-eabi-10.3-2021.07/bin/../lib/gcc/arm-none-eabi/10.3.1/../../../../arm-none-eabi/lib/thumb/v7e-m/nofp/libg_nano.a(lib_a-fflush.o)
                0x00000000080044a8                __sflush_r
 .text._fflush_r
                0x00000000080045ac       0x78 /usr/gcc-arm-none-eabi-10.3-2021.07/bin/../lib/gcc/arm-none-eabi/10.3.1/../../../../arm-none-eabi/lib/thumb/v7e-m/nofp/libg_nano.a(lib_a-fflush.o)
                0x00000000080045ac                _fflush_r
 .text.std      0x0000000008004624       0x48 /usr/gcc-arm-none-eabi-10.3-2021.07/bin/../lib/gcc/arm-none-eabi/10.3.1/../../../../arm-none-eabi/lib/thumb/v7e-m/nofp/libg_nano.a(lib_a-findfp.o)
 .text._cleanup_r
                0x000000000800466c        0xc /usr/gcc-arm-none-eabi-10.3-2021.07/bin/../lib/gcc/arm-none-eabi/10.3.1/../../../../arm-none-eabi/lib/thumb/v7e-m/nofp/libg_nano.a(lib_a-findfp.o)
                0x000000000800466c                _cleanup_r
 .text.__sfmoreglue
                0x0000000008004678       0x2c /usr/gcc-arm-none-eabi-10.3-2021.07/bin/../lib/gcc/arm-none-eabi/10.3.1/../../../../arm-none-eabi/lib/thumb/v7e-m/nofp/libg_nano.a(lib_a-findfp.o)
                0x0000000008004678                __sfmoreglue
 .text.__sfp_lock_acquire
                0x00000000080046a4        0xc /usr/gcc-arm-none-eabi-10.3-2021.07/bin/../lib/gcc/arm-none-eabi/10.3.1/../../../../arm-none-eabi/lib/thumb/v7e-m/nofp/libg_nano.a(lib_a-findfp.o)
                0x00000000080046a4                __sfp_lock_acquire
 .text.__sfp_lock_release
                0x00000000080046b0        0xc /usr/gcc-arm-none-eabi-10.3-2021.07/bin/../lib/gcc/arm-none-eabi/10.3.1/../../../../arm-none-eabi/lib/thumb/v7e-m/nofp/libg_nano.a(lib_a-findfp.o)
                0x00000000080046b0                __sfp_lock_release
 .text.__sinit_lock_acquire
                0x00000000080046bc        0xc /usr/gcc-arm-none-eabi-10.3-2021.07/bin/../lib/gcc/arm-none-eabi/10.3.1/../../../../arm-none-eabi/lib/thumb/v7e-m/nofp/libg_nano.a(lib_a-findfp.o)
                0x00000000080046bc                __sinit_lock_acquire
 .text.__sinit_lock_release
                0x00000000080046c8        0xc /usr/gcc-arm-none-eabi-10.3-2021.07/bin/../lib/gcc/arm-none-eabi/10.3.1/../../../../arm-none-eabi/lib/thumb/v7e-m/nofp/libg_nano.a(lib_a-findfp.o)
                0x00000000080046c8                __sinit_lock_release
 .text.__sinit  0x00000000080046d4       0x70 /usr/gcc-arm-none-eabi-10.3-2021.07/bin/../lib/gcc/arm-none-eabi/10.3.1/../../../../arm-none-eabi/lib/thumb/v7e-m/nofp/libg_nano.a(lib_a-findfp.o)
                0x00000000080046d4                __sinit
 .text.__sfp    0x0000000008004744       0x8c /usr/gcc-arm-none-eabi-10.3-2021.07/bin/../lib/gcc/arm-none-eabi/10.3.1/../../../../arm-none-eabi/lib/thumb/v7e-m/nofp/libg_nano.a(lib_a-findfp.o)
                0x0000000008004744                __sfp
 .text._fwalk_reent
                0x00000000080047d0       0x3e /usr/gcc-arm-none-eabi-10.3-2021.07/bin/../lib/gcc/arm-none-eabi/10.3.1/../../../../arm-none-eabi/lib/thumb/v7e-m/nofp/libg_nano.a(lib_a-fwalk.o)
                0x00000000080047d0                _fwalk_reent
 .text.__retarget_lock_init_recursive
                0x000000000800480e        0x2 /usr/gcc-arm-none-eabi-10.3-2021.07/bin/../lib/gcc/arm-none-eabi/10.3.1/../../../../arm-none-eabi/lib/thumb/v7e-m/nofp/libg_nano.a(lib_a-lock.o)
                0x000000000800480e                __retarget_lock_init_recursive
 .text.__retarget_lock_acquire_recursive
                0x0000000008004810        0x2 /usr/gcc-arm-none-eabi-10.3-2021.07/bin/../lib/gcc/arm-none-eabi/10.3.1/../../../../arm-none-eabi/lib/thumb/v7e-m/nofp/libg_nano.a(lib_a-lock.o)
                0x0000000008004810                __retarget_lock_acquire_recursive
 .text.__retarget_lock_release_recursive
                0x0000000008004812        0x2 /usr/gcc-arm-none-eabi-10.3-2021.07/bin/../lib/gcc/arm-none-eabi/10.3.1/../../../../arm-none-eabi/lib/thumb/v7e-m/nofp/libg_nano.a(lib_a-lock.o)
                0x0000000008004812                __retarget_lock_release_recursive
 .text.__swhatbuf_r
                0x0000000008004814       0x4a /usr/gcc-arm-none-eabi-10.3-2021.07/bin/../lib/gcc/arm-none-eabi/10.3.1/../../../../arm-none-eabi/lib/thumb/v7e-m/nofp/libg_nano.a(lib_a-makebuf.o)
                0x0000000008004814                __swhatbuf_r
 *fill*         0x000000000800485e        0x2 
 .text.__smakebuf_r
                0x0000000008004860       0x80 /usr/gcc-arm-none-eabi-10.3-2021.07/bin/../lib/gcc/arm-none-eabi/10.3.1/../../../../arm-none-eabi/lib/thumb/v7e-m/nofp/libg_nano.a(lib_a-makebuf.o)
                0x0000000008004860                __smakebuf_r
 .text.memmove  0x00000000080048e0       0x34 /usr/gcc-arm-none-eabi-10.3-2021.07/bin/../lib/gcc/arm-none-eabi/10.3.1/../../../../arm-none-eabi/lib/thumb/v7e-m/nofp/libg_nano.a(lib_a-memmove.o)
                0x00000000080048e0                memmove
 .text._realloc_r
                0x0000000008004914       0x5e /usr/gcc-arm-none-eabi-10.3-2021.07/bin/../lib/gcc/arm-none-eabi/10.3.1/../../../../arm-none-eabi/lib/thumb/v7e-m/nofp/libg_nano.a(lib_a-nano-reallocr.o)
                0x0000000008004914                _realloc_r
 .text._raise_r
                0x0000000008004972       0x50 /usr/gcc-arm-none-eabi-10.3-2021.07/bin/../lib/gcc/arm-none-eabi/10.3.1/../../../../arm-none-eabi/lib/thumb/v7e-m/nofp/libg_nano.a(lib_a-signal.o)
                0x0000000008004972                _raise_r
 *fill*         0x00000000080049c2        0x2 
 .text.raise    0x00000000080049c4       0x10 /usr/gcc-arm-none-eabi-10.3-2021.07/bin/../lib/gcc/arm-none-eabi/10.3.1/../../../../arm-none-eabi/lib/thumb/v7e-m/nofp/libg_nano.a(lib_a-signal.o)
                0x00000000080049c4                raise
 .text._kill_r  0x00000000080049d4       0x24 /usr/gcc-arm-none-eabi-10.3-2021.07/bin/../lib/gcc/arm-none-eabi/10.3.1/../../../../arm-none-eabi/lib/thumb/v7e-m/nofp/libg_nano.a(lib_a-signalr.o)
                0x00000000080049d4                _kill_r
 .text._getpid_r
                0x00000000080049f8        0x4 /usr/gcc-arm-none-eabi-10.3-2021.07/bin/../lib/gcc/arm-none-eabi/10.3.1/../../../../arm-none-eabi/lib/thumb/v7e-m/nofp/libg_nano.a(lib_a-signalr.o)
                0x00000000080049f8                _getpid_r
 .text.__sread  0x00000000080049fc       0x22 /usr/gcc-arm-none-eabi-10.3-2021.07/bin/../lib/gcc/arm-none-eabi/10.3.1/../../../../arm-none-eabi/lib/thumb/v7e-m/nofp/libg_nano.a(lib_a-stdio.o)
                0x00000000080049fc                __sread
 .text.__swrite
                0x0000000008004a1e       0x38 /usr/gcc-arm-none-eabi-10.3-2021.07/bin/../lib/gcc/arm-none-eabi/10.3.1/../../../../arm-none-eabi/lib/thumb/v7e-m/nofp/libg_nano.a(lib_a-stdio.o)
                0x0000000008004a1e                __swrite
 .text.__sseek  0x0000000008004a56       0x24 /usr/gcc-arm-none-eabi-10.3-2021.07/bin/../lib/gcc/arm-none-eabi/10.3.1/../../../../arm-none-eabi/lib/thumb/v7e-m/nofp/libg_nano.a(lib_a-stdio.o)
                0x0000000008004a56                __sseek
 .text.__sclose
                0x0000000008004a7a        0x8 /usr/gcc-arm-none-eabi-10.3-2021.07/bin/../lib/gcc/arm-none-eabi/10.3.1/../../../../arm-none-eabi/lib/thumb/v7e-m/nofp/libg_nano.a(lib_a-stdio.o)
                0x0000000008004a7a                __sclose
 *fill*         0x0000000008004a82        0x2 
 .text._write_r
                0x0000000008004a84       0x24 /usr/gcc-arm-none-eabi-10.3-2021.07/bin/../lib/gcc/arm-none-eabi/10.3.1/../../../../arm-none-eabi/lib/thumb/v7e-m/nofp/libg_nano.a(lib_a-writer.o)
                0x0000000008004a84                _write_r
 .text._close_r
                0x0000000008004aa8       0x20 /usr/gcc-arm-none-eabi-10.3-2021.07/bin/../lib/gcc/arm-none-eabi/10.3.1/../../../../arm-none-eabi/lib/thumb/v7e-m/nofp/libg_nano.a(lib_a-closer.o)
                0x0000000008004aa8                _close_r
 .text._fstat_r
                0x0000000008004ac8       0x24 /usr/gcc-arm-none-eabi-10.3-2021.07/bin/../lib/gcc/arm-none-eabi/10.3.1/../../../../arm-none-eabi/lib/thumb/v7e-m/nofp/libg_nano.a(lib_a-fstatr.o)
                0x0000000008004ac8                _fstat_r
 .text._isatty_r
                0x0000000008004aec       0x20 /usr/gcc-arm-none-eabi-10.3-2021.07/bin/../lib/gcc/arm-none-eabi/10.3.1/../../../../arm-none-eabi/lib/thumb/v7e-m/nofp/libg_nano.a(lib_a-isattyr.o)
                0x0000000008004aec                _isatty_r
 .text._lseek_r
                0x0000000008004b0c       0x24 /usr/gcc-arm-none-eabi-10.3-2021.07/bin/../lib/gcc/arm-none-eabi/10.3.1/../../../../arm-none-eabi/lib/thumb/v7e-m/nofp/libg_nano.a(lib_a-lseekr.o)
                0x0000000008004b0c                _lseek_r
 .text._malloc_usable_size_r
                0x0000000008004b30       0x10 /usr/gcc-arm-none-eabi-10.3-2021.07/bin/../lib/gcc/arm-none-eabi/10.3.1/../../../../arm-none-eabi/lib/thumb/v7e-m/nofp/libg_nano.a(lib_a-nano-msizer.o)
                0x0000000008004b30                _malloc_usable_size_r
 .text._read_r  0x0000000008004b40       0x24 /usr/gcc-arm-none-eabi-10.3-2021.07/bin/../lib/gcc/arm-none-eabi/10.3.1/../../../../arm-none-eabi/lib/thumb/v7e-m/nofp/libg_nano.a(lib_a-readr.o)
                0x0000000008004b40                _read_r
 .text.snprintf
                0x0000000008004b64       0x68 /usr/gcc-arm-none-eabi-10.3-2021.07/bin/../lib/gcc/arm-none-eabi/10.3.1/../../../../arm-none-eabi/lib/thumb/v7e-m/nofp/libg_nano.a(lib_a-snprintf.o)
                0x0000000008004b64                snprintf
                0x0000000008004b64                sniprintf
 .text.strcpy   0x0000000008004bcc       0x10 /usr/gcc-arm-none-eabi-10.3-2021.07/bin/../lib/gcc/arm-none-eabi/10.3.1/../../../../arm-none-eabi/lib/thumb/v7e-m/nofp/libg_nano.a(lib_a-strcpy.o)
                0x0000000008004bcc                strcpy
 .text.__ssputs_r
                0x0000000008004bdc       0xb6 /usr/gcc-arm-none-eabi-10.3-2021.07/bin/../lib/gcc/arm-none-eabi/10.3.1/../../../../arm-none-eabi/lib/thumb/v7e-m/nofp/libg_nano.a(lib_a-nano-svfprintf.o)
                0x0000000008004bdc                __ssputs_r
 *fill*         0x0000000008004c92        0x2 
 .text._svfprintf_r
                0x0000000008004c94      0x200 /usr/gcc-arm-none-eabi-10.3-2021.07/bin/../lib/gcc/arm-none-eabi/10.3.1/../../../../arm-none-eabi/lib/thumb/v7e-m/nofp/libg_nano.a(lib_a-nano-svfprintf.o)
                0x0000000008004c94                _svfprintf_r
                0x0000000008004c94                _svfiprintf_r
 .text._close   0x0000000008004e94       0x10 /usr/gcc-arm-none-eabi-10.3-2021.07/bin/../lib/gcc/arm-none-eabi/10.3.1/../../../../arm-none-eabi/lib/thumb/v7e-m/nofp/libnosys.a(close.o)
                0x0000000008004e94                _close
 .text._fstat   0x0000000008004ea4       0x10 /usr/gcc-arm-none-eabi-10.3-2021.07/bin/../lib/gcc/arm-none-eabi/10.3.1/../../../../arm-none-eabi/lib/thumb/v7e-m/nofp/libnosys.a(fstat.o)
                0x0000000008004ea4                _fstat
 .text._getpid  0x0000000008004eb4       0x10 /usr/gcc-arm-none-eabi-10.3-2021.07/bin/../lib/gcc/arm-none-eabi/10.3.1/../../../../arm-none-eabi/lib/thumb/v7e-m/nofp/libnosys.a(getpid.o)
                0x0000000008004eb4                _getpid
 .text._isatty  0x0000000008004ec4       0x10 /usr/gcc-arm-none-eabi-10.3-2021.07/bin/../lib/gcc/arm-none-eabi/10.3.1/../../../../arm-none-eabi/lib/thumb/v7e-m/nofp/libnosys.a(isatty.o)
                0x0000000008004ec4                _isatty
 .text._kill    0x0000000008004ed4       0x10 /usr/gcc-arm-none-eabi-10.3-2021.07/bin/../lib/gcc/arm-none-eabi/10.3.1/../../../../arm-none-eabi/lib/thumb/v7e-m/nofp/libnosys.a(kill.o)
                0x0000000008004ed4                _kill
 .text._lseek   0x0000000008004ee4       0x10 /usr/gcc-arm-none-eabi-10.3-2021.07/bin/../lib/gcc/arm-none-eabi/10.3.1/../../../../arm-none-eabi/lib/thumb/v7e-m/nofp/libnosys.a(lseek.o)
                0x0000000008004ee4                _lseek
 .text._read    0x0000000008004ef4       0x10 /usr/gcc-arm-none-eabi-10.3-2021.07/bin/../lib/gcc/arm-none-eabi/10.3.1/../../../../arm-none-eabi/lib/thumb/v7e-m/nofp/libnosys.a(read.o)
                0x0000000008004ef4                _read
 .text._sbrk    0x0000000008004f04       0x1c /usr/gcc-arm-none-eabi-10.3-2021.07/bin/../lib/gcc/arm-none-eabi/10.3.1/../../../../arm-none-eabi/lib/thumb/v7e-m/nofp/libnosys.a(sbrk.o)
                0x0000000008004f04                _sbrk
 .text._write   0x0000000008004f20       0x10 /usr/gcc-arm-none-eabi-10.3-2021.07/bin/../lib/gcc/arm-none-eabi/10.3.1/../../../../arm-none-eabi/lib/thumb/v7e-m/nofp/libnosys.a(write.o)
                0x0000000008004f20                _write
 .text._exit    0x0000000008004f30        0x4 /usr/gcc-arm-none-eabi-10.3-2021.07/bin/../lib/gcc/arm-none-eabi/10.3.1/../../../../arm-none-eabi/lib/thumb/v7e-m/nofp/libnosys.a(_exit.o)
                0x0000000008004f30                _exit
 *(.glue_7)
 .glue_7        0x0000000008004f34        0x0 linker stubs
 *(.glue_7t)
 .glue_7t       0x0000000008004f34        0x0 linker stubs
 *(.eh_frame)
 .eh_frame      0x0000000008004f34        0x0 /usr/gcc-arm-none-eabi-10.3-2021.07/bin/../lib/gcc/arm-none-eabi/10.3.1/thumb/v7e-m/nofp/crtbegin.o
 *(.init)
 .init          0x0000000008004f34        0x4 /usr/gcc-arm-none-eabi-10.3-2021.07/bin/../lib/gcc/arm-none-eabi/10.3.1/thumb/v7e-m/nofp/crti.o
                0x0000000008004f34                _init
 .init          0x0000000008004f38        0x8 /usr/gcc-arm-none-eabi-10.3-2021.07/bin/../lib/gcc/arm-none-eabi/10.3.1/thumb/v7e-m/nofp/crtn.o
 *(.fini)
 .fini          0x0000000008004f40        0x4 /usr/gcc-arm-none-eabi-10.3-2021.07/bin/../lib/gcc/arm-none-eabi/10.3.1/thumb/v7e-m/nofp/crti.o
                0x0000000008004f40                _fini
 .fini          0x0000000008004f44        0x8 /usr/gcc-arm-none-eabi-10.3-2021.07/bin/../lib/gcc/arm-none-eabi/10.3.1/thumb/v7e-m/nofp/crtn.o
                0x0000000008004f4c                . = ALIGN (0x4)
                0x0000000008004f4c                _etext = .

.vfp11_veneer   0x0000000008004f4c        0x0
 .vfp11_veneer  0x0000000008004f4c        0x0 linker stubs

.v4_bx          0x0000000008004f4c        0x0
 .v4_bx         0x0000000008004f4c        0x0 linker stubs

.iplt           0x0000000008004f4c        0x0
 .iplt          0x0000000008004f4c        0x0 /usr/gcc-arm-none-eabi-10.3-2021.07/bin/../lib/gcc/arm-none-eabi/10.3.1/thumb/v7e-m/nofp/crtbegin.o

.rodata         0x0000000008004f50      0x734
                0x0000000008004f50                . = ALIGN (0x4)
 *(.rodata)
 .rodata        0x0000000008004f50       0x24 /tmp/loko_bldr.GHVnCo.ltrans0.ltrans.o
 *(.rodata*)
 .rodata._read_mem.str1.1
                0x0000000008004f74       0x3b /tmp/loko_bldr.GHVnCo.ltrans0.ltrans.o
 *fill*         0x0000000008004faf        0x1 
 .rodata.AHBPrescTable
                0x0000000008004fb0       0x40 /tmp/loko_bldr.GHVnCo.ltrans0.ltrans.o
 .rodata.APBPrescTable
                0x0000000008004ff0       0x20 /tmp/loko_bldr.GHVnCo.ltrans0.ltrans.o
 .rodata.BLDR_PROTOCOL_IO
                0x0000000008005010       0x14 /tmp/loko_bldr.GHVnCo.ltrans0.ltrans.o
 .rodata.MSIRangeTable
                0x0000000008005024       0x40 /tmp/loko_bldr.GHVnCo.ltrans0.ltrans.o
 .rodata._crc16_ccitt_table
                0x0000000008005064      0x200 /tmp/loko_bldr.GHVnCo.ltrans0.ltrans.o
 .rodata._global_impure_ptr
                0x0000000008005264        0x4 /usr/gcc-arm-none-eabi-10.3-2021.07/bin/../lib/gcc/arm-none-eabi/10.3.1/../../../../arm-none-eabi/lib/thumb/v7e-m/nofp/libg_nano.a(lib_a-impure.o)
                0x0000000008005264                _global_impure_ptr
 .rodata._printf_float.str1.1
                0x0000000008005268       0x12 /usr/gcc-arm-none-eabi-10.3-2021.07/bin/../lib/gcc/arm-none-eabi/10.3.1/../../../../arm-none-eabi/lib/thumb/v7e-m/nofp/libg_nano.a(lib_a-nano-vfprintf_float.o)
 .rodata._printf_i.str1.1
                0x000000000800527a       0x22 /usr/gcc-arm-none-eabi-10.3-2021.07/bin/../lib/gcc/arm-none-eabi/10.3.1/../../../../arm-none-eabi/lib/thumb/v7e-m/nofp/libg_nano.a(lib_a-nano-vfprintf_i.o)
 .rodata._dtoa_r.str1.1
                0x000000000800529c       0xb3 /usr/gcc-arm-none-eabi-10.3-2021.07/bin/../lib/gcc/arm-none-eabi/10.3.1/../../../../arm-none-eabi/lib/thumb/v7e-m/nofp/libg_nano.a(lib_a-dtoa.o)
                                         0xb5 (size before relaxing)
 .rodata._Balloc.str1.1
                0x000000000800534f       0x7f /usr/gcc-arm-none-eabi-10.3-2021.07/bin/../lib/gcc/arm-none-eabi/10.3.1/../../../../arm-none-eabi/lib/thumb/v7e-m/nofp/libg_nano.a(lib_a-mprec.o)
                                         0x96 (size before relaxing)
 .rodata.__multadd.str1.1
                0x00000000080053ce       0x11 /usr/gcc-arm-none-eabi-10.3-2021.07/bin/../lib/gcc/arm-none-eabi/10.3.1/../../../../arm-none-eabi/lib/thumb/v7e-m/nofp/libg_nano.a(lib_a-mprec.o)
 *fill*         0x00000000080053ce        0x2 
 .rodata.__mprec_bigtens
                0x00000000080053d0       0x28 /usr/gcc-arm-none-eabi-10.3-2021.07/bin/../lib/gcc/arm-none-eabi/10.3.1/../../../../arm-none-eabi/lib/thumb/v7e-m/nofp/libg_nano.a(lib_a-mprec.o)
                0x00000000080053d0                __mprec_bigtens
 .rodata.__mprec_tens
                0x00000000080053f8       0xc8 /usr/gcc-arm-none-eabi-10.3-2021.07/bin/../lib/gcc/arm-none-eabi/10.3.1/../../../../arm-none-eabi/lib/thumb/v7e-m/nofp/libg_nano.a(lib_a-mprec.o)
                0x00000000080053f8                __mprec_tens
 .rodata.p05.0  0x00000000080054c0        0xc /usr/gcc-arm-none-eabi-10.3-2021.07/bin/../lib/gcc/arm-none-eabi/10.3.1/../../../../arm-none-eabi/lib/thumb/v7e-m/nofp/libg_nano.a(lib_a-mprec.o)
 .rodata.__assert_func.str1.1
                0x00000000080054cc       0x3c /usr/gcc-arm-none-eabi-10.3-2021.07/bin/../lib/gcc/arm-none-eabi/10.3.1/../../../../arm-none-eabi/lib/thumb/v7e-m/nofp/libg_nano.a(lib_a-assert.o)
                                         0x3d (size before relaxing)
 .rodata._setlocale_r.str1.1
                0x0000000008005508        0x8 /usr/gcc-arm-none-eabi-10.3-2021.07/bin/../lib/gcc/arm-none-eabi/10.3.1/../../../../arm-none-eabi/lib/thumb/v7e-m/nofp/libg_nano.a(lib_a-locale.o)
                                          0x9 (size before relaxing)
 .rodata.str1.1
                0x0000000008005510        0x2 /usr/gcc-arm-none-eabi-10.3-2021.07/bin/../lib/gcc/arm-none-eabi/10.3.1/../../../../arm-none-eabi/lib/thumb/v7e-m/nofp/libg_nano.a(lib_a-locale.o)
 .rodata._vfprintf_r.str1.1
                0x0000000008005512       0x11 /usr/gcc-arm-none-eabi-10.3-2021.07/bin/../lib/gcc/arm-none-eabi/10.3.1/../../../../arm-none-eabi/lib/thumb/v7e-m/nofp/libg_nano.a(lib_a-nano-vfprintf.o)
 .rodata._ctype_
                0x0000000008005523      0x101 /usr/gcc-arm-none-eabi-10.3-2021.07/bin/../lib/gcc/arm-none-eabi/10.3.1/../../../../arm-none-eabi/lib/thumb/v7e-m/nofp/libg_nano.a(lib_a-ctype_.o)
                0x0000000008005523                _ctype_
 .rodata.__sf_fake_stderr
                0x0000000008005624       0x20 /usr/gcc-arm-none-eabi-10.3-2021.07/bin/../lib/gcc/arm-none-eabi/10.3.1/../../../../arm-none-eabi/lib/thumb/v7e-m/nofp/libg_nano.a(lib_a-findfp.o)
                0x0000000008005624                __sf_fake_stderr
 .rodata.__sf_fake_stdin
                0x0000000008005644       0x20 /usr/gcc-arm-none-eabi-10.3-2021.07/bin/../lib/gcc/arm-none-eabi/10.3.1/../../../../arm-none-eabi/lib/thumb/v7e-m/nofp/libg_nano.a(lib_a-findfp.o)
                0x0000000008005644                __sf_fake_stdin
 .rodata.__sf_fake_stdout
                0x0000000008005664       0x20 /usr/gcc-arm-none-eabi-10.3-2021.07/bin/../lib/gcc/arm-none-eabi/10.3.1/../../../../arm-none-eabi/lib/thumb/v7e-m/nofp/libg_nano.a(lib_a-findfp.o)
                0x0000000008005664                __sf_fake_stdout
 .rodata._svfprintf_r.str1.1
                0x0000000008005684       0x11 /usr/gcc-arm-none-eabi-10.3-2021.07/bin/../lib/gcc/arm-none-eabi/10.3.1/../../../../arm-none-eabi/lib/thumb/v7e-m/nofp/libg_nano.a(lib_a-nano-svfprintf.o)
                0x0000000008005698                . = ALIGN (0x4)

.ARM.extab      0x0000000008005684        0x0
                0x0000000008005684                . = ALIGN (0x4)
 *(.ARM.extab* .gnu.linkonce.armextab.*)
                0x0000000008005684                . = ALIGN (0x4)

.ARM            0x0000000008005684        0x0
                0x0000000008005684                . = ALIGN (0x4)
                0x0000000008005684                __exidx_start = .
 *(.ARM.exidx*)
                0x0000000008005684                __exidx_end = .
                0x0000000008005684                . = ALIGN (0x4)

.preinit_array  0x0000000008005684        0x0
                0x0000000008005684                . = ALIGN (0x4)
                0x0000000008005684                PROVIDE (__preinit_array_start = .)
 *(.preinit_array*)
                0x0000000008005684                PROVIDE (__preinit_array_end = .)
                0x0000000008005684                . = ALIGN (0x4)

.init_array     0x0000000008005684        0x4
                0x0000000008005684                . = ALIGN (0x4)
                0x0000000008005684                PROVIDE (__init_array_start = .)
 *(SORT_BY_NAME(.init_array.*))
 *(.init_array*)
 .init_array    0x0000000008005684        0x4 /usr/gcc-arm-none-eabi-10.3-2021.07/bin/../lib/gcc/arm-none-eabi/10.3.1/thumb/v7e-m/nofp/crtbegin.o
                0x0000000008005688                PROVIDE (__init_array_end = .)
                0x0000000008005688                . = ALIGN (0x4)

.fini_array     0x0000000008005688        0x4
                0x0000000008005688                . = ALIGN (0x4)
                [!provide]                        PROVIDE (__fini_array_start = .)
 *(SORT_BY_NAME(.fini_array.*))
 *(.fini_array*)
 .fini_array    0x0000000008005688        0x4 /usr/gcc-arm-none-eabi-10.3-2021.07/bin/../lib/gcc/arm-none-eabi/10.3.1/thumb/v7e-m/nofp/crtbegin.o
                [!provide]                        PROVIDE (__fini_array_end = .)
                0x000000000800568c                . = ALIGN (0x4)
                0x000000000800568c                _sidata = LOADADDR (.data)

.data           0x0000000020000000      0x1d4 load address 0x000000000800568c
                0x0000000020000000                . = ALIGN (0x4)
                0x0000000020000000                _sdata = .
 *(.data)
 *(.data*)
 .data.SystemCoreClock
                0x0000000020000000        0x4 /tmp/loko_bldr.GHVnCo.ltrans0.ltrans.o
 .data._impure_ptr
                0x0000000020000004        0x4 /usr/gcc-arm-none-eabi-10.3-2021.07/bin/../lib/gcc/arm-none-eabi/10.3.1/../../../../arm-none-eabi/lib/thumb/v7e-m/nofp/libg_nano.a(lib_a-impure.o)
                0x0000000020000004                _impure_ptr
 .data.impure_data
                0x0000000020000008       0x60 /usr/gcc-arm-none-eabi-10.3-2021.07/bin/../lib/gcc/arm-none-eabi/10.3.1/../../../../arm-none-eabi/lib/thumb/v7e-m/nofp/libg_nano.a(lib_a-impure.o)
 .data.__global_locale
                0x0000000020000068      0x16c /usr/gcc-arm-none-eabi-10.3-2021.07/bin/../lib/gcc/arm-none-eabi/10.3.1/../../../../arm-none-eabi/lib/thumb/v7e-m/nofp/libg_nano.a(lib_a-locale.o)
                0x0000000020000068                __global_locale
 *(.RamFunc)
 *(.RamFunc*)
                0x00000000200001d4                . = ALIGN (0x4)
                0x00000000200001d4                _edata = .

.igot.plt       0x00000000200001d4        0x0 load address 0x0000000008005860
 .igot.plt      0x00000000200001d4        0x0 /usr/gcc-arm-none-eabi-10.3-2021.07/bin/../lib/gcc/arm-none-eabi/10.3.1/thumb/v7e-m/nofp/crtbegin.o

.crc_placeholder
                0x0000000008005860        0x4
                0x0000000008005860                . = ALIGN (0x4)
 *(.crc_placeholder)
 .crc_placeholder
                0x0000000008005860        0x4 /tmp/loko_bldr.GHVnCo.ltrans0.ltrans.o
                0x0000000008005864                . = ALIGN (0x4)

.rel.dyn        0x0000000008005864        0x0
 .rel.iplt      0x0000000008005864        0x0 /usr/gcc-arm-none-eabi-10.3-2021.07/bin/../lib/gcc/arm-none-eabi/10.3.1/thumb/v7e-m/nofp/crtbegin.o
                0x0000000008005864                . = ALIGN (0x4)

.bss            0x00000000200001d4      0x3e0
                0x00000000200001d4                _sbss = .
                0x00000000200001d4                __bss_start__ = _sbss
 *(.bss)
 .bss           0x00000000200001d4       0x1c /usr/gcc-arm-none-eabi-10.3-2021.07/bin/../lib/gcc/arm-none-eabi/10.3.1/thumb/v7e-m/nofp/crtbegin.o
 *(.bss*)
 .bss._context  0x00000000200001f0      0x12c /tmp/loko_bldr.GHVnCo.ltrans0.ltrans.o
 .bss._debug_rx_queue
                0x000000002000031c      0x210 /tmp/loko_bldr.GHVnCo.ltrans0.ltrans.o
 .bss._read_info.0
                0x000000002000052c       0x20 /tmp/loko_bldr.GHVnCo.ltrans0.ltrans.o
 .bss._rtc      0x000000002000054c       0x38 /tmp/loko_bldr.GHVnCo.ltrans0.ltrans.o
 .bss.pFlash    0x0000000020000584       0x18 /tmp/loko_bldr.GHVnCo.ltrans0.ltrans.o
 .bss.uwTick    0x000000002000059c        0x4 /tmp/loko_bldr.GHVnCo.ltrans0.ltrans.o
 .bss.__malloc_free_list
                0x00000000200005a0        0x4 /usr/gcc-arm-none-eabi-10.3-2021.07/bin/../lib/gcc/arm-none-eabi/10.3.1/../../../../arm-none-eabi/lib/thumb/v7e-m/nofp/libg_nano.a(lib_a-nano-mallocr.o)
                0x00000000200005a0                __malloc_free_list
 .bss.__malloc_sbrk_start
                0x00000000200005a4        0x4 /usr/gcc-arm-none-eabi-10.3-2021.07/bin/../lib/gcc/arm-none-eabi/10.3.1/../../../../arm-none-eabi/lib/thumb/v7e-m/nofp/libg_nano.a(lib_a-nano-mallocr.o)
                0x00000000200005a4                __malloc_sbrk_start
 .bss.errno     0x00000000200005a8        0x4 /usr/gcc-arm-none-eabi-10.3-2021.07/bin/../lib/gcc/arm-none-eabi/10.3.1/../../../../arm-none-eabi/lib/thumb/v7e-m/nofp/libg_nano.a(lib_a-reent.o)
                0x00000000200005a8                errno
 .bss.__lock___malloc_recursive_mutex
                0x00000000200005ac        0x1 /usr/gcc-arm-none-eabi-10.3-2021.07/bin/../lib/gcc/arm-none-eabi/10.3.1/../../../../arm-none-eabi/lib/thumb/v7e-m/nofp/libg_nano.a(lib_a-lock.o)
                0x00000000200005ac                __lock___malloc_recursive_mutex
 .bss.__lock___sfp_recursive_mutex
                0x00000000200005ad        0x1 /usr/gcc-arm-none-eabi-10.3-2021.07/bin/../lib/gcc/arm-none-eabi/10.3.1/../../../../arm-none-eabi/lib/thumb/v7e-m/nofp/libg_nano.a(lib_a-lock.o)
                0x00000000200005ad                __lock___sfp_recursive_mutex
 .bss.__lock___sinit_recursive_mutex
                0x00000000200005ae        0x1 /usr/gcc-arm-none-eabi-10.3-2021.07/bin/../lib/gcc/arm-none-eabi/10.3.1/../../../../arm-none-eabi/lib/thumb/v7e-m/nofp/libg_nano.a(lib_a-lock.o)
                0x00000000200005ae                __lock___sinit_recursive_mutex
 *fill*         0x00000000200005af        0x1 
 .bss.heap_end.0
                0x00000000200005b0        0x4 /usr/gcc-arm-none-eabi-10.3-2021.07/bin/../lib/gcc/arm-none-eabi/10.3.1/../../../../arm-none-eabi/lib/thumb/v7e-m/nofp/libnosys.a(sbrk.o)
 *(COMMON)
                0x00000000200005b4                . = ALIGN (0x4)
                0x00000000200005b4                _ebss = .
                0x00000000200005b4                __bss_end__ = _ebss

._user_heap_stack
                0x00000000200005b4      0xa04
                0x00000000200005b8                . = ALIGN (0x8)
 *fill*         0x00000000200005b4        0x4 
                0x00000000200005b8                PROVIDE (end = .)
                [!provide]                        PROVIDE (_end = .)
                0x00000000200007b8                . = (. + _Min_Heap_Size)
 *fill*         0x00000000200005b8      0x200 
                0x0000000020000fb8                . = (. + _Min_Stack_Size)
 *fill*         0x00000000200007b8      0x800 
                0x0000000020000fb8                . = ALIGN (0x8)

/DISCARD/
 libc.a(*)
 libm.a(*)
 libgcc.a(*)

.ARM.attributes
                0x0000000000000000       0x2a
 *(.ARM.attributes)
 .ARM.attributes
                0x0000000000000000       0x1e /usr/gcc-arm-none-eabi-10.3-2021.07/bin/../lib/gcc/arm-none-eabi/10.3.1/thumb/v7e-m/nofp/crti.o
 .ARM.attributes
                0x000000000000001e       0x2e /usr/gcc-arm-none-eabi-10.3-2021.07/bin/../lib/gcc/arm-none-eabi/10.3.1/thumb/v7e-m/nofp/crtbegin.o
 .ARM.attributes
                0x000000000000004c       0x2c /tmp/loko_bldr.GHVnCo.ltrans0.ltrans.o
 .ARM.attributes
                0x0000000000000078       0x21 out/libbsp_loko_bldr.a(startup_stm32wle5jcix.s.obj)
 .ARM.attributes
                0x0000000000000099       0x2e /usr/gcc-arm-none-eabi-10.3-2021.07/bin/../lib/gcc/arm-none-eabi/10.3.1/../../../../arm-none-eabi/lib/thumb/v7e-m/nofp/libg_nano.a(lib_a-impure.o)
 .ARM.attributes
                0x00000000000000c7       0x2e /usr/gcc-arm-none-eabi-10.3-2021.07/bin/../lib/gcc/arm-none-eabi/10.3.1/../../../../arm-none-eabi/lib/thumb/v7e-m/nofp/libg_nano.a(lib_a-init.o)
 .ARM.attributes
                0x00000000000000f5       0x2e /usr/gcc-arm-none-eabi-10.3-2021.07/bin/../lib/gcc/arm-none-eabi/10.3.1/../../../../arm-none-eabi/lib/thumb/v7e-m/nofp/libg_nano.a(lib_a-memset.o)
 .ARM.attributes
                0x0000000000000123       0x2e /usr/gcc-arm-none-eabi-10.3-2021.07/bin/../lib/gcc/arm-none-eabi/10.3.1/../../../../arm-none-eabi/lib/thumb/v7e-m/nofp/libg_nano.a(lib_a-nano-vfprintf_float.o)
 .ARM.attributes
                0x0000000000000151       0x2e /usr/gcc-arm-none-eabi-10.3-2021.07/bin/../lib/gcc/arm-none-eabi/10.3.1/../../../../arm-none-eabi/lib/thumb/v7e-m/nofp/libg_nano.a(lib_a-nano-vfprintf_i.o)
 .ARM.attributes
                0x000000000000017f       0x17 /usr/gcc-arm-none-eabi-10.3-2021.07/bin/../lib/gcc/arm-none-eabi/10.3.1/../../../../arm-none-eabi/lib/thumb/v7e-m/nofp/libg_nano.a(lib_a-strlen.o)
 .ARM.attributes
                0x0000000000000196       0x2e /usr/gcc-arm-none-eabi-10.3-2021.07/bin/../lib/gcc/arm-none-eabi/10.3.1/../../../../arm-none-eabi/lib/thumb/v7e-m/nofp/libg_nano.a(lib_a-dtoa.o)
 .ARM.attributes
                0x00000000000001c4       0x2e /usr/gcc-arm-none-eabi-10.3-2021.07/bin/../lib/gcc/arm-none-eabi/10.3.1/../../../../arm-none-eabi/lib/thumb/v7e-m/nofp/libg_nano.a(lib_a-localeconv.o)
 .ARM.attributes
                0x00000000000001f2       0x2e /usr/gcc-arm-none-eabi-10.3-2021.07/bin/../lib/gcc/arm-none-eabi/10.3.1/../../../../arm-none-eabi/lib/thumb/v7e-m/nofp/libg_nano.a(lib_a-malloc.o)
 .ARM.attributes
                0x0000000000000220       0x1c /usr/gcc-arm-none-eabi-10.3-2021.07/bin/../lib/gcc/arm-none-eabi/10.3.1/../../../../arm-none-eabi/lib/thumb/v7e-m/nofp/libg_nano.a(lib_a-memchr.o)
 .ARM.attributes
                0x000000000000023c       0x2e /usr/gcc-arm-none-eabi-10.3-2021.07/bin/../lib/gcc/arm-none-eabi/10.3.1/../../../../arm-none-eabi/lib/thumb/v7e-m/nofp/libg_nano.a(lib_a-memcpy-stub.o)
 .ARM.attributes
                0x000000000000026a       0x2e /usr/gcc-arm-none-eabi-10.3-2021.07/bin/../lib/gcc/arm-none-eabi/10.3.1/../../../../arm-none-eabi/lib/thumb/v7e-m/nofp/libg_nano.a(lib_a-mprec.o)
 .ARM.attributes
                0x0000000000000298       0x2e /usr/gcc-arm-none-eabi-10.3-2021.07/bin/../lib/gcc/arm-none-eabi/10.3.1/../../../../arm-none-eabi/lib/thumb/v7e-m/nofp/libg_nano.a(lib_a-nano-callocr.o)
 .ARM.attributes
                0x00000000000002c6       0x2e /usr/gcc-arm-none-eabi-10.3-2021.07/bin/../lib/gcc/arm-none-eabi/10.3.1/../../../../arm-none-eabi/lib/thumb/v7e-m/nofp/libg_nano.a(lib_a-nano-freer.o)
 .ARM.attributes
                0x00000000000002f4       0x2e /usr/gcc-arm-none-eabi-10.3-2021.07/bin/../lib/gcc/arm-none-eabi/10.3.1/../../../../arm-none-eabi/lib/thumb/v7e-m/nofp/libg_nano.a(lib_a-nano-mallocr.o)
 .ARM.attributes
                0x0000000000000322       0x2e /usr/gcc-arm-none-eabi-10.3-2021.07/bin/../lib/gcc/arm-none-eabi/10.3.1/../../../../arm-none-eabi/lib/thumb/v7e-m/nofp/libg_nano.a(lib_a-sbrkr.o)
 .ARM.attributes
                0x0000000000000350       0x2e /usr/gcc-arm-none-eabi-10.3-2021.07/bin/../lib/gcc/arm-none-eabi/10.3.1/../../../../arm-none-eabi/lib/thumb/v7e-m/nofp/libg_nano.a(lib_a-assert.o)
 .ARM.attributes
                0x000000000000037e       0x2e /usr/gcc-arm-none-eabi-10.3-2021.07/bin/../lib/gcc/arm-none-eabi/10.3.1/../../../../arm-none-eabi/lib/thumb/v7e-m/nofp/libg_nano.a(lib_a-fprintf.o)
 .ARM.attributes
                0x00000000000003ac       0x2e /usr/gcc-arm-none-eabi-10.3-2021.07/bin/../lib/gcc/arm-none-eabi/10.3.1/../../../../arm-none-eabi/lib/thumb/v7e-m/nofp/libg_nano.a(lib_a-locale.o)
 .ARM.attributes
                0x00000000000003da       0x2e /usr/gcc-arm-none-eabi-10.3-2021.07/bin/../lib/gcc/arm-none-eabi/10.3.1/../../../../arm-none-eabi/lib/thumb/v7e-m/nofp/libg_nano.a(lib_a-mbtowc_r.o)
 .ARM.attributes
                0x0000000000000408       0x2e /usr/gcc-arm-none-eabi-10.3-2021.07/bin/../lib/gcc/arm-none-eabi/10.3.1/../../../../arm-none-eabi/lib/thumb/v7e-m/nofp/libg_nano.a(lib_a-mlock.o)
 .ARM.attributes
                0x0000000000000436       0x2e /usr/gcc-arm-none-eabi-10.3-2021.07/bin/../lib/gcc/arm-none-eabi/10.3.1/../../../../arm-none-eabi/lib/thumb/v7e-m/nofp/libg_nano.a(lib_a-nano-vfprintf.o)
 .ARM.attributes
                0x0000000000000464       0x2e /usr/gcc-arm-none-eabi-10.3-2021.07/bin/../lib/gcc/arm-none-eabi/10.3.1/../../../../arm-none-eabi/lib/thumb/v7e-m/nofp/libg_nano.a(lib_a-reent.o)
 .ARM.attributes
                0x0000000000000492       0x2e /usr/gcc-arm-none-eabi-10.3-2021.07/bin/../lib/gcc/arm-none-eabi/10.3.1/../../../../arm-none-eabi/lib/thumb/v7e-m/nofp/libg_nano.a(lib_a-wbuf.o)
 .ARM.attributes
                0x00000000000004c0       0x2e /usr/gcc-arm-none-eabi-10.3-2021.07/bin/../lib/gcc/arm-none-eabi/10.3.1/../../../../arm-none-eabi/lib/thumb/v7e-m/nofp/libg_nano.a(lib_a-wctomb_r.o)
 .ARM.attributes
                0x00000000000004ee       0x2e /usr/gcc-arm-none-eabi-10.3-2021.07/bin/../lib/gcc/arm-none-eabi/10.3.1/../../../../arm-none-eabi/lib/thumb/v7e-m/nofp/libg_nano.a(lib_a-wsetup.o)
 .ARM.attributes
                0x000000000000051c       0x2e /usr/gcc-arm-none-eabi-10.3-2021.07/bin/../lib/gcc/arm-none-eabi/10.3.1/../../../../arm-none-eabi/lib/thumb/v7e-m/nofp/libg_nano.a(lib_a-abort.o)
 .ARM.attributes
                0x000000000000054a       0x2e /usr/gcc-arm-none-eabi-10.3-2021.07/bin/../lib/gcc/arm-none-eabi/10.3.1/../../../../arm-none-eabi/lib/thumb/v7e-m/nofp/libg_nano.a(lib_a-ctype_.o)
 .ARM.attributes
                0x0000000000000578       0x2e /usr/gcc-arm-none-eabi-10.3-2021.07/bin/../lib/gcc/arm-none-eabi/10.3.1/../../../../arm-none-eabi/lib/thumb/v7e-m/nofp/libg_nano.a(lib_a-fflush.o)
 .ARM.attributes
                0x00000000000005a6       0x2e /usr/gcc-arm-none-eabi-10.3-2021.07/bin/../lib/gcc/arm-none-eabi/10.3.1/../../../../arm-none-eabi/lib/thumb/v7e-m/nofp/libg_nano.a(lib_a-findfp.o)
 .ARM.attributes
                0x00000000000005d4       0x2e /usr/gcc-arm-none-eabi-10.3-2021.07/bin/../lib/gcc/arm-none-eabi/10.3.1/../../../../arm-none-eabi/lib/thumb/v7e-m/nofp/libg_nano.a(lib_a-fwalk.o)
 .ARM.attributes
                0x0000000000000602       0x2e /usr/gcc-arm-none-eabi-10.3-2021.07/bin/../lib/gcc/arm-none-eabi/10.3.1/../../../../arm-none-eabi/lib/thumb/v7e-m/nofp/libg_nano.a(lib_a-lock.o)
 .ARM.attributes
                0x0000000000000630       0x2e /usr/gcc-arm-none-eabi-10.3-2021.07/bin/../lib/gcc/arm-none-eabi/10.3.1/../../../../arm-none-eabi/lib/thumb/v7e-m/nofp/libg_nano.a(lib_a-makebuf.o)
 .ARM.attributes
                0x000000000000065e       0x2e /usr/gcc-arm-none-eabi-10.3-2021.07/bin/../lib/gcc/arm-none-eabi/10.3.1/../../../../arm-none-eabi/lib/thumb/v7e-m/nofp/libg_nano.a(lib_a-memmove.o)
 .ARM.attributes
                0x000000000000068c       0x2e /usr/gcc-arm-none-eabi-10.3-2021.07/bin/../lib/gcc/arm-none-eabi/10.3.1/../../../../arm-none-eabi/lib/thumb/v7e-m/nofp/libg_nano.a(lib_a-nano-reallocr.o)
 .ARM.attributes
                0x00000000000006ba       0x2e /usr/gcc-arm-none-eabi-10.3-2021.07/bin/../lib/gcc/arm-none-eabi/10.3.1/../../../../arm-none-eabi/lib/thumb/v7e-m/nofp/libg_nano.a(lib_a-signal.o)
 .ARM.attributes
                0x00000000000006e8       0x2e /usr/gcc-arm-none-eabi-10.3-2021.07/bin/../lib/gcc/arm-none-eabi/10.3.1/../../../../arm-none-eabi/lib/thumb/v7e-m/nofp/libg_nano.a(lib_a-signalr.o)
 .ARM.attributes
                0x0000000000000716       0x2e /usr/gcc-arm-none-eabi-10.3-2021.07/bin/../lib/gcc/arm-none-eabi/10.3.1/../../../../arm-none-eabi/lib/thumb/v7e-m/nofp/libg_nano.a(lib_a-stdio.o)
 .ARM.attributes
                0x0000000000000744       0x2e /usr/gcc-arm-none-eabi-10.3-2021.07/bin/../lib/gcc/arm-none-eabi/10.3.1/../../../../arm-none-eabi/lib/thumb/v7e-m/nofp/libg_nano.a(lib_a-writer.o)
 .ARM.attributes
                0x0000000000000772       0x2e /usr/gcc-arm-none-eabi-10.3-2021.07/bin/../lib/gcc/arm-none-eabi/10.3.1/../../../../arm-none-eabi/lib/thumb/v7e-m/nofp/libg_nano.a(lib_a-closer.o)
 .ARM.attributes
                0x00000000000007a0       0x2e /usr/gcc-arm-none-eabi-10.3-2021.07/bin/../lib/gcc/arm-none-eabi/10.3.1/../../../../arm-none-eabi/lib/thumb/v7e-m/nofp/libg_nano.a(lib_a-fstatr.o)
 .ARM.attributes
                0x00000000000007ce       0x2e /usr/gcc-arm-none-eabi-10.3-2021.07/bin/../lib/gcc/arm-none-eabi/10.3.1/../../../../arm-none-eabi/lib/thumb/v7e-m/nofp/libg_nano.a(lib_a-isattyr.o)
 .ARM.attributes
                0x00000000000007fc       0x2e /usr/gcc-arm-none-eabi-10.3-2021.07/bin/../lib/gcc/arm-none-eabi/10.3.1/../../../../arm-none-eabi/lib/thumb/v7e-m/nofp/libg_nano.a(lib_a-lseekr.o)
 .ARM.attributes
                0x000000000000082a       0x2e /usr/gcc-arm-none-eabi-10.3-2021.07/bin/../lib/gcc/arm-none-eabi/10.3.1/../../../../arm-none-eabi/lib/thumb/v7e-m/nofp/libg_nano.a(lib_a-nano-msizer.o)
 .ARM.attributes
                0x0000000000000858       0x2e /usr/gcc-arm-none-eabi-10.3-2021.07/bin/../lib/gcc/arm-none-eabi/10.3.1/../../../../arm-none-eabi/lib/thumb/v7e-m/nofp/libg_nano.a(lib_a-readr.o)
 .ARM.attributes
                0x0000000000000886       0x2e /usr/gcc-arm-none-eabi-10.3-2021.07/bin/../lib/gcc/arm-none-eabi/10.3.1/../../../../arm-none-eabi/lib/thumb/v7e-m/nofp/libg_nano.a(lib_a-snprintf.o)
 .ARM.attributes
                0x00000000000008b4       0x2e /usr/gcc-arm-none-eabi-10.3-2021.07/bin/../lib/gcc/arm-none-eabi/10.3.1/../../../../arm-none-eabi/lib/thumb/v7e-m/nofp/libg_nano.a(lib_a-strcpy.o)
 .ARM.attributes
                0x00000000000008e2       0x2e /usr/gcc-arm-none-eabi-10.3-2021.07/bin/../lib/gcc/arm-none-eabi/10.3.1/../../../../arm-none-eabi/lib/thumb/v7e-m/nofp/libg_nano.a(lib_a-nano-svfprintf.o)
 .ARM.attributes
                0x0000000000000910       0x1e /usr/gcc-arm-none-eabi-10.3-2021.07/bin/../lib/gcc/arm-none-eabi/10.3.1/thumb/v7e-m/nofp/libgcc.a(_arm_addsubdf3.o)
 .ARM.attributes
                0x000000000000092e       0x1e /usr/gcc-arm-none-eabi-10.3-2021.07/bin/../lib/gcc/arm-none-eabi/10.3.1/thumb/v7e-m/nofp/libgcc.a(_arm_muldivdf3.o)
 .ARM.attributes
                0x000000000000094c       0x1e /usr/gcc-arm-none-eabi-10.3-2021.07/bin/../lib/gcc/arm-none-eabi/10.3.1/thumb/v7e-m/nofp/libgcc.a(_arm_cmpdf2.o)
 .ARM.attributes
                0x000000000000096a       0x1e /usr/gcc-arm-none-eabi-10.3-2021.07/bin/../lib/gcc/arm-none-eabi/10.3.1/thumb/v7e-m/nofp/libgcc.a(_arm_unorddf2.o)
 .ARM.attributes
                0x0000000000000988       0x1e /usr/gcc-arm-none-eabi-10.3-2021.07/bin/../lib/gcc/arm-none-eabi/10.3.1/thumb/v7e-m/nofp/libgcc.a(_arm_fixdfsi.o)
 .ARM.attributes
                0x00000000000009a6       0x2e /usr/gcc-arm-none-eabi-10.3-2021.07/bin/../lib/gcc/arm-none-eabi/10.3.1/../../../../arm-none-eabi/lib/thumb/v7e-m/nofp/libnosys.a(close.o)
 .ARM.attributes
                0x00000000000009d4       0x2e /usr/gcc-arm-none-eabi-10.3-2021.07/bin/../lib/gcc/arm-none-eabi/10.3.1/../../../../arm-none-eabi/lib/thumb/v7e-m/nofp/libnosys.a(fstat.o)
 .ARM.attributes
                0x0000000000000a02       0x2e /usr/gcc-arm-none-eabi-10.3-2021.07/bin/../lib/gcc/arm-none-eabi/10.3.1/../../../../arm-none-eabi/lib/thumb/v7e-m/nofp/libnosys.a(getpid.o)
 .ARM.attributes
                0x0000000000000a30       0x2e /usr/gcc-arm-none-eabi-10.3-2021.07/bin/../lib/gcc/arm-none-eabi/10.3.1/../../../../arm-none-eabi/lib/thumb/v7e-m/nofp/libnosys.a(isatty.o)
 .ARM.attributes
                0x0000000000000a5e       0x2e /usr/gcc-arm-none-eabi-10.3-2021.07/bin/../lib/gcc/arm-none-eabi/10.3.1/../../../../arm-none-eabi/lib/thumb/v7e-m/nofp/libnosys.a(kill.o)
 .ARM.attributes
                0x0000000000000a8c       0x2e /usr/gcc-arm-none-eabi-10.3-2021.07/bin/../lib/gcc/arm-none-eabi/10.3.1/../../../../arm-none-eabi/lib/thumb/v7e-m/nofp/libnosys.a(lseek.o)
 .ARM.attributes
                0x0000000000000aba       0x2e /usr/gcc-arm-none-eabi-10.3-2021.07/bin/../lib/gcc/arm-none-eabi/10.3.1/../../../../arm-none-eabi/lib/thumb/v7e-m/nofp/libnosys.a(read.o)
 .ARM.attributes
                0x0000000000000ae8       0x2e /usr/gcc-arm-none-eabi-10.3-2021.07/bin/../lib/gcc/arm-none-eabi/10.3.1/../../../../arm-none-eabi/lib/thumb/v7e-m/nofp/libnosys.a(sbrk.o)
 .ARM.attributes
                0x0000000000000b16       0x2e /usr/gcc-arm-none-eabi-10.3-2021.07/bin/../lib/gcc/arm-none-eabi/10.3.1/../../../../arm-none-eabi/lib/thumb/v7e-m/nofp/libnosys.a(write.o)
 .ARM.attributes
                0x0000000000000b44       0x2e /usr/gcc-arm-none-eabi-10.3-2021.07/bin/../lib/gcc/arm-none-eabi/10.3.1/../../../../arm-none-eabi/lib/thumb/v7e-m/nofp/libnosys.a(_exit.o)
 .ARM.attributes
                0x0000000000000b72       0x1e /usr/gcc-arm-none-eabi-10.3-2021.07/bin/../lib/gcc/arm-none-eabi/10.3.1/thumb/v7e-m/nofp/crtn.o
OUTPUT(out/loko_bldr elf32-littlearm)
LOAD linker stubs
LOAD /usr/gcc-arm-none-eabi-10.3-2021.07/bin/../lib/gcc/arm-none-eabi/10.3.1/../../../../arm-none-eabi/lib/thumb/v7e-m/nofp/libc.a
LOAD /usr/gcc-arm-none-eabi-10.3-2021.07/bin/../lib/gcc/arm-none-eabi/10.3.1/../../../../arm-none-eabi/lib/thumb/v7e-m/nofp/libm.a
LOAD /usr/gcc-arm-none-eabi-10.3-2021.07/bin/../lib/gcc/arm-none-eabi/10.3.1/thumb/v7e-m/nofp/libgcc.a

.debug_info     0x0000000000000000    0x12aee
 .debug_info    0x0000000000000000     0x3f40 /tmp/loko_bldr.GHVnCo.ltrans0.ltrans.o
 .debug_info    0x0000000000003f40      0x5af /tmp/ccy621VF.debug.temp.o
                0x0000000000003f40                bootloader.c.ecfb1aa8
 .debug_info    0x00000000000044ef      0x157 /tmp/ccaTA4Jf.debug.temp.o
                0x00000000000044ef                version.c.7e2c8eaf
 .debug_info    0x0000000000004646      0x51f /tmp/ccvAPD9u.debug.temp.o
                0x0000000000004646                queue.c.9e7c76db
 .debug_info    0x0000000000004b65      0x133 /tmp/ccfBlC61.debug.temp.o
                0x0000000000004b65                crc16.c.c523397d
 .debug_info    0x0000000000004c98      0x551 /tmp/ccIPP88a.debug.temp.o
                0x0000000000004c98                stm32_bootloader_host_protocol.c.b1c71e23
 .debug_info    0x00000000000051e9      0x882 /tmp/ccnGls5Y.debug.temp.o
                0x00000000000051e9                bsp_clocks.c.a574245a
 .debug_info    0x0000000000005a6b      0x3d9 /tmp/cc5JA3qz.debug.temp.o
                0x0000000000005a6b                bsp_flash.c.abd94cbf
 .debug_info    0x0000000000005e44      0x571 /tmp/cc9Grh0w.debug.temp.o
                0x0000000000005e44                bsp_gpio.c.29f73026
 .debug_info    0x00000000000063b5      0x51c /tmp/cc921GvR.debug.temp.o
                0x00000000000063b5                bsp_low_power.c.673edb77
 .debug_info    0x00000000000068d1      0xc68 /tmp/ccDOIDri.debug.temp.o
                0x00000000000068d1                bsp_rtc.c.3bb4d8de
 .debug_info    0x0000000000007539     0x10c0 /tmp/ccY2rqiT.debug.temp.o
                0x0000000000007539                bsp_uart.c.1d839764
 .debug_info    0x00000000000085f9      0xdbb /tmp/ccAEZGzQ.debug.temp.o
                0x00000000000085f9                bsp.c.05dbe256
 .debug_info    0x00000000000093b4      0x40a /tmp/ccKuznnC.debug.temp.o
                0x00000000000093b4                system_stm32wlxx.c.3f702d26
 .debug_info    0x00000000000097be      0xb5c /tmp/cctkgbI3.debug.temp.o
                0x00000000000097be                stm32wlxx_hal_cortex.c.9d88d698
 .debug_info    0x000000000000a31a      0x6ce /tmp/ccKaR9HV.debug.temp.o
                0x000000000000a31a                stm32wlxx_hal_flash_ex.c.1c24db45
 .debug_info    0x000000000000a9e8      0x525 /tmp/ccYl2nHd.debug.temp.o
                0x000000000000a9e8                stm32wlxx_hal_flash.c.d28c6de3
 .debug_info    0x000000000000af0d      0x620 /tmp/ccdOXakv.debug.temp.o
                0x000000000000af0d                stm32wlxx_hal_gpio.c.8b5815e4
 .debug_info    0x000000000000b52d      0xa6f /tmp/ccrhwnvz.debug.temp.o
                0x000000000000b52d                stm32wlxx_hal_pwr_ex.c.51f37da4
 .debug_info    0x000000000000bf9c      0x738 /tmp/cchRda9B.debug.temp.o
                0x000000000000bf9c                stm32wlxx_hal_pwr.c.bac4cb5b
 .debug_info    0x000000000000c6d4     0x11f4 /tmp/cc3fhHFy.debug.temp.o
                0x000000000000c6d4                stm32wlxx_hal_rtc_ex.c.6372ad5b
 .debug_info    0x000000000000d8c8      0xdd2 /tmp/cc97HPM5.debug.temp.o
                0x000000000000d8c8                stm32wlxx_hal_rtc.c.77a57d91
 .debug_info    0x000000000000e69a      0xbc8 /tmp/ccDR2sgH.debug.temp.o
                0x000000000000e69a                stm32wlxx_hal.c.07d419b4
 .debug_info    0x000000000000f262      0x6b5 /tmp/ccwrD6Wa.debug.temp.o
                0x000000000000f262                stm32wlxx_ll_gpio.c.f908c82f
 .debug_info    0x000000000000f917      0x950 /tmp/ccAQoqn4.debug.temp.o
                0x000000000000f917                stm32wlxx_ll_rcc.c.db5e2429
 .debug_info    0x0000000000010267      0x767 /tmp/ccYi2ujF.debug.temp.o
                0x0000000000010267                stm32wlxx_ll_usart.c.27444a60
 .debug_info    0x00000000000109ce      0xb34 /tmp/cc1OIR0M.debug.temp.o
                0x00000000000109ce                stm32wlxx_ll_utils.c.55f853da
 .debug_info    0x0000000000011502      0x6f2 /tmp/ccRxO0ah.debug.temp.o
                0x0000000000011502                bsp_stm32wlxx_it.c.55141fc5
 .debug_info    0x0000000000011bf4      0xed8 /tmp/ccWWbfKC.debug.temp.o
                0x0000000000011bf4                stm32wlxx_hal_rcc.c.154718f0
 .debug_info    0x0000000000012acc       0x22 out/libbsp_loko_bldr.a(startup_stm32wle5jcix.s.obj)

.debug_abbrev   0x0000000000000000     0x30ab
 .debug_abbrev  0x0000000000000000      0x346 /tmp/loko_bldr.GHVnCo.ltrans0.ltrans.o
 .debug_abbrev  0x0000000000000346      0x16a /tmp/ccy621VF.debug.temp.o
 .debug_abbrev  0x00000000000004b0       0xac /tmp/ccaTA4Jf.debug.temp.o
 .debug_abbrev  0x000000000000055c       0xe9 /tmp/ccvAPD9u.debug.temp.o
 .debug_abbrev  0x0000000000000645       0xad /tmp/ccfBlC61.debug.temp.o
 .debug_abbrev  0x00000000000006f2      0x182 /tmp/ccIPP88a.debug.temp.o
 .debug_abbrev  0x0000000000000874      0x1d1 /tmp/ccnGls5Y.debug.temp.o
 .debug_abbrev  0x0000000000000a45      0x131 /tmp/cc5JA3qz.debug.temp.o
 .debug_abbrev  0x0000000000000b76      0x1a0 /tmp/cc9Grh0w.debug.temp.o
 .debug_abbrev  0x0000000000000d16      0x153 /tmp/cc921GvR.debug.temp.o
 .debug_abbrev  0x0000000000000e69      0x20d /tmp/ccDOIDri.debug.temp.o
 .debug_abbrev  0x0000000000001076      0x1e6 /tmp/ccY2rqiT.debug.temp.o
 .debug_abbrev  0x000000000000125c      0x27d /tmp/ccAEZGzQ.debug.temp.o
 .debug_abbrev  0x00000000000014d9      0x119 /tmp/ccKuznnC.debug.temp.o
 .debug_abbrev  0x00000000000015f2      0x21f /tmp/cctkgbI3.debug.temp.o
 .debug_abbrev  0x0000000000001811      0x1e1 /tmp/ccKaR9HV.debug.temp.o
 .debug_abbrev  0x00000000000019f2      0x1d9 /tmp/ccYl2nHd.debug.temp.o
 .debug_abbrev  0x0000000000001bcb      0x1a2 /tmp/ccdOXakv.debug.temp.o
 .debug_abbrev  0x0000000000001d6d      0x205 /tmp/ccrhwnvz.debug.temp.o
 .debug_abbrev  0x0000000000001f72      0x164 /tmp/cchRda9B.debug.temp.o
 .debug_abbrev  0x00000000000020d6      0x197 /tmp/cc3fhHFy.debug.temp.o
 .debug_abbrev  0x000000000000226d      0x191 /tmp/cc97HPM5.debug.temp.o
 .debug_abbrev  0x00000000000023fe      0x210 /tmp/ccDR2sgH.debug.temp.o
 .debug_abbrev  0x000000000000260e      0x1c4 /tmp/ccwrD6Wa.debug.temp.o
 .debug_abbrev  0x00000000000027d2      0x1cc /tmp/ccAQoqn4.debug.temp.o
 .debug_abbrev  0x000000000000299e      0x1b7 /tmp/ccYi2ujF.debug.temp.o
 .debug_abbrev  0x0000000000002b55      0x1e8 /tmp/cc1OIR0M.debug.temp.o
 .debug_abbrev  0x0000000000002d3d      0x13c /tmp/ccRxO0ah.debug.temp.o
 .debug_abbrev  0x0000000000002e79      0x220 /tmp/ccWWbfKC.debug.temp.o
 .debug_abbrev  0x0000000000003099       0x12 out/libbsp_loko_bldr.a(startup_stm32wle5jcix.s.obj)

.debug_loc      0x0000000000000000     0x2ee6
 .debug_loc     0x0000000000000000     0x2ee6 /tmp/loko_bldr.GHVnCo.ltrans0.ltrans.o

.debug_aranges  0x0000000000000000      0x178
 .debug_aranges
                0x0000000000000000      0x150 /tmp/loko_bldr.GHVnCo.ltrans0.ltrans.o
 .debug_aranges
                0x0000000000000150       0x28 out/libbsp_loko_bldr.a(startup_stm32wle5jcix.s.obj)

.debug_ranges   0x0000000000000000      0xf50
 .debug_ranges  0x0000000000000000      0xf30 /tmp/loko_bldr.GHVnCo.ltrans0.ltrans.o
 .debug_ranges  0x0000000000000f30       0x20 out/libbsp_loko_bldr.a(startup_stm32wle5jcix.s.obj)

.debug_line     0x0000000000000000     0x65d7
 .debug_line    0x0000000000000000     0x2b71 /tmp/loko_bldr.GHVnCo.ltrans0.ltrans.o
 .debug_line    0x0000000000002b71      0x265 /tmp/ccy621VF.debug.temp.o
 .debug_line    0x0000000000002dd6      0x176 /tmp/ccaTA4Jf.debug.temp.o
 .debug_line    0x0000000000002f4c      0x151 /tmp/ccvAPD9u.debug.temp.o
 .debug_line    0x000000000000309d       0xf1 /tmp/ccfBlC61.debug.temp.o
 .debug_line    0x000000000000318e      0x19c /tmp/ccIPP88a.debug.temp.o
 .debug_line    0x000000000000332a      0x22a /tmp/ccnGls5Y.debug.temp.o
 .debug_line    0x0000000000003554      0x1d5 /tmp/cc5JA3qz.debug.temp.o
 .debug_line    0x0000000000003729      0x1eb /tmp/cc9Grh0w.debug.temp.o
 .debug_line    0x0000000000003914      0x23f /tmp/cc921GvR.debug.temp.o
 .debug_line    0x0000000000003b53      0x26a /tmp/ccDOIDri.debug.temp.o
 .debug_line    0x0000000000003dbd      0x2be /tmp/ccY2rqiT.debug.temp.o
 .debug_line    0x000000000000407b      0x2c4 /tmp/ccAEZGzQ.debug.temp.o
 .debug_line    0x000000000000433f      0x1c4 /tmp/ccKuznnC.debug.temp.o
 .debug_line    0x0000000000004503      0x229 /tmp/cctkgbI3.debug.temp.o
 .debug_line    0x000000000000472c      0x1f2 /tmp/ccKaR9HV.debug.temp.o
 .debug_line    0x000000000000491e      0x230 /tmp/ccYl2nHd.debug.temp.o
 .debug_line    0x0000000000004b4e      0x1ed /tmp/ccdOXakv.debug.temp.o
 .debug_line    0x0000000000004d3b      0x274 /tmp/ccrhwnvz.debug.temp.o
 .debug_line    0x0000000000004faf      0x242 /tmp/cchRda9B.debug.temp.o
 .debug_line    0x00000000000051f1      0x208 /tmp/cc3fhHFy.debug.temp.o
 .debug_line    0x00000000000053f9      0x1eb /tmp/cc97HPM5.debug.temp.o
 .debug_line    0x00000000000055e4      0x268 /tmp/ccDR2sgH.debug.temp.o
 .debug_line    0x000000000000584c      0x23a /tmp/ccwrD6Wa.debug.temp.o
 .debug_line    0x0000000000005a86      0x1f7 /tmp/ccAQoqn4.debug.temp.o
 .debug_line    0x0000000000005c7d      0x1fb /tmp/ccYi2ujF.debug.temp.o
 .debug_line    0x0000000000005e78      0x280 /tmp/cc1OIR0M.debug.temp.o
 .debug_line    0x00000000000060f8      0x1df /tmp/ccRxO0ah.debug.temp.o
 .debug_line    0x00000000000062d7      0x258 /tmp/ccWWbfKC.debug.temp.o
 .debug_line    0x000000000000652f       0xa8 out/libbsp_loko_bldr.a(startup_stm32wle5jcix.s.obj)

.debug_str      0x0000000000000000     0x6a9a
 .debug_str     0x0000000000000000      0x1ae /tmp/loko_bldr.GHVnCo.ltrans0.ltrans.o
                                        0x1f2 (size before relaxing)
 .debug_str     0x00000000000001ae      0x610 /tmp/ccy621VF.debug.temp.o
                                        0x6f8 (size before relaxing)
 .debug_str     0x00000000000007be       0x8e /tmp/ccaTA4Jf.debug.temp.o
                                        0x2b4 (size before relaxing)
 .debug_str     0x000000000000084c      0x181 /tmp/ccvAPD9u.debug.temp.o
                                        0x3c1 (size before relaxing)
 .debug_str     0x00000000000009cd       0x61 /tmp/ccfBlC61.debug.temp.o
                                        0x23e (size before relaxing)
 .debug_str     0x0000000000000a2e      0x413 /tmp/ccIPP88a.debug.temp.o
                                        0x798 (size before relaxing)
 .debug_str     0x0000000000000e41      0x4fa /tmp/ccnGls5Y.debug.temp.o
                                        0x7ef (size before relaxing)
 .debug_str     0x000000000000133b      0x2a4 /tmp/cc5JA3qz.debug.temp.o
                                        0x4dd (size before relaxing)
 .debug_str     0x00000000000015df      0x23b /tmp/cc9Grh0w.debug.temp.o
                                        0x593 (size before relaxing)
 .debug_str     0x000000000000181a       0xac /tmp/cc921GvR.debug.temp.o
                                        0x4ab (size before relaxing)
 .debug_str     0x00000000000018c6      0x84c /tmp/ccDOIDri.debug.temp.o
                                        0xcf1 (size before relaxing)
 .debug_str     0x0000000000002112      0x503 /tmp/ccY2rqiT.debug.temp.o
                                        0xd14 (size before relaxing)
 .debug_str     0x0000000000002615      0x36a /tmp/ccAEZGzQ.debug.temp.o
                                        0xc1a (size before relaxing)
 .debug_str     0x000000000000297f       0xb1 /tmp/ccKuznnC.debug.temp.o
                                        0x3f1 (size before relaxing)
 .debug_str     0x0000000000002a30      0x3c8 /tmp/cctkgbI3.debug.temp.o
                                        0xb57 (size before relaxing)
 .debug_str     0x0000000000002df8      0x3a3 /tmp/ccKaR9HV.debug.temp.o
                                        0x6a1 (size before relaxing)
 .debug_str     0x000000000000319b      0x20d /tmp/ccYl2nHd.debug.temp.o
                                        0x552 (size before relaxing)
 .debug_str     0x00000000000033a8      0x1c1 /tmp/ccdOXakv.debug.temp.o
                                        0x4bb (size before relaxing)
 .debug_str     0x0000000000003569      0x6c7 /tmp/ccrhwnvz.debug.temp.o
                                        0xa68 (size before relaxing)
 .debug_str     0x0000000000003c30      0x2b9 /tmp/cchRda9B.debug.temp.o
                                        0x60b (size before relaxing)
 .debug_str     0x0000000000003ee9      0x878 /tmp/cc3fhHFy.debug.temp.o
                                        0xdd1 (size before relaxing)
 .debug_str     0x0000000000004761      0x27e /tmp/cc97HPM5.debug.temp.o
                                        0x901 (size before relaxing)
 .debug_str     0x00000000000049df      0x70b /tmp/ccDR2sgH.debug.temp.o
                                        0xede (size before relaxing)
 .debug_str     0x00000000000050ea      0x141 /tmp/ccwrD6Wa.debug.temp.o
                                        0x53e (size before relaxing)
 .debug_str     0x000000000000522b      0x63e /tmp/ccAQoqn4.debug.temp.o
                                        0xa94 (size before relaxing)
 .debug_str     0x0000000000005869      0x1bd /tmp/ccYi2ujF.debug.temp.o
                                        0x641 (size before relaxing)
 .debug_str     0x0000000000005a26      0x35d /tmp/cc1OIR0M.debug.temp.o
                                        0x995 (size before relaxing)
 .debug_str     0x0000000000005d83      0x72d /tmp/ccRxO0ah.debug.temp.o
                                        0x9ac (size before relaxing)
 .debug_str     0x00000000000064b0      0x573 /tmp/ccWWbfKC.debug.temp.o
                                        0xdb3 (size before relaxing)
 .debug_str     0x0000000000006a23       0x77 out/libbsp_loko_bldr.a(startup_stm32wle5jcix.s.obj)

.comment        0x0000000000000000       0x49
 .comment       0x0000000000000000       0x49 /tmp/loko_bldr.GHVnCo.ltrans0.ltrans.o
                                         0x4a (size before relaxing)

.debug_frame    0x0000000000000000     0x1ac8
 .debug_frame   0x0000000000000000      0x788 /tmp/loko_bldr.GHVnCo.ltrans0.ltrans.o
 .debug_frame   0x0000000000000788       0x2c /usr/gcc-arm-none-eabi-10.3-2021.07/bin/../lib/gcc/arm-none-eabi/10.3.1/../../../../arm-none-eabi/lib/thumb/v7e-m/nofp/libg_nano.a(lib_a-init.o)
 .debug_frame   0x00000000000007b4       0x20 /usr/gcc-arm-none-eabi-10.3-2021.07/bin/../lib/gcc/arm-none-eabi/10.3.1/../../../../arm-none-eabi/lib/thumb/v7e-m/nofp/libg_nano.a(lib_a-memset.o)
 .debug_frame   0x00000000000007d4       0x94 /usr/gcc-arm-none-eabi-10.3-2021.07/bin/../lib/gcc/arm-none-eabi/10.3.1/../../../../arm-none-eabi/lib/thumb/v7e-m/nofp/libg_nano.a(lib_a-nano-vfprintf_float.o)
 .debug_frame   0x0000000000000868       0x60 /usr/gcc-arm-none-eabi-10.3-2021.07/bin/../lib/gcc/arm-none-eabi/10.3.1/../../../../arm-none-eabi/lib/thumb/v7e-m/nofp/libg_nano.a(lib_a-nano-vfprintf_i.o)
 .debug_frame   0x00000000000008c8       0x6c /usr/gcc-arm-none-eabi-10.3-2021.07/bin/../lib/gcc/arm-none-eabi/10.3.1/../../../../arm-none-eabi/lib/thumb/v7e-m/nofp/libg_nano.a(lib_a-dtoa.o)
 .debug_frame   0x0000000000000934       0x40 /usr/gcc-arm-none-eabi-10.3-2021.07/bin/../lib/gcc/arm-none-eabi/10.3.1/../../../../arm-none-eabi/lib/thumb/v7e-m/nofp/libg_nano.a(lib_a-localeconv.o)
 .debug_frame   0x0000000000000974       0x30 /usr/gcc-arm-none-eabi-10.3-2021.07/bin/../lib/gcc/arm-none-eabi/10.3.1/../../../../arm-none-eabi/lib/thumb/v7e-m/nofp/libg_nano.a(lib_a-malloc.o)
 .debug_frame   0x00000000000009a4       0x28 /usr/gcc-arm-none-eabi-10.3-2021.07/bin/../lib/gcc/arm-none-eabi/10.3.1/../../../../arm-none-eabi/lib/thumb/v7e-m/nofp/libg_nano.a(lib_a-memcpy-stub.o)
 .debug_frame   0x00000000000009cc      0x254 /usr/gcc-arm-none-eabi-10.3-2021.07/bin/../lib/gcc/arm-none-eabi/10.3.1/../../../../arm-none-eabi/lib/thumb/v7e-m/nofp/libg_nano.a(lib_a-mprec.o)
 .debug_frame   0x0000000000000c20       0x2c /usr/gcc-arm-none-eabi-10.3-2021.07/bin/../lib/gcc/arm-none-eabi/10.3.1/../../../../arm-none-eabi/lib/thumb/v7e-m/nofp/libg_nano.a(lib_a-nano-callocr.o)
 .debug_frame   0x0000000000000c4c       0x38 /usr/gcc-arm-none-eabi-10.3-2021.07/bin/../lib/gcc/arm-none-eabi/10.3.1/../../../../arm-none-eabi/lib/thumb/v7e-m/nofp/libg_nano.a(lib_a-nano-freer.o)
 .debug_frame   0x0000000000000c84       0x4c /usr/gcc-arm-none-eabi-10.3-2021.07/bin/../lib/gcc/arm-none-eabi/10.3.1/../../../../arm-none-eabi/lib/thumb/v7e-m/nofp/libg_nano.a(lib_a-nano-mallocr.o)