Archive member included to satisfy reference by file (symbol)

out/libbsp_loko_app.a(radio_board_if.c.obj)
                              CMakeFiles/loko_app.dir/Middlewares/Third_Party/SubGHz_Phy/stm32_radio_driver/radio_driver.c.obj (symbol from plugin) (RBI_Init)
out/libbsp_loko_app.a(bsp.c.obj)
                              CMakeFiles/loko_app.dir/Middlewares/Third_Party/SubGHz_Phy/stm32_radio_driver/radio_driver.c.obj (symbol from plugin) (bsp_disable_irq)
out/libbsp_loko_app.a(bsp_battery.c.obj)
                              CMakeFiles/loko_app.dir/Core/Src/application.c.obj (symbol from plugin) (bsp_battery_measure)
out/libbsp_loko_app.a(bsp_clocks.c.obj)
                              CMakeFiles/loko_app.dir/Core/Src/application.c.obj (symbol from plugin) (bsp_clock_init)
out/libbsp_loko_app.a(bsp_flash.c.obj)
                              CMakeFiles/loko_app.dir/Core/Src/application.c.obj (symbol from plugin) (bsp_flash_settings_read)
out/libbsp_loko_app.a(bsp_gpio.c.obj)
                              CMakeFiles/loko_app.dir/Core/Src/application.c.obj (symbol from plugin) (bsp_gpio_init)
out/libbsp_loko_app.a(bsp_low_power.c.obj)
                              CMakeFiles/loko_app.dir/Core/Src/application.c.obj (symbol from plugin) (bsp_lp_shutdown)
out/libbsp_loko_app.a(bsp_rtc.c.obj)
                              CMakeFiles/loko_app.dir/Core/Src/application.c.obj (symbol from plugin) (bsp_rtc_init)
out/libbsp_loko_app.a(bsp_subghz.c.obj)
                              CMakeFiles/loko_app.dir/Middlewares/Third_Party/SubGHz_Phy/stm32_radio_driver/radio_driver.c.obj (symbol from plugin) (subghz_init)
out/libbsp_loko_app.a(bsp_uart.c.obj)
                              CMakeFiles/loko_app.dir/Core/Src/application.c.obj (symbol from plugin) (bsp_uart_gnss_init)
out/libbsp_loko_app.a(stm32wlxx_LoRa_E5_mini_radio.c.obj)
                              radio_board_if.c.obj (symbol from plugin) (bsp_radio_init)
out/libbsp_loko_app.a(system_stm32wlxx.c.obj)
                              bsp_clocks.c.obj (symbol from plugin) (SystemCoreClock)
out/libbsp_loko_app.a(startup_stm32wle5jcix.s.obj)
                              (Reset_Handler)
out/libbsp_loko_app.a(stm32wlxx_hal_cortex.c.obj)
                              bsp.c.obj (symbol from plugin) (HAL_NVIC_SetPriority)
out/libbsp_loko_app.a(stm32wlxx_hal_flash_ex.c.obj)
                              bsp_flash.c.obj (symbol from plugin) (HAL_FLASHEx_Erase)
out/libbsp_loko_app.a(stm32wlxx_hal_flash.c.obj)
                              bsp_flash.c.obj (symbol from plugin) (HAL_FLASH_Unlock)
out/libbsp_loko_app.a(stm32wlxx_hal_gpio.c.obj)
                              stm32wlxx_LoRa_E5_mini_radio.c.obj (symbol from plugin) (HAL_GPIO_Init)
out/libbsp_loko_app.a(stm32wlxx_hal_pwr_ex.c.obj)
                              bsp_low_power.c.obj (symbol from plugin) (HAL_PWREx_DisableSRAMRetention)
out/libbsp_loko_app.a(stm32wlxx_hal_pwr.c.obj)
                              bsp_low_power.c.obj (symbol from plugin) (HAL_PWR_EnableWakeUpPin)
out/libbsp_loko_app.a(stm32wlxx_hal_rtc_ex.c.obj)
                              bsp_rtc.c.obj (symbol from plugin) (HAL_RTCEx_SetWakeUpTimer_IT)
out/libbsp_loko_app.a(stm32wlxx_hal_rtc.c.obj)
                              CMakeFiles/loko_app.dir/Core/Src/lorawan_app/timer_if.c.obj (symbol from plugin) (HAL_RTC_DeactivateAlarm)
out/libbsp_loko_app.a(stm32wlxx_hal_subghz.c.obj)
                              bsp_subghz.c.obj (symbol from plugin) (HAL_SUBGHZ_Init)
out/libbsp_loko_app.a(stm32wlxx_hal.c.obj)
                              bsp_clocks.c.obj (symbol from plugin) (HAL_InitTick)
out/libbsp_loko_app.a(stm32wlxx_ll_gpio.c.obj)
                              bsp_gpio.c.obj (symbol from plugin) (LL_GPIO_Init)
out/libbsp_loko_app.a(stm32wlxx_ll_lpuart.c.obj)
                              bsp_uart.c.obj (symbol from plugin) (LL_LPUART_Init)
out/libbsp_loko_app.a(stm32wlxx_ll_rcc.c.obj)
                              stm32wlxx_ll_lpuart.c.obj (symbol from plugin) (LL_RCC_GetLPUARTClockFreq)
out/libbsp_loko_app.a(stm32wlxx_ll_usart.c.obj)
                              bsp_uart.c.obj (symbol from plugin) (LL_USART_Init)
out/libbsp_loko_app.a(stm32wlxx_ll_utils.c.obj)
                              bsp_clocks.c.obj (symbol from plugin) (LL_SetSystemCoreClock)
out/libbsp_loko_app.a(bsp_adc.c.obj)
                              bsp_battery.c.obj (symbol from plugin) (bsp_adc_get_vbat_mv)
out/libbsp_loko_app.a(bsp_stm32wlxx_it.c.obj)
                              out/libbsp_loko_app.a(startup_stm32wle5jcix.s.obj) (NMI_Handler)
out/libbsp_loko_app.a(stm32wlxx_hal_adc.c.obj)
                              bsp_adc.c.obj (symbol from plugin) (HAL_ADC_Init)
out/libbsp_loko_app.a(stm32wlxx_hal_dma.c.obj)
                              bsp_adc.c.obj (symbol from plugin) (HAL_DMA_Init)
out/libbsp_loko_app.a(stm32wlxx_hal_rcc.c.obj)
                              stm32wlxx_hal.c.obj (symbol from plugin) (HAL_RCC_GetHCLKFreq)
[...]
Memory Configuration

Name             Origin             Length             Attributes
RAM              0x0000000020000000 0x0000000000010000 xrw
RAM2             0x0000000010000000 0x0000000000008000 xrw
FLASH            0x0000000008008000 0x0000000000036000 xr
*default*        0x0000000000000000 0xffffffffffffffff

Linker script and memory map

LOAD /usr/gcc-arm-none-eabi-10.3-2021.07/bin/../lib/gcc/arm-none-eabi/10.3.1/thumb/v7e-m/nofp/crti.o
LOAD /usr/gcc-arm-none-eabi-10.3-2021.07/bin/../lib/gcc/arm-none-eabi/10.3.1/thumb/v7e-m/nofp/crtbegin.o
LOAD /usr/gcc-arm-none-eabi-10.3-2021.07/bin/../lib/gcc/arm-none-eabi/10.3.1/../../../../arm-none-eabi/lib/thumb/v7e-m/nofp/crt0.o
LOAD /usr/gcc-arm-none-eabi-10.3-2021.07/bin/../lib/gcc/arm-none-eabi/10.3.1/../../../../arm-none-eabi/lib/thumb/v7e-m/nofp/libm.a
LOAD CMakeFiles/loko_app.dir/Core/Src/lorawan_app/lora_app.c.obj
LOAD /tmp/loko_app.yhd4Rs.ltrans0.ltrans.o
LOAD /tmp/loko_app.yhd4Rs.ltrans1.ltrans.o
LOAD /tmp/loko_app.yhd4Rs.ltrans2.ltrans.o
LOAD /tmp/ccb1mE2G.debug.temp.o
LOAD /tmp/ccvtyvG1.debug.temp.o
LOAD /tmp/ccf4nu6k.debug.temp.o
LOAD /tmp/ccnVlKlu.debug.temp.o
LOAD /tmp/ccv9rn0j.debug.temp.o
LOAD /tmp/cceua3JK.debug.temp.o
LOAD /tmp/cc8Bwa48.debug.temp.o
LOAD /tmp/ccGbhCYF.debug.temp.o
LOAD /tmp/ccw5WUJ6.debug.temp.o
LOAD /tmp/ccKx6cKM.debug.temp.o
LOAD /tmp/cc9VkKNH.debug.temp.o
LOAD /tmp/ccqcO2kI.debug.temp.o
LOAD /tmp/ccnpwgnj.debug.temp.o
LOAD /tmp/cc9Mtpmj.debug.temp.o
LOAD /tmp/cc7IqFkN.debug.temp.o
LOAD /tmp/cc2bwXrf.debug.temp.o
LOAD /tmp/ccS0FgKV.debug.temp.o
LOAD /tmp/ccW0RuGS.debug.temp.o
LOAD /tmp/ccYRGota.debug.temp.o
LOAD /tmp/cchfKlvi.debug.temp.o
LOAD /tmp/ccwatcr1.debug.temp.o
LOAD /tmp/cc8WDkSq.debug.temp.o
LOAD /tmp/ccwfa9rK.debug.temp.o
LOAD /tmp/ccOP75ae.debug.temp.o
LOAD /tmp/ccGL35ux.debug.temp.o
LOAD /tmp/ccYatsSs.debug.temp.o
LOAD /tmp/ccycYC5i.debug.temp.o
LOAD /tmp/ccsTJXcn.debug.temp.o
LOAD /tmp/ccASDsCr.debug.temp.o
LOAD /tmp/cc0QnPAE.debug.temp.o
LOAD /tmp/ccqWapzz.debug.temp.o
LOAD /tmp/ccIPOR02.debug.temp.o
LOAD /tmp/ccuKgu3r.debug.temp.o
LOAD /tmp/ccS4GNtn.debug.temp.o
LOAD /tmp/ccL8cbEX.debug.temp.o
LOAD /tmp/ccjEhC0X.debug.temp.o
LOAD /tmp/ccSWKV5l.debug.temp.o
LOAD /tmp/ccBbGa7S.debug.temp.o
LOAD /tmp/cc0o2vl9.debug.temp.o
LOAD /tmp/ccI6Ji0y.debug.temp.o
LOAD /tmp/ccWgRVfz.debug.temp.o
LOAD /tmp/ccZmoG4K.debug.temp.o
LOAD /tmp/cc9GxKl9.debug.temp.o
LOAD /tmp/ccGkZ2CD.debug.temp.o
LOAD /tmp/ccZJSQoQ.debug.temp.o
LOAD /tmp/ccXaRzWs.debug.temp.o
LOAD /tmp/ccDWjkjd.debug.temp.o
LOAD /tmp/ccQ0LfzP.debug.temp.o
LOAD /tmp/cchl7RkN.debug.temp.o
LOAD /tmp/cc6Y0I9l.debug.temp.o
LOAD /tmp/ccQYZVmC.debug.temp.o
LOAD /tmp/ccEsXZVT.debug.temp.o
LOAD /tmp/cc5W3YOV.debug.temp.o
LOAD /tmp/ccxQGTac.debug.temp.o
LOAD /tmp/ccX9xCKb.debug.temp.o
LOAD /tmp/ccmk0lFw.debug.temp.o
LOAD /tmp/ccIySCdd.debug.temp.o
LOAD /tmp/ccpSuKeh.debug.temp.o
LOAD /tmp/ccHphSDI.debug.temp.o
LOAD /tmp/ccitYPK1.debug.temp.o
LOAD /tmp/cccPgEab.debug.temp.o
LOAD /tmp/ccP34yzr.debug.temp.o
LOAD /tmp/cc9MAM8O.debug.temp.o
LOAD /tmp/cc0EHvkk.debug.temp.o
LOAD /tmp/ccSDVopy.debug.temp.o
LOAD /tmp/cc49PgLx.debug.temp.o
LOAD /tmp/ccVIWmL4.debug.temp.o
LOAD /tmp/ccaxJaIv.debug.temp.o
LOAD /tmp/cc2OSRjd.debug.temp.o
LOAD /tmp/cclhSWJ0.debug.temp.o
LOAD /tmp/cciHJXIo.debug.temp.o
LOAD /tmp/ccvEw285.debug.temp.o
LOAD /tmp/cc4LIk0Y.debug.temp.o
LOAD /tmp/ccykgIKk.debug.temp.o
LOAD /tmp/ccMcs8w0.debug.temp.o
LOAD /tmp/ccEuRAJG.debug.temp.o
LOAD /tmp/ccDl5sW9.debug.temp.o
LOAD /tmp/cc9ZO3pm.debug.temp.o
LOAD /tmp/ccEEVYed.debug.temp.o
LOAD /tmp/ccco4HDN.debug.temp.o
LOAD /tmp/ccTn9IA9.debug.temp.o
LOAD /tmp/ccsoTJvH.debug.temp.o
LOAD /tmp/ccXBoalU.debug.temp.o
LOAD /tmp/ccUegmPF.debug.temp.o
LOAD /tmp/cc1f2pbn.debug.temp.o
LOAD CMakeFiles/loko_app.dir/Core/Src/lorawan_app/lora_info.c.obj
LOAD CMakeFiles/loko_app.dir/Core/Src/lorawan_app/stm32_systime.c.obj
LOAD CMakeFiles/loko_app.dir/Core/Src/lorawan_app/stm32_timer.c.obj
LOAD CMakeFiles/loko_app.dir/Core/Src/lorawan_app/timer_if.c.obj
LOAD CMakeFiles/loko_app.dir/Core/Src/application.c.obj
LOAD CMakeFiles/loko_app.dir/Core/Src/subghz_phy_app.c.obj
LOAD CMakeFiles/loko_app.dir/Core/Src/sysmem.c.obj
LOAD CMakeFiles/loko_app.dir/Core/Src/version.c.obj
LOAD CMakeFiles/loko_app.dir/Middlewares/Third_Party/cayenne_lpp_c/cayenne_lpp_c.c.obj
LOAD CMakeFiles/loko_app.dir/Core/cmd_line/cmd_line.c.obj
LOAD CMakeFiles/loko_app.dir/Core/encrypt_p2p_payload/encrypt_p2p_payload.c.obj
LOAD CMakeFiles/loko_app.dir/Core/gnss_trace/gnss_trace.c.obj
LOAD CMakeFiles/loko_app.dir/Core/log_/log_.c.obj
LOAD CMakeFiles/loko_app.dir/Middlewares/Third_Party/LoRaWAN/Crypto/cmac.c.obj
LOAD CMakeFiles/loko_app.dir/Middlewares/Third_Party/LoRaWAN/Crypto/lorawan_aes.c.obj
LOAD CMakeFiles/loko_app.dir/Middlewares/Third_Party/LoRaWAN/Crypto/soft-se.c.obj
LOAD CMakeFiles/loko_app.dir/Middlewares/Third_Party/LoRaWAN/LmHandler/LmHandler.c.obj
LOAD CMakeFiles/loko_app.dir/Middlewares/Third_Party/LoRaWAN/LmHandler/NvmDataMgmt.c.obj
LOAD CMakeFiles/loko_app.dir/Middlewares/Third_Party/LoRaWAN/LmHandler/Packages/LmhpCompliance.c.obj
LOAD CMakeFiles/loko_app.dir/Middlewares/Third_Party/LoRaWAN/Mac/LoRaMac.c.obj
LOAD CMakeFiles/loko_app.dir/Middlewares/Third_Party/LoRaWAN/Mac/LoRaMacAdr.c.obj
LOAD CMakeFiles/loko_app.dir/Middlewares/Third_Party/LoRaWAN/Mac/LoRaMacClassB.c.obj
LOAD CMakeFiles/loko_app.dir/Middlewares/Third_Party/LoRaWAN/Mac/LoRaMacCommands.c.obj
LOAD CMakeFiles/loko_app.dir/Middlewares/Third_Party/LoRaWAN/Mac/LoRaMacConfirmQueue.c.obj
LOAD CMakeFiles/loko_app.dir/Middlewares/Third_Party/LoRaWAN/Mac/LoRaMacCrypto.c.obj
LOAD CMakeFiles/loko_app.dir/Middlewares/Third_Party/LoRaWAN/Mac/LoRaMacParser.c.obj
LOAD CMakeFiles/loko_app.dir/Middlewares/Third_Party/LoRaWAN/Mac/LoRaMacSerializer.c.obj
LOAD CMakeFiles/loko_app.dir/Middlewares/Third_Party/LoRaWAN/Mac/Region/Region.c.obj
LOAD CMakeFiles/loko_app.dir/Middlewares/Third_Party/LoRaWAN/Mac/Region/RegionAS923.c.obj
LOAD CMakeFiles/loko_app.dir/Middlewares/Third_Party/LoRaWAN/Mac/Region/RegionAU915.c.obj
LOAD CMakeFiles/loko_app.dir/Middlewares/Third_Party/LoRaWAN/Mac/Region/RegionBaseUS.c.obj
LOAD CMakeFiles/loko_app.dir/Middlewares/Third_Party/LoRaWAN/Mac/Region/RegionCN470.c.obj
LOAD CMakeFiles/loko_app.dir/Middlewares/Third_Party/LoRaWAN/Mac/Region/RegionCN470A20.c.obj
LOAD CMakeFiles/loko_app.dir/Middlewares/Third_Party/LoRaWAN/Mac/Region/RegionCN470A26.c.obj
LOAD CMakeFiles/loko_app.dir/Middlewares/Third_Party/LoRaWAN/Mac/Region/RegionCN470B20.c.obj
LOAD CMakeFiles/loko_app.dir/Middlewares/Third_Party/LoRaWAN/Mac/Region/RegionCN470B26.c.obj
LOAD CMakeFiles/loko_app.dir/Middlewares/Third_Party/LoRaWAN/Mac/Region/RegionCN779.c.obj
LOAD CMakeFiles/loko_app.dir/Middlewares/Third_Party/LoRaWAN/Mac/Region/RegionCommon.c.obj
LOAD CMakeFiles/loko_app.dir/Middlewares/Third_Party/LoRaWAN/Mac/Region/RegionEU433.c.obj
LOAD CMakeFiles/loko_app.dir/Middlewares/Third_Party/LoRaWAN/Mac/Region/RegionEU868.c.obj
LOAD CMakeFiles/loko_app.dir/Middlewares/Third_Party/LoRaWAN/Mac/Region/RegionIN865.c.obj
LOAD CMakeFiles/loko_app.dir/Middlewares/Third_Party/LoRaWAN/Mac/Region/RegionKR920.c.obj
LOAD CMakeFiles/loko_app.dir/Middlewares/Third_Party/LoRaWAN/Mac/Region/RegionRU864.c.obj
LOAD CMakeFiles/loko_app.dir/Middlewares/Third_Party/LoRaWAN/Mac/Region/RegionUS915.c.obj
LOAD CMakeFiles/loko_app.dir/Middlewares/Third_Party/LoRaWAN/Utilities/utilities.c.obj
LOAD CMakeFiles/loko_app.dir/Middlewares/Third_Party/lwgps/lwgps.c.obj
LOAD CMakeFiles/loko_app.dir/Core/queue/queue.c.obj
LOAD CMakeFiles/loko_app.dir/Core/settings/settings.c.obj
LOAD CMakeFiles/loko_app.dir/Middlewares/Third_Party/SubGHz_Phy/stm32_radio_driver/radio.c.obj
LOAD CMakeFiles/loko_app.dir/Middlewares/Third_Party/SubGHz_Phy/stm32_radio_driver/radio_driver.c.obj
LOAD CMakeFiles/loko_app.dir/Middlewares/Third_Party/SubGHz_Phy/stm32_radio_driver/radio_fw.c.obj
LOAD out/libbsp_loko_app.a
START GROUP
LOAD /usr/gcc-arm-none-eabi-10.3-2021.07/bin/../lib/gcc/arm-none-eabi/10.3.1/thumb/v7e-m/nofp/libgcc.a
LOAD /usr/gcc-arm-none-eabi-10.3-2021.07/bin/../lib/gcc/arm-none-eabi/10.3.1/../../../../arm-none-eabi/lib/thumb/v7e-m/nofp/libg_nano.a
LOAD /usr/gcc-arm-none-eabi-10.3-2021.07/bin/../lib/gcc/arm-none-eabi/10.3.1/../../../../arm-none-eabi/lib/thumb/v7e-m/nofp/libc_nano.a
END GROUP
START GROUP
LOAD /usr/gcc-arm-none-eabi-10.3-2021.07/bin/../lib/gcc/arm-none-eabi/10.3.1/thumb/v7e-m/nofp/libgcc.a
LOAD /usr/gcc-arm-none-eabi-10.3-2021.07/bin/../lib/gcc/arm-none-eabi/10.3.1/../../../../arm-none-eabi/lib/thumb/v7e-m/nofp/libc_nano.a
LOAD /usr/gcc-arm-none-eabi-10.3-2021.07/bin/../lib/gcc/arm-none-eabi/10.3.1/../../../../arm-none-eabi/lib/thumb/v7e-m/nofp/libnosys.a
END GROUP
START GROUP
LOAD /usr/gcc-arm-none-eabi-10.3-2021.07/bin/../lib/gcc/arm-none-eabi/10.3.1/thumb/v7e-m/nofp/libgcc.a
LOAD /usr/gcc-arm-none-eabi-10.3-2021.07/bin/../lib/gcc/arm-none-eabi/10.3.1/../../../../arm-none-eabi/lib/thumb/v7e-m/nofp/libc_nano.a
LOAD /usr/gcc-arm-none-eabi-10.3-2021.07/bin/../lib/gcc/arm-none-eabi/10.3.1/../../../../arm-none-eabi/lib/thumb/v7e-m/nofp/libnosys.a
END GROUP
LOAD /usr/gcc-arm-none-eabi-10.3-2021.07/bin/../lib/gcc/arm-none-eabi/10.3.1/thumb/v7e-m/nofp/crtend.o
LOAD /usr/gcc-arm-none-eabi-10.3-2021.07/bin/../lib/gcc/arm-none-eabi/10.3.1/thumb/v7e-m/nofp/crtn.o
                0x0000000020010000                _estack = (ORIGIN (RAM) + LENGTH (RAM))
                0x0000000000000200                _Min_Heap_Size = 0x200
                0x0000000000000400                _Min_Stack_Size = 0x400

.isr_vector     0x0000000008008000      0x138
                0x0000000008008000                . = ALIGN (0x4)
 *(.isr_vector)
 .isr_vector    0x0000000008008000      0x138 out/libbsp_loko_app.a(startup_stm32wle5jcix.s.obj)
                0x0000000008008000                g_pfnVectors
                0x0000000008008138                . = ALIGN (0x4)

.version        0x0000000008008200       0x10
                0x0000000008008200                . = ALIGN (0x4)
 *(.version)
 .version       0x0000000008008200       0x10 /tmp/loko_app.yhd4Rs.ltrans2.ltrans.o
                0x0000000008008210                . = ALIGN (0x4)

.text           0x0000000008008210    0x16dbc
                0x0000000008008210                . = ALIGN (0x4)
 *(.text)
 .text          0x0000000008008210       0x40 /usr/gcc-arm-none-eabi-10.3-2021.07/bin/../lib/gcc/arm-none-eabi/10.3.1/thumb/v7e-m/nofp/crtbegin.o
 .text          0x0000000008008250       0x10 /usr/gcc-arm-none-eabi-10.3-2021.07/bin/../lib/gcc/arm-none-eabi/10.3.1/../../../../arm-none-eabi/lib/thumb/v7e-m/nofp/libg_nano.a(lib_a-strlen.o)
                0x0000000008008250                strlen
 .text          0x0000000008008260       0xa0 /usr/gcc-arm-none-eabi-10.3-2021.07/bin/../lib/gcc/arm-none-eabi/10.3.1/../../../../arm-none-eabi/lib/thumb/v7e-m/nofp/libg_nano.a(lib_a-memchr.o)
                0x0000000008008260                memchr
 .text          0x0000000008008300      0x378 /usr/gcc-arm-none-eabi-10.3-2021.07/bin/../lib/gcc/arm-none-eabi/10.3.1/thumb/v7e-m/nofp/libgcc.a(_arm_addsubdf3.o)
                0x0000000008008300                __aeabi_drsub
                0x0000000008008308                __aeabi_dsub
                0x0000000008008308                __subdf3
                0x000000000800830c                __adddf3
                0x000000000800830c                __aeabi_dadd
                0x0000000008008584                __aeabi_ui2d
                0x0000000008008584                __floatunsidf
                0x00000000080085a4                __floatsidf
                0x00000000080085a4                __aeabi_i2d
                0x00000000080085c8                __extendsfdf2
                0x00000000080085c8                __aeabi_f2d
                0x000000000800860c                __aeabi_ul2d
                0x000000000800860c                __floatundidf
                0x000000000800861c                __floatdidf
                0x000000000800861c                __aeabi_l2d
 .text          0x0000000008008678      0x424 /usr/gcc-arm-none-eabi-10.3-2021.07/bin/../lib/gcc/arm-none-eabi/10.3.1/thumb/v7e-m/nofp/libgcc.a(_arm_muldivdf3.o)
                0x0000000008008678                __aeabi_dmul
                0x0000000008008678                __muldf3
                0x00000000080088cc                __aeabi_ddiv
                0x00000000080088cc                __divdf3
 .text          0x0000000008008a9c      0x110 /usr/gcc-arm-none-eabi-10.3-2021.07/bin/../lib/gcc/arm-none-eabi/10.3.1/thumb/v7e-m/nofp/libgcc.a(_arm_cmpdf2.o)
                0x0000000008008a9c                __gtdf2
                0x0000000008008a9c                __gedf2
                0x0000000008008aa4                __ltdf2
                0x0000000008008aa4                __ledf2
                0x0000000008008aac                __cmpdf2
                0x0000000008008aac                __eqdf2
                0x0000000008008aac                __nedf2
                0x0000000008008b28                __aeabi_cdrcmple
                0x0000000008008b38                __aeabi_cdcmple
                0x0000000008008b38                __aeabi_cdcmpeq
                0x0000000008008b48                __aeabi_dcmpeq
                0x0000000008008b5c                __aeabi_dcmplt
                0x0000000008008b70                __aeabi_dcmple
                0x0000000008008b84                __aeabi_dcmpge
                0x0000000008008b98                __aeabi_dcmpgt
 .text          0x0000000008008bac       0x2c /usr/gcc-arm-none-eabi-10.3-2021.07/bin/../lib/gcc/arm-none-eabi/10.3.1/thumb/v7e-m/nofp/libgcc.a(_arm_unorddf2.o)
                0x0000000008008bac                __aeabi_dcmpun
                0x0000000008008bac                __unorddf2
 .text          0x0000000008008bd8       0x50 /usr/gcc-arm-none-eabi-10.3-2021.07/bin/../lib/gcc/arm-none-eabi/10.3.1/thumb/v7e-m/nofp/libgcc.a(_arm_fixdfsi.o)
                0x0000000008008bd8                __fixdfsi
                0x0000000008008bd8                __aeabi_d2iz
 .text          0x0000000008008c28       0x40 /usr/gcc-arm-none-eabi-10.3-2021.07/bin/../lib/gcc/arm-none-eabi/10.3.1/thumb/v7e-m/nofp/libgcc.a(_arm_fixunsdfsi.o)
                0x0000000008008c28                __fixunsdfsi
                0x0000000008008c28                __aeabi_d2uiz
 .text          0x0000000008008c68       0xa0 /usr/gcc-arm-none-eabi-10.3-2021.07/bin/../lib/gcc/arm-none-eabi/10.3.1/thumb/v7e-m/nofp/libgcc.a(_arm_truncdfsf2.o)
                0x0000000008008c68                __aeabi_d2f
                0x0000000008008c68                __truncdfsf2
 .text          0x0000000008008d08       0xec /usr/gcc-arm-none-eabi-10.3-2021.07/bin/../lib/gcc/arm-none-eabi/10.3.1/thumb/v7e-m/nofp/libgcc.a(_arm_cmpsf2.o)
                0x0000000008008d08                __gtsf2
                0x0000000008008d08                __gesf2
                0x0000000008008d10                __lesf2
                0x0000000008008d10                __ltsf2
                0x0000000008008d18                __nesf2
                0x0000000008008d18                __eqsf2
                0x0000000008008d18                __cmpsf2
                0x0000000008008d78                __aeabi_cfrcmple
                0x0000000008008d80                __aeabi_cfcmple
                0x0000000008008d80                __aeabi_cfcmpeq
                0x0000000008008d90                __aeabi_fcmpeq
                0x0000000008008da4                __aeabi_fcmplt
                0x0000000008008db8                __aeabi_fcmple
                0x0000000008008dcc                __aeabi_fcmpge
                0x0000000008008de0                __aeabi_fcmpgt
 .text          0x0000000008008df4       0x30 /usr/gcc-arm-none-eabi-10.3-2021.07/bin/../lib/gcc/arm-none-eabi/10.3.1/thumb/v7e-m/nofp/libgcc.a(_aeabi_uldivmod.o)
                0x0000000008008df4                __aeabi_uldivmod
 .text          0x0000000008008e24       0x34 /usr/gcc-arm-none-eabi-10.3-2021.07/bin/../lib/gcc/arm-none-eabi/10.3.1/thumb/v7e-m/nofp/libgcc.a(_fixdfdi.o)
                0x0000000008008e24                __aeabi_d2lz
                0x0000000008008e24                __fixdfdi
 .text          0x0000000008008e58       0x3c /usr/gcc-arm-none-eabi-10.3-2021.07/bin/../lib/gcc/arm-none-eabi/10.3.1/thumb/v7e-m/nofp/libgcc.a(_fixunsdfdi.o)
                0x0000000008008e58                __aeabi_d2ulz
                0x0000000008008e58                __fixunsdfdi
 .text          0x0000000008008e94      0x2d0 /usr/gcc-arm-none-eabi-10.3-2021.07/bin/../lib/gcc/arm-none-eabi/10.3.1/thumb/v7e-m/nofp/libgcc.a(_udivmoddi4.o)
                0x0000000008008e94                __udivmoddi4
 .text          0x0000000008009164        0x4 /usr/gcc-arm-none-eabi-10.3-2021.07/bin/../lib/gcc/arm-none-eabi/10.3.1/thumb/v7e-m/nofp/libgcc.a(_dvmd_tls.o)
                0x0000000008009164                __aeabi_ldiv0
                0x0000000008009164                __aeabi_idiv0
 .text          0x0000000008009168      0x21c /usr/gcc-arm-none-eabi-10.3-2021.07/bin/../lib/gcc/arm-none-eabi/10.3.1/thumb/v7e-m/nofp/libgcc.a(_arm_addsubsf3.o)
                0x0000000008009168                __aeabi_frsub
                0x0000000008009170                __subsf3
                0x0000000008009170                __aeabi_fsub
                0x0000000008009174                __aeabi_fadd
                0x0000000008009174                __addsf3
                0x00000000080092d4                __aeabi_ui2f
                0x00000000080092d4                __floatunsisf
                0x00000000080092dc                __aeabi_i2f
                0x00000000080092dc                __floatsisf
                0x00000000080092f8                __floatundisf
                0x00000000080092f8                __aeabi_ul2f
                0x0000000008009308                __floatdisf
                0x0000000008009308                __aeabi_l2f
 .text          0x0000000008009384      0x2a0 /usr/gcc-arm-none-eabi-10.3-2021.07/bin/../lib/gcc/arm-none-eabi/10.3.1/thumb/v7e-m/nofp/libgcc.a(_arm_muldivsf3.o)
                0x0000000008009384                __mulsf3
                0x0000000008009384                __aeabi_fmul
                0x00000000080094ec                __divsf3
                0x00000000080094ec                __aeabi_fdiv
 .text          0x0000000008009624       0x4c /usr/gcc-arm-none-eabi-10.3-2021.07/bin/../lib/gcc/arm-none-eabi/10.3.1/thumb/v7e-m/nofp/libgcc.a(_arm_fixsfsi.o)
                0x0000000008009624                __fixsfsi
                0x0000000008009624                __aeabi_f2iz
 .text          0x0000000008009670       0x40 /usr/gcc-arm-none-eabi-10.3-2021.07/bin/../lib/gcc/arm-none-eabi/10.3.1/thumb/v7e-m/nofp/libgcc.a(_arm_fixunssfsi.o)
                0x0000000008009670                __aeabi_f2uiz
                0x0000000008009670                __fixunssfsi
 *(.text*)
 .text._get_dev_addr
                0x00000000080096b0        0xc /tmp/loko_app.yhd4Rs.ltrans0.ltrans.o
 .text.OnRadioRxError
                0x00000000080096bc       0x24 /tmp/loko_app.yhd4Rs.ltrans0.ltrans.o
 .text.NvmDataMgmtEvent
                0x00000000080096e0       0x10 /tmp/loko_app.yhd4Rs.ltrans0.ltrans.o
 .text.SysTimeGetMcuTime
                0x00000000080096f0       0x24 /tmp/loko_app.yhd4Rs.ltrans0.ltrans.o
 .text.TIMER_IF_SetTimerContext
                0x0000000008009714       0x14 /tmp/loko_app.yhd4Rs.ltrans0.ltrans.o
                0x0000000008009714                TIMER_IF_SetTimerContext
 .text.TIMER_IF_GetTimerContext
                0x0000000008009728        0xc /tmp/loko_app.yhd4Rs.ltrans0.ltrans.o
                0x0000000008009728                TIMER_IF_GetTimerContext
 .text.TIMER_IF_GetTimerElapsedTime
                0x0000000008009734       0x18 /tmp/loko_app.yhd4Rs.ltrans0.ltrans.o
                0x0000000008009734                TIMER_IF_GetTimerElapsedTime
 .text.TIMER_IF_GetTimerValue
                0x000000000800974c       0x18 /tmp/loko_app.yhd4Rs.ltrans0.ltrans.o
                0x000000000800974c                TIMER_IF_GetTimerValue
 .text.TIMER_IF_GetMinimumTimeout
                0x0000000008009764        0x4 /tmp/loko_app.yhd4Rs.ltrans0.ltrans.o
                0x0000000008009764                TIMER_IF_GetMinimumTimeout
 .text.TIMER_IF_Convert_ms2Tick
                0x0000000008009768       0x14 /tmp/loko_app.yhd4Rs.ltrans0.ltrans.o
                0x0000000008009768                TIMER_IF_Convert_ms2Tick
 .text.TIMER_IF_Convert_Tick2ms
                0x000000000800977c       0x10 /tmp/loko_app.yhd4Rs.ltrans0.ltrans.o
                0x000000000800977c                TIMER_IF_Convert_Tick2ms
 .text.TIMER_IF_GetTime
                0x000000000800978c       0x30 /tmp/loko_app.yhd4Rs.ltrans0.ltrans.o
                0x000000000800978c                TIMER_IF_GetTime
 .text.TIMER_IF_BkUp_Write_Seconds
                0x00000000080097bc        0xc /tmp/loko_app.yhd4Rs.ltrans0.ltrans.o
                0x00000000080097bc                TIMER_IF_BkUp_Write_Seconds
 .text.TIMER_IF_BkUp_Write_SubSeconds
                0x00000000080097c8        0xc /tmp/loko_app.yhd4Rs.ltrans0.ltrans.o
                0x00000000080097c8                TIMER_IF_BkUp_Write_SubSeconds
 .text.TIMER_IF_BkUp_Read_Seconds
                0x00000000080097d4        0xc /tmp/loko_app.yhd4Rs.ltrans0.ltrans.o
                0x00000000080097d4                TIMER_IF_BkUp_Read_Seconds
 .text.TIMER_IF_BkUp_Read_SubSeconds
                0x00000000080097e0        0xc /tmp/loko_app.yhd4Rs.ltrans0.ltrans.o
                0x00000000080097e0                TIMER_IF_BkUp_Read_SubSeconds
 .text._get_ts  0x00000000080097ec        0xc /tmp/loko_app.yhd4Rs.ltrans0.ltrans.o
 .text.LmhpComplianceOnMlmeConfirm.lto_priv.0
                0x00000000080097f8        0x2 /tmp/loko_app.yhd4Rs.ltrans0.ltrans.o
                0x00000000080097f8                LmhpComplianceOnMlmeConfirm.lto_priv.0
 *fill*         0x00000000080097fa        0x2 
 .text._on_tx_done
                0x00000000080097fc        0xc /tmp/loko_app.yhd4Rs.ltrans0.ltrans.o
 .text._get_next_sub_num_str
                0x0000000008009808       0x38 /tmp/loko_app.yhd4Rs.ltrans0.ltrans.o
 .text._hex_to_dig
                0x0000000008009840       0x24 /tmp/loko_app.yhd4Rs.ltrans0.ltrans.o
 .text._hex_str_to_array
                0x0000000008009864       0x26 /tmp/loko_app.yhd4Rs.ltrans0.ltrans.o
 .text.copy_block
                0x000000000800988a       0x42 /tmp/loko_app.yhd4Rs.ltrans0.ltrans.o
 .text.update_encrypt_key_256
                0x00000000080098cc       0xc4 /tmp/loko_app.yhd4Rs.ltrans0.ltrans.o
 .text.GetKeyByID
                0x0000000008009990       0x30 /tmp/loko_app.yhd4Rs.ltrans0.ltrans.o
 .text.OnProcessTimer
                0x00000000080099c0       0x14 /tmp/loko_app.yhd4Rs.ltrans0.ltrans.o
 .text.LmhpComplianceIsInitialized
                0x00000000080099d4        0xc /tmp/loko_app.yhd4Rs.ltrans0.ltrans.o
 .text.LmhpComplianceIsTxPending
                0x00000000080099e0        0xc /tmp/loko_app.yhd4Rs.ltrans0.ltrans.o
 .text.LmhpComplianceOnMlmeIndication
                0x00000000080099ec        0x2 /tmp/loko_app.yhd4Rs.ltrans0.ltrans.o
 *fill*         0x00000000080099ee        0x2 
 .text.UpdateRxSlotIdleState
                0x00000000080099f0       0x1c /tmp/loko_app.yhd4Rs.ltrans0.ltrans.o
 .text._get_unique_id
                0x0000000008009a0c       0x20 /tmp/loko_app.yhd4Rs.ltrans0.ltrans.o
 .text.GetMaxAppPayloadWithoutFOptsLength
                0x0000000008009a2c       0x38 /tmp/loko_app.yhd4Rs.ltrans0.ltrans.o
 .text._settings_read
                0x0000000008009a64       0x10 /tmp/loko_app.yhd4Rs.ltrans0.ltrans.o
 .text._settings_default_init_cb
                0x0000000008009a74       0x40 /tmp/loko_app.yhd4Rs.ltrans0.ltrans.o
 .text.LmhpComplianceInit
                0x0000000008009ab4       0x50 /tmp/loko_app.yhd4Rs.ltrans0.ltrans.o
 .text.OnRetransmitTimeoutTimerEvent
                0x0000000008009b04       0x30 /tmp/loko_app.yhd4Rs.ltrans0.ltrans.o
 .text.PrepareRxDoneAbort
                0x0000000008009b34       0x38 /tmp/loko_app.yhd4Rs.ltrans0.ltrans.o
 .text.OnRxWindow1TimerEvent
                0x0000000008009b6c       0x48 /tmp/loko_app.yhd4Rs.ltrans0.ltrans.o
 .text.OnRxWindow2TimerEvent
                0x0000000008009bb4       0x50 /tmp/loko_app.yhd4Rs.ltrans0.ltrans.o
 .text.LmHandlerDeviceTimeReq
                0x0000000008009c04       0x28 /tmp/loko_app.yhd4Rs.ltrans0.ltrans.o
 .text._settings_write
                0x0000000008009c2c        0xc /tmp/loko_app.yhd4Rs.ltrans0.ltrans.o
 .text.TIMER_IF_StopTimer
                0x0000000008009c38       0x20 /tmp/loko_app.yhd4Rs.ltrans0.ltrans.o
                0x0000000008009c38                TIMER_IF_StopTimer
 .text.TIMER_IF_Init
                0x0000000008009c58       0x6c /tmp/loko_app.yhd4Rs.ltrans0.ltrans.o
                0x0000000008009c58                TIMER_IF_Init
 .text.MlmeIndication
                0x0000000008009cc4       0x70 /tmp/loko_app.yhd4Rs.ltrans0.ltrans.o
 .text.McpsConfirm
                0x0000000008009d34       0x54 /tmp/loko_app.yhd4Rs.ltrans0.ltrans.o
 .text._log_write
                0x0000000008009d88        0x4 /tmp/loko_app.yhd4Rs.ltrans0.ltrans.o
 .text._settings_erase
                0x0000000008009d8c        0x6 /tmp/loko_app.yhd4Rs.ltrans0.ltrans.o
 .text._settings_save_request_cb
                0x0000000008009d92        0x4 /tmp/loko_app.yhd4Rs.ltrans0.ltrans.o
 *fill*         0x0000000008009d96        0x2 
 .text._power_on_button_holding_indication
                0x0000000008009d98       0x40 /tmp/loko_app.yhd4Rs.ltrans0.ltrans.o
 .text._prepare_to_sleep
                0x0000000008009dd8       0xe0 /tmp/loko_app.yhd4Rs.ltrans0.ltrans.o
 .text._pack_lat_lon_32
                0x0000000008009eb8       0x30 /tmp/loko_app.yhd4Rs.ltrans0.ltrans.o
 .text._cmd_gtrace_erase
                0x0000000008009ee8       0x20 /tmp/loko_app.yhd4Rs.ltrans0.ltrans.o
 .text._print   0x0000000008009f08       0x2a /tmp/loko_app.yhd4Rs.ltrans0.ltrans.o
 *fill*         0x0000000008009f32        0x2 
 .text._cmd_print
                0x0000000008009f34       0xe0 /tmp/loko_app.yhd4Rs.ltrans0.ltrans.o
 .text._cmd_gtrace_print
                0x000000000800a014       0x9c /tmp/loko_app.yhd4Rs.ltrans0.ltrans.o
 .text._cmd_help
                0x000000000800a0b0       0x5c /tmp/loko_app.yhd4Rs.ltrans0.ltrans.o
 .text._cmd_reset
                0x000000000800a10c       0x20 /tmp/loko_app.yhd4Rs.ltrans0.ltrans.o
 .text._uart_data_proccess
                0x000000000800a12c      0x150 /tmp/loko_app.yhd4Rs.ltrans0.ltrans.o
 .text._shutdown_button_holding_indication
                0x000000000800a27c       0x50 /tmp/loko_app.yhd4Rs.ltrans0.ltrans.o
 .text._cmd_set_dev_eui
                0x000000000800a2cc       0x7c /tmp/loko_app.yhd4Rs.ltrans0.ltrans.o
 .text._cmd_set_app_eui
                0x000000000800a348       0x7c /tmp/loko_app.yhd4Rs.ltrans0.ltrans.o
 .text._cmd_set_app_key
                0x000000000800a3c4       0x8c /tmp/loko_app.yhd4Rs.ltrans0.ltrans.o
 .text._cmd_set_p2p_key
                0x000000000800a450       0x78 /tmp/loko_app.yhd4Rs.ltrans0.ltrans.o
 .text.AES_CMAC_Update
                0x000000000800a4c8       0xce /tmp/loko_app.yhd4Rs.ltrans0.ltrans.o
 *fill*         0x000000000800a596        0x2 
 .text.OpenContinuousRxCWindow
                0x000000000800a598       0x5c /tmp/loko_app.yhd4Rs.ltrans0.ltrans.o
 .text.SysTimeGet
                0x000000000800a5f4       0x44 /tmp/loko_app.yhd4Rs.ltrans0.ltrans.o
                0x000000000800a5f4                SysTimeGet
 .text.UTIL_TIMER_GetCurrentTime
                0x000000000800a638        0xe /tmp/loko_app.yhd4Rs.ltrans0.ltrans.o
                0x000000000800a638                UTIL_TIMER_GetCurrentTime
 .text.UTIL_TIMER_GetElapsedTime
                0x000000000800a646       0x1a /tmp/loko_app.yhd4Rs.ltrans0.ltrans.o
                0x000000000800a646                UTIL_TIMER_GetElapsedTime
 .text.HandleRadioRxErrorTimeout
                0x000000000800a660       0x70 /tmp/loko_app.yhd4Rs.ltrans0.ltrans.o
 .text.TimerSetTimeout
                0x000000000800a6d0       0x2c /tmp/loko_app.yhd4Rs.ltrans0.ltrans.o
                0x000000000800a6d0                TimerSetTimeout
 .text.TimerInsertNewHeadTimer
                0x000000000800a6fc       0x18 /tmp/loko_app.yhd4Rs.ltrans0.ltrans.o
                0x000000000800a6fc                TimerInsertNewHeadTimer
 .text._sbrk    0x000000000800a714       0x40 /tmp/loko_app.yhd4Rs.ltrans0.ltrans.o
                0x000000000800a714                _sbrk
 .text._log_to.lto_priv.0
                0x000000000800a754       0x10 /tmp/loko_app.yhd4Rs.ltrans0.ltrans.o
                0x000000000800a754                _log_to.lto_priv.0
 .text._print_ts.lto_priv.0
                0x000000000800a764       0x3c /tmp/loko_app.yhd4Rs.ltrans0.ltrans.o
                0x000000000800a764                _print_ts.lto_priv.0
 .text.log_it   0x000000000800a7a0       0x8c /tmp/loko_app.yhd4Rs.ltrans0.ltrans.o
                0x000000000800a7a0                log_it
 .text._get_battery_level
                0x000000000800a82c       0x58 /tmp/loko_app.yhd4Rs.ltrans0.ltrans.o
 .text.OnRadioTxDone
                0x000000000800a884       0x54 /tmp/loko_app.yhd4Rs.ltrans0.ltrans.o
 .text.OnRadioRxDone
                0x000000000800a8d8       0x50 /tmp/loko_app.yhd4Rs.ltrans0.ltrans.o
 .text.OnRadioTxTimeout
                0x000000000800a928       0x34 /tmp/loko_app.yhd4Rs.ltrans0.ltrans.o
 .text.OnRadioRxTimeout
                0x000000000800a95c       0x34 /tmp/loko_app.yhd4Rs.ltrans0.ltrans.o
 .text._on_rx_data
                0x000000000800a990       0x84 /tmp/loko_app.yhd4Rs.ltrans0.ltrans.o
 .text._on_tx_data
                0x000000000800aa14       0x90 /tmp/loko_app.yhd4Rs.ltrans0.ltrans.o
 .text._on_restore_context_request
                0x000000000800aaa4       0x28 /tmp/loko_app.yhd4Rs.ltrans0.ltrans.o
 .text._on_store_context_request
                0x000000000800aacc       0x44 /tmp/loko_app.yhd4Rs.ltrans0.ltrans.o
 .text._on_mac_process_notify
                0x000000000800ab10        0xc /tmp/loko_app.yhd4Rs.ltrans0.ltrans.o
 .text.TIMER_IF_StartTimer
                0x000000000800ab1c       0xb4 /tmp/loko_app.yhd4Rs.ltrans0.ltrans.o
                0x000000000800ab1c                TIMER_IF_StartTimer
 .text._switch_mode
                0x000000000800abd0       0x2c /tmp/loko_app.yhd4Rs.ltrans0.ltrans.o
 .text._shutdown
                0x000000000800abfc      0x290 /tmp/loko_app.yhd4Rs.ltrans0.ltrans.o
 .text._gtrace_load
                0x000000000800ae8c      0x158 /tmp/loko_app.yhd4Rs.ltrans0.ltrans.o
 .text._on_rx_done
                0x000000000800afe4       0x14 /tmp/loko_app.yhd4Rs.ltrans0.ltrans.o
 .text._on_tx_timeout
                0x000000000800aff8       0x20 /tmp/loko_app.yhd4Rs.ltrans0.ltrans.o
 .text._on_rx_timeout
                0x000000000800b018       0x14 /tmp/loko_app.yhd4Rs.ltrans0.ltrans.o
 .text._on_rx_error
                0x000000000800b02c       0x14 /tmp/loko_app.yhd4Rs.ltrans0.ltrans.o
 .text._cmd_set_id_1
                0x000000000800b040       0x4c /tmp/loko_app.yhd4Rs.ltrans0.ltrans.o
 .text._cmd_set_id_2
                0x000000000800b08c       0x4c /tmp/loko_app.yhd4Rs.ltrans0.ltrans.o
 .text._cmd_set_frequency
                0x000000000800b0d8       0x48 /tmp/loko_app.yhd4Rs.ltrans0.ltrans.o
 .text._cmd_set_auto_wakeup_interval
                0x000000000800b120       0x48 /tmp/loko_app.yhd4Rs.ltrans0.ltrans.o
 .text._cmd_erase
                0x000000000800b168       0x7c /tmp/loko_app.yhd4Rs.ltrans0.ltrans.o
 .text._cmd_gtrace_period
                0x000000000800b1e4       0x48 /tmp/loko_app.yhd4Rs.ltrans0.ltrans.o
 .text._cmd_enable_lorawan
                0x000000000800b22c       0x58 /tmp/loko_app.yhd4Rs.ltrans0.ltrans.o
 .text._cmd_enable_p2p_enc
                0x000000000800b284       0x54 /tmp/loko_app.yhd4Rs.ltrans0.ltrans.o
 .text._cmd_set_region
                0x000000000800b2d8       0x84 /tmp/loko_app.yhd4Rs.ltrans0.ltrans.o
 .text._cmd_set_debug_output
                0x000000000800b35c       0x4c /tmp/loko_app.yhd4Rs.ltrans0.ltrans.o
 .text._cmd_set_extended_packet
                0x000000000800b3a8       0x4c /tmp/loko_app.yhd4Rs.ltrans0.ltrans.o
 .text._cmd_set_gnss_mode
                0x000000000800b3f4       0x4c /tmp/loko_app.yhd4Rs.ltrans0.ltrans.o
 .text._cmd_set_tx_power
                0x000000000800b440       0x54 /tmp/loko_app.yhd4Rs.ltrans0.ltrans.o
 .text.PrintKey
                0x000000000800b494       0xac /tmp/loko_app.yhd4Rs.ltrans0.ltrans.o
 .text.xor_block.lto_priv.0
                0x000000000800b540       0x82 /tmp/loko_app.yhd4Rs.ltrans0.ltrans.o
                0x000000000800b540                xor_block.lto_priv.0
 .text.copy_and_key.lto_priv.0
                0x000000000800b5c2       0x84 /tmp/loko_app.yhd4Rs.ltrans0.ltrans.o
                0x000000000800b5c2                copy_and_key.lto_priv.0
 *fill*         0x000000000800b646        0x2 
 .text.shift_sub_rows.lto_priv.0
                0x000000000800b648       0x68 /tmp/loko_app.yhd4Rs.ltrans0.ltrans.o
                0x000000000800b648                shift_sub_rows.lto_priv.0
 .text.mix_sub_columns.lto_priv.0
                0x000000000800b6b0      0x1d4 /tmp/loko_app.yhd4Rs.ltrans0.ltrans.o
                0x000000000800b6b0                mix_sub_columns.lto_priv.0
 .text.ComputeCmac.lto_priv.0
                0x000000000800b884      0x1c0 /tmp/loko_app.yhd4Rs.ltrans0.ltrans.o
                0x000000000800b884                ComputeCmac.lto_priv.0
 .text.SecureElementAesEncrypt.part.0
                0x000000000800ba44       0x52 /tmp/loko_app.yhd4Rs.ltrans0.ltrans.o
                0x000000000800ba44                SecureElementAesEncrypt.part.0
 *fill*         0x000000000800ba96        0x2 
 .text.SecureElementSetKey.part.0
                0x000000000800ba98       0x70 /tmp/loko_app.yhd4Rs.ltrans0.ltrans.o
                0x000000000800ba98                SecureElementSetKey.part.0
 .text.SecureElementDeriveAndStoreKey
                0x000000000800bb08       0x32 /tmp/loko_app.yhd4Rs.ltrans0.ltrans.o
                0x000000000800bb08                SecureElementDeriveAndStoreKey
 *fill*         0x000000000800bb3a        0x2 
 .text.LoRaMacIsBusy
                0x000000000800bb3c       0x28 /tmp/loko_app.yhd4Rs.ltrans0.ltrans.o
                0x000000000800bb3c                LoRaMacIsBusy
 .text.SwitchClass.lto_priv.0
                0x000000000800bb64       0xb8 /tmp/loko_app.yhd4Rs.ltrans0.ltrans.o
                0x000000000800bb64                SwitchClass.lto_priv.0
 .text.ScheduleTx.lto_priv.0
                0x000000000800bc1c     0x14f4 /tmp/loko_app.yhd4Rs.ltrans0.ltrans.o
                0x000000000800bc1c                ScheduleTx.lto_priv.0
 .text.OnTxDelayedTimerEvent
                0x000000000800d110       0x70 /tmp/loko_app.yhd4Rs.ltrans0.ltrans.o
 .text.ResetMacParameters.lto_priv.0
                0x000000000800d180       0xe4 /tmp/loko_app.yhd4Rs.ltrans0.ltrans.o
                0x000000000800d180                ResetMacParameters.lto_priv.0
 .text.LoRaMacStop
                0x000000000800d264       0x24 /tmp/loko_app.yhd4Rs.ltrans0.ltrans.o
                0x000000000800d264                LoRaMacStop
 .text.LoRaMacMibGetRequestConfirm
                0x000000000800d288      0x1a4 /tmp/loko_app.yhd4Rs.ltrans0.ltrans.o
                0x000000000800d288                LoRaMacMibGetRequestConfirm
 .text.LmHandlerJoinStatus
                0x000000000800d42c       0x26 /tmp/loko_app.yhd4Rs.ltrans0.ltrans.o
                0x000000000800d42c                LmHandlerJoinStatus
 *fill*         0x000000000800d452        0x2 
 .text.McpsIndication
                0x000000000800d454       0x9c /tmp/loko_app.yhd4Rs.ltrans0.ltrans.o
 .text.MlmeConfirm
                0x000000000800d4f0       0xe4 /tmp/loko_app.yhd4Rs.ltrans0.ltrans.o
 .text.LoRaMacMibSetRequestConfirm
                0x000000000800d5d4      0x5e4 /tmp/loko_app.yhd4Rs.ltrans0.ltrans.o
                0x000000000800d5d4                LoRaMacMibSetRequestConfirm
 .text.LmHandlerJoin
                0x000000000800dbb8       0xbc /tmp/loko_app.yhd4Rs.ltrans0.ltrans.o
 .text.lorawan_init
                0x000000000800dc74      0x730 /tmp/loko_app.yhd4Rs.ltrans0.ltrans.o
 .text._on_join_request
                0x000000000800e3a4       0x5c /tmp/loko_app.yhd4Rs.ltrans0.ltrans.o
 .text.LmHandlerSend
                0x000000000800e400      0x4a4 /tmp/loko_app.yhd4Rs.ltrans0.ltrans.o
 *fill*         0x000000000800e8a4        0x4 
 .text._background_loop
                0x000000000800e8a8     0x13c4 /tmp/loko_app.yhd4Rs.ltrans0.ltrans.o
 *fill*         0x000000000800fc6c        0x4 
 .text.startup.main
                0x000000000800fc70     0x1458 /tmp/loko_app.yhd4Rs.ltrans0.ltrans.o
                0x000000000800fc70                main
 .text.LmhpComplianceProcess
                0x00000000080110c8       0xa0 /tmp/loko_app.yhd4Rs.ltrans0.ltrans.o
 .text.LmhpComplianceOnMcpsIndication
                0x0000000008011168      0x368 /tmp/loko_app.yhd4Rs.ltrans0.ltrans.o
 .text.RegionCN470A20GetBeaconChannelOffset
                0x00000000080114d0        0x8 /tmp/loko_app.yhd4Rs.ltrans1.ltrans.o
                0x00000000080114d0                RegionCN470A20GetBeaconChannelOffset
 .text.RegionCN470A20InitializeChannels
                0x00000000080114d8       0x58 /tmp/loko_app.yhd4Rs.ltrans1.ltrans.o
                0x00000000080114d8                RegionCN470A20InitializeChannels
 .text.RegionCN470A20InitializeChannelsMask
                0x0000000008011530       0x14 /tmp/loko_app.yhd4Rs.ltrans1.ltrans.o
                0x0000000008011530                RegionCN470A20InitializeChannelsMask
 .text.RegionCN470A20GetRx1Frequency
                0x0000000008011544       0x28 /tmp/loko_app.yhd4Rs.ltrans1.ltrans.o
                0x0000000008011544                RegionCN470A20GetRx1Frequency
 .text.RegionCN470A20GetDownlinkFrequency
                0x000000000801156c        0x4 /tmp/loko_app.yhd4Rs.ltrans1.ltrans.o
                0x000000000801156c                RegionCN470A20GetDownlinkFrequency
 .text.RegionCN470A20GetRx2Frequency
                0x0000000008011570       0x34 /tmp/loko_app.yhd4Rs.ltrans1.ltrans.o
                0x0000000008011570                RegionCN470A20GetRx2Frequency
 .text.RegionCN470B20GetBeaconChannelOffset
                0x00000000080115a4        0x8 /tmp/loko_app.yhd4Rs.ltrans1.ltrans.o
                0x00000000080115a4                RegionCN470B20GetBeaconChannelOffset
 .text.RegionCN470B20InitializeChannels
                0x00000000080115ac       0x58 /tmp/loko_app.yhd4Rs.ltrans1.ltrans.o
                0x00000000080115ac                RegionCN470B20InitializeChannels
 .text.RegionCN470B20InitializeChannelsMask
                0x0000000008011604        0x4 /tmp/loko_app.yhd4Rs.ltrans1.ltrans.o
                0x0000000008011604                RegionCN470B20InitializeChannelsMask
 .text.RegionCN470B20GetRx1Frequency
                0x0000000008011608       0x28 /tmp/loko_app.yhd4Rs.ltrans1.ltrans.o
                0x0000000008011608                RegionCN470B20GetRx1Frequency
 .text.RegionCN470B20GetDownlinkFrequency
                0x0000000008011630       0x1c /tmp/loko_app.yhd4Rs.ltrans1.ltrans.o
                0x0000000008011630                RegionCN470B20GetDownlinkFrequency
 .text.RegionCN470B20GetRx2Frequency
                0x000000000801164c       0x24 /tmp/loko_app.yhd4Rs.ltrans1.ltrans.o
                0x000000000801164c                RegionCN470B20GetRx2Frequency
 .text.RegionCN470A26GetDownlinkFrequency
                0x0000000008011670        0x8 /tmp/loko_app.yhd4Rs.ltrans1.ltrans.o
                0x0000000008011670                RegionCN470A26GetDownlinkFrequency
 .text.RegionCN470A26GetBeaconChannelOffset
                0x0000000008011678        0x4 /tmp/loko_app.yhd4Rs.ltrans1.ltrans.o
                0x0000000008011678                RegionCN470A26GetBeaconChannelOffset
 .text.RegionCN470A26InitializeChannels
                0x000000000801167c       0x2c /tmp/loko_app.yhd4Rs.ltrans1.ltrans.o
                0x000000000801167c                RegionCN470A26InitializeChannels
 .text.RegionCN470A26InitializeChannelsMask
                0x00000000080116a8       0x14 /tmp/loko_app.yhd4Rs.ltrans1.ltrans.o
                0x00000000080116a8                RegionCN470A26InitializeChannelsMask
 .text.RegionCN470A26GetRx1Frequency
                0x00000000080116bc       0x20 /tmp/loko_app.yhd4Rs.ltrans1.ltrans.o
                0x00000000080116bc                RegionCN470A26GetRx1Frequency
 .text.RegionCN470A26GetRx2Frequency
                0x00000000080116dc        0x8 /tmp/loko_app.yhd4Rs.ltrans1.ltrans.o
                0x00000000080116dc                RegionCN470A26GetRx2Frequency
 .text.RegionCN470B26GetDownlinkFrequency
                0x00000000080116e4        0x8 /tmp/loko_app.yhd4Rs.ltrans1.ltrans.o
                0x00000000080116e4                RegionCN470B26GetDownlinkFrequency
 .text.RegionCN470B26InitializeChannels
                0x00000000080116ec       0x2c /tmp/loko_app.yhd4Rs.ltrans1.ltrans.o
                0x00000000080116ec                RegionCN470B26InitializeChannels
 .text.RegionCN470B26InitializeChannelsMask
                0x0000000008011718        0x4 /tmp/loko_app.yhd4Rs.ltrans1.ltrans.o
                0x0000000008011718                RegionCN470B26InitializeChannelsMask
 .text.RegionCN470B26GetRx1Frequency
                0x000000000801171c       0x20 /tmp/loko_app.yhd4Rs.ltrans1.ltrans.o
                0x000000000801171c                RegionCN470B26GetRx1Frequency
 .text.RegionCN470B26GetRx2Frequency
                0x000000000801173c        0x8 /tmp/loko_app.yhd4Rs.ltrans1.ltrans.o
                0x000000000801173c                RegionCN470B26GetRx2Frequency
 .text.RegionAlternateDr
                0x0000000008011744       0x78 /tmp/loko_app.yhd4Rs.ltrans1.ltrans.o
 .text.RegionCN470A20LinkAdrChMaskUpdate
                0x00000000080117bc       0x68 /tmp/loko_app.yhd4Rs.ltrans1.ltrans.o
                0x00000000080117bc                RegionCN470A20LinkAdrChMaskUpdate
 .text.RegionCN470B20LinkAdrChMaskUpdate
                0x0000000008011824        0x4 /tmp/loko_app.yhd4Rs.ltrans1.ltrans.o
                0x0000000008011824                RegionCN470B20LinkAdrChMaskUpdate
 .text.RegionCN470B26VerifyRfFreq
                0x0000000008011828       0x30 /tmp/loko_app.yhd4Rs.ltrans1.ltrans.o
                0x0000000008011828                RegionCN470B26VerifyRfFreq
 .text.RegionCN470A20VerifyRfFreq
                0x0000000008011858       0x30 /tmp/loko_app.yhd4Rs.ltrans1.ltrans.o
                0x0000000008011858                RegionCN470A20VerifyRfFreq
 .text.RegionCN470A26LinkAdrChMaskUpdate
                0x0000000008011888       0x68 /tmp/loko_app.yhd4Rs.ltrans1.ltrans.o
                0x0000000008011888                RegionCN470A26LinkAdrChMaskUpdate
 .text.RegionCN470B26LinkAdrChMaskUpdate
                0x00000000080118f0        0x4 /tmp/loko_app.yhd4Rs.ltrans1.ltrans.o
                0x00000000080118f0                RegionCN470B26LinkAdrChMaskUpdate
 .text.RegionCN470A26VerifyRfFreq
                0x00000000080118f4       0x30 /tmp/loko_app.yhd4Rs.ltrans1.ltrans.o
                0x00000000080118f4                RegionCN470A26VerifyRfFreq
 .text.RegionCN470B20VerifyRfFreq
                0x0000000008011924       0x50 /tmp/loko_app.yhd4Rs.ltrans1.ltrans.o
                0x0000000008011924                RegionCN470B20VerifyRfFreq
 .text.RegionCN470B26GetBeaconChannelOffset
                0x0000000008011974        0x4 /tmp/loko_app.yhd4Rs.ltrans1.ltrans.o
                0x0000000008011974                RegionCN470B26GetBeaconChannelOffset
 .text.RegionCommonComputeRxWindowParameters
                0x0000000008011978       0x52 /tmp/loko_app.yhd4Rs.ltrans1.ltrans.o
 *fill*         0x00000000080119ca        0x2 
 .text.rand1    0x00000000080119cc       0x28 /tmp/loko_app.yhd4Rs.ltrans1.ltrans.o
 .text.RadioGetStatus.lto_priv.0
                0x00000000080119f4       0x1c /tmp/loko_app.yhd4Rs.ltrans1.ltrans.o
                0x00000000080119f4                RadioGetStatus.lto_priv.0
 .text.RadioGetWakeupTime.lto_priv.0
                0x0000000008011a10        0x4 /tmp/loko_app.yhd4Rs.ltrans1.ltrans.o
                0x0000000008011a10                RadioGetWakeupTime.lto_priv.0
 .text.RadioCheckRfFrequency.lto_priv.0
                0x0000000008011a14        0x4 /tmp/loko_app.yhd4Rs.ltrans1.ltrans.o
                0x0000000008011a14                RadioCheckRfFrequency.lto_priv.0
 .text.RadioTimeOnAir.lto_priv.0
                0x0000000008011a18       0xec /tmp/loko_app.yhd4Rs.ltrans1.ltrans.o
                0x0000000008011a18                RadioTimeOnAir.lto_priv.0
 .text.RadioOnTxTimeoutIrq
                0x0000000008011b04       0x14 /tmp/loko_app.yhd4Rs.ltrans1.ltrans.o
 .text.RadioOnRxTimeoutIrq
                0x0000000008011b18       0x14 /tmp/loko_app.yhd4Rs.ltrans1.ltrans.o
 .text.SUBGRF_GetFskBandwidthRegValue
                0x0000000008011b2c       0x28 /tmp/loko_app.yhd4Rs.ltrans1.ltrans.o
 .text.ADC_DMAError
                0x0000000008011b54       0x14 /tmp/loko_app.yhd4Rs.ltrans1.ltrans.o
 .text.LL_RCC_HSE_IsEnabledDiv2.lto_priv.0
                0x0000000008011b68        0xc /tmp/loko_app.yhd4Rs.ltrans1.ltrans.o
 .text.LL_RCC_MSI_IsEnabledRangeSelect.lto_priv.0
                0x0000000008011b74        0xc /tmp/loko_app.yhd4Rs.ltrans1.ltrans.o
 .text.ADC_DMAConvCplt
                0x0000000008011b80       0x70 /tmp/loko_app.yhd4Rs.ltrans1.ltrans.o
 .text.ADC_DMAHalfConvCplt
                0x0000000008011bf0        0x2 /tmp/loko_app.yhd4Rs.ltrans1.ltrans.o
 *fill*         0x0000000008011bf2        0x2 
 .text.DMA_CalcDMAMUXChannelBaseAndMask
                0x0000000008011bf4       0x4c /tmp/loko_app.yhd4Rs.ltrans1.ltrans.o
 .text.HAL_GPIO_Init.constprop.0
                0x0000000008011c40      0x134 /tmp/loko_app.yhd4Rs.ltrans1.ltrans.o
 .text.SUBGRF_ReadRegister
                0x0000000008011d74       0x16 /tmp/loko_app.yhd4Rs.ltrans1.ltrans.o
 .text.SUBGRF_WriteRegister
                0x0000000008011d8a       0x16 /tmp/loko_app.yhd4Rs.ltrans1.ltrans.o
 .text.SUBGRF_SetWhiteningSeed
                0x0000000008011da0       0x38 /tmp/loko_app.yhd4Rs.ltrans1.ltrans.o
 .text.Radio_SMPS_Set
                0x0000000008011dd8       0x1e /tmp/loko_app.yhd4Rs.ltrans1.ltrans.o
 .text.SUBGRF_SetSwitch
                0x0000000008011df6       0x2c /tmp/loko_app.yhd4Rs.ltrans1.ltrans.o
 .text.SUBGRF_WriteCommand
                0x0000000008011e22        0xc /tmp/loko_app.yhd4Rs.ltrans1.ltrans.o
 *fill*         0x0000000008011e2e        0x2 
 .text.SUBGRF_SetTx
                0x0000000008011e30       0x2c /tmp/loko_app.yhd4Rs.ltrans1.ltrans.o
 .text.SUBGRF_SetRx
                0x0000000008011e5c       0x2c /tmp/loko_app.yhd4Rs.ltrans1.ltrans.o
 .text.SUBGRF_SetStopRxTimerOnPreambleDetect
                0x0000000008011e88       0x18 /tmp/loko_app.yhd4Rs.ltrans1.ltrans.o
 .text.SUBGRF_SetLoRaSymbNumTimeout
                0x0000000008011ea0       0x30 /tmp/loko_app.yhd4Rs.ltrans1.ltrans.o
 .text.SUBGRF_SetRfFrequency
                0x0000000008011ed0       0xb8 /tmp/loko_app.yhd4Rs.ltrans1.ltrans.o
 .text.RadioSetChannel.lto_priv.0
                0x0000000008011f88        0x4 /tmp/loko_app.yhd4Rs.ltrans1.ltrans.o
                0x0000000008011f88                RadioSetChannel.lto_priv.0
 .text.SUBGRF_SetPacketType
                0x0000000008011f8c       0x2c /tmp/loko_app.yhd4Rs.ltrans1.ltrans.o
 .text.RadioSetModem.lto_priv.0
                0x0000000008011fb8       0x44 /tmp/loko_app.yhd4Rs.ltrans1.ltrans.o
                0x0000000008011fb8                RadioSetModem.lto_priv.0
 .text.RadioSetPublicNetwork.lto_priv.0
                0x0000000008011ffc       0x3c /tmp/loko_app.yhd4Rs.ltrans1.ltrans.o
                0x0000000008011ffc                RadioSetPublicNetwork.lto_priv.0
 .text.SUBGRF_SetModulationParams.constprop.0
                0x0000000008012038      0x104 /tmp/loko_app.yhd4Rs.ltrans1.ltrans.o
 .text.SUBGRF_SetStandby.constprop.0
                0x000000000801213c       0x30 /tmp/loko_app.yhd4Rs.ltrans1.ltrans.o
 .text.RadioStandby.lto_priv.0
                0x000000000801216c        0x4 /tmp/loko_app.yhd4Rs.ltrans1.ltrans.o
                0x000000000801216c                RadioStandby.lto_priv.0
 .text.SUBGRF_SetDioIrqParams.constprop.0
                0x0000000008012170       0x38 /tmp/loko_app.yhd4Rs.ltrans1.ltrans.o
 .text.RadioRandom.lto_priv.0
                0x00000000080121a8       0x72 /tmp/loko_app.yhd4Rs.ltrans1.ltrans.o
                0x00000000080121a8                RadioRandom.lto_priv.0
 *fill*         0x000000000801221a        0x2 
 .text.RadioRx.lto_priv.0
                0x000000000801221c       0x48 /tmp/loko_app.yhd4Rs.ltrans1.ltrans.o
                0x000000000801221c                RadioRx.lto_priv.0
 .text.SUBGRF_SetPaConfig.constprop.0
                0x0000000008012264       0x26 /tmp/loko_app.yhd4Rs.ltrans1.ltrans.o
 .text.SUBGRF_SetTxParams
                0x000000000801228a       0x7a /tmp/loko_app.yhd4Rs.ltrans1.ltrans.o
 .text.SUBGRF_SetRfTxPower
                0x0000000008012304       0x10 /tmp/loko_app.yhd4Rs.ltrans1.ltrans.o
 .text.RadioSetTxContinuousWave.lto_priv.0
                0x0000000008012314       0x3c /tmp/loko_app.yhd4Rs.ltrans1.ltrans.o
                0x0000000008012314                RadioSetTxContinuousWave.lto_priv.0
 .text.SUBGRF_ReadCommand
                0x0000000008012350        0xc /tmp/loko_app.yhd4Rs.ltrans1.ltrans.o
 .text.LoRaMacClassBHaltBeaconing
                0x000000000801235c        0x2 /tmp/loko_app.yhd4Rs.ltrans1.ltrans.o
                0x000000000801235c                LoRaMacClassBHaltBeaconing
                0x000000000801235c                SystemInit
 *fill*         0x000000000801235e        0x2 
 .text.LoRaMacConfirmQueueSetStatus
                0x0000000008012360       0x24 /tmp/loko_app.yhd4Rs.ltrans1.ltrans.o
                0x0000000008012360                LoRaMacConfirmQueueSetStatus
 .text.LoRaMacConfirmQueueSetStatusCmn
                0x0000000008012384       0x34 /tmp/loko_app.yhd4Rs.ltrans1.ltrans.o
                0x0000000008012384                LoRaMacConfirmQueueSetStatusCmn
 .text.LoRaMacConfirmQueueIsCmdActive
                0x00000000080123b8       0x18 /tmp/loko_app.yhd4Rs.ltrans1.ltrans.o
                0x00000000080123b8                LoRaMacConfirmQueueIsCmdActive
 .text.PayloadEncrypt.lto_priv.0
                0x00000000080123d0       0xc0 /tmp/loko_app.yhd4Rs.ltrans1.ltrans.o
                0x00000000080123d0                PayloadEncrypt.lto_priv.0
 .text.DeriveSessionKey10x.lto_priv.0
                0x0000000008012490       0x4c /tmp/loko_app.yhd4Rs.ltrans1.ltrans.o
                0x0000000008012490                DeriveSessionKey10x.lto_priv.0
 .text.LoRaMacCryptoDeriveMcKEKey.part.0
                0x00000000080124dc       0x22 /tmp/loko_app.yhd4Rs.ltrans1.ltrans.o
                0x00000000080124dc                LoRaMacCryptoDeriveMcKEKey.part.0
 *fill*         0x00000000080124fe        0x2 
 .text.LoRaMacCryptoSetKey
                0x0000000008012500       0x2c /tmp/loko_app.yhd4Rs.ltrans1.ltrans.o
                0x0000000008012500                LoRaMacCryptoSetKey
 .text.randr    0x000000000801252c       0x1a /tmp/loko_app.yhd4Rs.ltrans1.ltrans.o
                0x000000000801252c                randr
 *fill*         0x0000000008012546        0x2 
 .text.VerifyRfFreq.lto_priv.0
                0x0000000008012548       0x24 /tmp/loko_app.yhd4Rs.ltrans1.ltrans.o
                0x0000000008012548                VerifyRfFreq.lto_priv.0
 .text.VerifyRfFreq.lto_priv.1.lto_priv.0
                0x000000000801256c       0x38 /tmp/loko_app.yhd4Rs.ltrans1.ltrans.o
                0x000000000801256c                VerifyRfFreq.lto_priv.1.lto_priv.0
                0x000000000801256c                VerifyRfFreq.lto_priv.9.lto_priv.0
 .text.VerifyRfFreq.lto_priv.2
                0x00000000080125a4       0x1c /tmp/loko_app.yhd4Rs.ltrans1.ltrans.o
                0x00000000080125a4                VerifyRfFreq.lto_priv.2
 .text.VerifyRfFreq.lto_priv.3
                0x00000000080125c0       0x24 /tmp/loko_app.yhd4Rs.ltrans1.ltrans.o
                0x00000000080125c0                VerifyRfFreq.lto_priv.3
 .text.RegionCommonChanDisable
                0x00000000080125e4       0x32 /tmp/loko_app.yhd4Rs.ltrans1.ltrans.o
                0x00000000080125e4                RegionCommonChanDisable
 .text.RegionCommonChanMaskCopy
                0x0000000008012616       0x1e /tmp/loko_app.yhd4Rs.ltrans1.ltrans.o
                0x0000000008012616                RegionCommonChanMaskCopy
 .text.RegionCommonParseLinkAdrReq
                0x0000000008012634       0x34 /tmp/loko_app.yhd4Rs.ltrans1.ltrans.o
                0x0000000008012634                RegionCommonParseLinkAdrReq
 .text.RegionCommonComputeTxPower
                0x0000000008012668       0x2a /tmp/loko_app.yhd4Rs.ltrans1.ltrans.o
                0x0000000008012668                RegionCommonComputeTxPower
 *fill*         0x0000000008012692        0x2 
 .text.RegionCommonGetBandwidth
                0x0000000008012694       0x24 /tmp/loko_app.yhd4Rs.ltrans1.ltrans.o
                0x0000000008012694                RegionCommonGetBandwidth
 .text.GetTimeOnAir.lto_priv.0.lto_priv.0
                0x00000000080126b8       0x4c /tmp/loko_app.yhd4Rs.ltrans1.ltrans.o
                0x00000000080126b8                GetTimeOnAir.lto_priv.8.lto_priv.0
                0x00000000080126b8                GetTimeOnAir.lto_priv.6.lto_priv.0
                0x00000000080126b8                GetTimeOnAir.lto_priv.3.lto_priv.0
                0x00000000080126b8                GetTimeOnAir.lto_priv.0.lto_priv.0
                0x00000000080126b8                GetTimeOnAir.lto_priv.5.lto_priv.0
                0x00000000080126b8                GetTimeOnAir.lto_priv.4.lto_priv.0
 .text.RegionAS923ComputeRxWindowParameters
                0x0000000008012704       0x5c /tmp/loko_app.yhd4Rs.ltrans1.ltrans.o
 .text.RegionComputeRxWindowParameters
                0x0000000008012760      0x118 /tmp/loko_app.yhd4Rs.ltrans1.ltrans.o
                0x0000000008012760                RegionComputeRxWindowParameters
 .text.GetTimeOnAir.lto_priv.1
                0x0000000008012878       0x34 /tmp/loko_app.yhd4Rs.ltrans1.ltrans.o
                0x0000000008012878                GetTimeOnAir.lto_priv.1
 .text.GetTimeOnAir.lto_priv.2
                0x00000000080128ac       0x34 /tmp/loko_app.yhd4Rs.ltrans1.ltrans.o
                0x00000000080128ac                GetTimeOnAir.lto_priv.2
 .text.RegionCommonRxConfigPrint
                0x00000000080128e0       0x3c /tmp/loko_app.yhd4Rs.ltrans1.ltrans.o
                0x00000000080128e0                RegionCommonRxConfigPrint
 .text.RegionCommonTxConfigPrint
                0x000000000801291c       0x10 /tmp/loko_app.yhd4Rs.ltrans1.ltrans.o
                0x000000000801291c                RegionCommonTxConfigPrint
 .text.RegionCommonChanVerifyDr.part.0
                0x000000000801292c       0x54 /tmp/loko_app.yhd4Rs.ltrans1.ltrans.o
                0x000000000801292c                RegionCommonChanVerifyDr.part.0
 .text.RegionCommonGetNextLowerTxDr
                0x0000000008012980       0x34 /tmp/loko_app.yhd4Rs.ltrans1.ltrans.o
 .text.RegionAS923GetPhyParam
                0x00000000080129b4      0x170 /tmp/loko_app.yhd4Rs.ltrans1.ltrans.o
                0x00000000080129b4                RegionAS923GetPhyParam
 .text.RegionAU915GetPhyParam
                0x0000000008012b24      0x184 /tmp/loko_app.yhd4Rs.ltrans1.ltrans.o
                0x0000000008012b24                RegionAU915GetPhyParam
 .text.RegionCN470GetPhyParam
                0x0000000008012ca8      0x20c /tmp/loko_app.yhd4Rs.ltrans1.ltrans.o
                0x0000000008012ca8                RegionCN470GetPhyParam
 .text.RegionGetPhyParam
                0x0000000008012eb4      0x788 /tmp/loko_app.yhd4Rs.ltrans1.ltrans.o
                0x0000000008012eb4                RegionGetPhyParam
 .text.VerifyRfFreq.lto_priv.4
                0x000000000801363c       0x24 /tmp/loko_app.yhd4Rs.ltrans1.ltrans.o
                0x000000000801363c                VerifyRfFreq.lto_priv.4
 .text.VerifyRfFreq.lto_priv.5
                0x0000000008013660       0x94 /tmp/loko_app.yhd4Rs.ltrans1.ltrans.o
                0x0000000008013660                VerifyRfFreq.lto_priv.5
 .text.VerifyRfFreq.lto_priv.6
                0x00000000080136f4       0x24 /tmp/loko_app.yhd4Rs.ltrans1.ltrans.o
                0x00000000080136f4                VerifyRfFreq.lto_priv.6
 .text.VerifyRfFreq.lto_priv.7
                0x0000000008013718       0x38 /tmp/loko_app.yhd4Rs.ltrans1.ltrans.o
                0x0000000008013718                VerifyRfFreq.lto_priv.7
 .text.GetTimeOnAir.lto_priv.7
                0x0000000008013750       0x34 /tmp/loko_app.yhd4Rs.ltrans1.ltrans.o
                0x0000000008013750                GetTimeOnAir.lto_priv.7
 .text.VerifyRfFreq.lto_priv.8
                0x0000000008013784       0x24 /tmp/loko_app.yhd4Rs.ltrans1.ltrans.o
                0x0000000008013784                VerifyRfFreq.lto_priv.8
 .text.RegionVerify
                0x00000000080137a8      0x310 /tmp/loko_app.yhd4Rs.ltrans1.ltrans.o
                0x00000000080137a8                RegionVerify
 .text.LoRaMacTestSetDutyCycleOn
                0x0000000008013ab8       0x24 /tmp/loko_app.yhd4Rs.ltrans1.ltrans.o
                0x0000000008013ab8                LoRaMacTestSetDutyCycleOn
 .text.GetTimeOnAir.lto_priv.9
                0x0000000008013adc       0x34 /tmp/loko_app.yhd4Rs.ltrans1.ltrans.o
                0x0000000008013adc                GetTimeOnAir.lto_priv.9
 .text.memcpy1  0x0000000008013b10       0x14 /tmp/loko_app.yhd4Rs.ltrans1.ltrans.o
                0x0000000008013b10                memcpy1
 .text.LoRaMacCommandsAddCmd
                0x0000000008013b24       0xa0 /tmp/loko_app.yhd4Rs.ltrans1.ltrans.o
                0x0000000008013b24                LoRaMacCommandsAddCmd
 .text.LoRaMacCommandsSerializeCmds
                0x0000000008013bc4       0x60 /tmp/loko_app.yhd4Rs.ltrans1.ltrans.o
                0x0000000008013bc4                LoRaMacCommandsSerializeCmds
 .text.LoRaMacParserData
                0x0000000008013c24       0xb2 /tmp/loko_app.yhd4Rs.ltrans1.ltrans.o
                0x0000000008013c24                LoRaMacParserData
 *fill*         0x0000000008013cd6        0x2 
 .text.RegionInitDefaults
                0x0000000008013cd8      0x66c /tmp/loko_app.yhd4Rs.ltrans1.ltrans.o
                0x0000000008013cd8                RegionInitDefaults
 .text.LoRaMacAdrCalcNext
                0x0000000008014344       0xda /tmp/loko_app.yhd4Rs.ltrans1.ltrans.o
                0x0000000008014344                LoRaMacAdrCalcNext
 *fill*         0x000000000801441e        0x2 
 .text.RegionAS923ChannelAdd
                0x0000000008014420       0x84 /tmp/loko_app.yhd4Rs.ltrans1.ltrans.o
                0x0000000008014420                RegionAS923ChannelAdd
 .text.RegionCN779ChannelAdd
                0x00000000080144a4       0x84 /tmp/loko_app.yhd4Rs.ltrans1.ltrans.o
                0x00000000080144a4                RegionCN779ChannelAdd
 .text.RegionEU433ChannelAdd
                0x0000000008014528       0x84 /tmp/loko_app.yhd4Rs.ltrans1.ltrans.o
                0x0000000008014528                RegionEU433ChannelAdd
 .text.RegionEU868ChannelAdd
                0x00000000080145ac       0x94 /tmp/loko_app.yhd4Rs.ltrans1.ltrans.o
                0x00000000080145ac                RegionEU868ChannelAdd
 .text.RegionIN865ChannelAdd
                0x0000000008014640       0x84 /tmp/loko_app.yhd4Rs.ltrans1.ltrans.o
                0x0000000008014640                RegionIN865ChannelAdd
 .text.RegionKR920ChannelAdd
                0x00000000080146c4       0x90 /tmp/loko_app.yhd4Rs.ltrans1.ltrans.o
                0x00000000080146c4                RegionKR920ChannelAdd
 .text.RegionRU864ChannelAdd
                0x0000000008014754       0x84 /tmp/loko_app.yhd4Rs.ltrans1.ltrans.o
                0x0000000008014754                RegionRU864ChannelAdd
 .text.memset1  0x00000000080147d8        0x4 /tmp/loko_app.yhd4Rs.ltrans1.ltrans.o
                0x00000000080147d8                memset1
 .text.LoRaMacMlmeRequest
                0x00000000080147dc      0x1e8 /tmp/loko_app.yhd4Rs.ltrans1.ltrans.o
                0x00000000080147dc                LoRaMacMlmeRequest
 .text.Crc32.part.0
                0x00000000080149c4       0x30 /tmp/loko_app.yhd4Rs.ltrans1.ltrans.o
                0x00000000080149c4                Crc32.part.0
 .text._lock.lto_priv.0
                0x00000000080149f4        0x2 /tmp/loko_app.yhd4Rs.ltrans1.ltrans.o
                0x00000000080149f4                _lock.lto_priv.0
 .text._unlock.lto_priv.0
                0x00000000080149f6        0x2 /tmp/loko_app.yhd4Rs.ltrans1.ltrans.o
                0x00000000080149f6                _unlock.lto_priv.0
 .text._save_request.lto_priv.0
                0x00000000080149f8       0x10 /tmp/loko_app.yhd4Rs.ltrans1.ltrans.o
                0x00000000080149f8                _save_request.lto_priv.0
 .text.settings_save
                0x0000000008014a08       0xec /tmp/loko_app.yhd4Rs.ltrans1.ltrans.o
                0x0000000008014a08                settings_save
 .text.settings_get_lora_app_key
                0x0000000008014af4       0x18 /tmp/loko_app.yhd4Rs.ltrans1.ltrans.o
                0x0000000008014af4                settings_get_lora_app_key
 .text.SUBGRF_WriteRegisters
                0x0000000008014b0c        0xc /tmp/loko_app.yhd4Rs.ltrans1.ltrans.o
                0x0000000008014b0c                SUBGRF_WriteRegisters
 .text.SUBGRF_SetCrcSeed
                0x0000000008014b18       0x28 /tmp/loko_app.yhd4Rs.ltrans1.ltrans.o
 .text.SUBGRF_SetCrcPolynomial
                0x0000000008014b40       0x28 /tmp/loko_app.yhd4Rs.ltrans1.ltrans.o
 .text.SUBGRF_SetPacketParams.constprop.0
                0x0000000008014b68       0xf0 /tmp/loko_app.yhd4Rs.ltrans1.ltrans.o
 .text.RadioSetRxConfig.lto_priv.0
                0x0000000008014c58      0x27c /tmp/loko_app.yhd4Rs.ltrans1.ltrans.o
                0x0000000008014c58                RadioSetRxConfig.lto_priv.0
 .text.RadioSetTxConfig.lto_priv.0
                0x0000000008014ed4      0x14c /tmp/loko_app.yhd4Rs.ltrans1.ltrans.o
                0x0000000008014ed4                RadioSetTxConfig.lto_priv.0
 .text.RadioSetMaxPayloadLength.lto_priv.0
                0x0000000008015020       0x28 /tmp/loko_app.yhd4Rs.ltrans1.ltrans.o
                0x0000000008015020                RadioSetMaxPayloadLength.lto_priv.0
 .text.__NVIC_SystemReset.lto_priv.0
                0x0000000008015048       0x24 /tmp/loko_app.yhd4Rs.ltrans1.ltrans.o
                0x0000000008015048                __NVIC_SystemReset.lto_priv.0
 .text.bsp_fatal_error
                0x000000000801506c       0x40 /tmp/loko_app.yhd4Rs.ltrans1.ltrans.o
                0x000000000801506c                bsp_fatal_error
 .text.LL_RCC_LSE_IsReady.lto_priv.0.lto_priv.0
                0x00000000080150ac        0xe /tmp/loko_app.yhd4Rs.ltrans1.ltrans.o
                0x00000000080150ac                LL_RCC_LSE_IsReady.lto_priv.2
                0x00000000080150ac                LL_RCC_LSE_IsReady.lto_priv.1.lto_priv.0
                0x00000000080150ac                LL_RCC_LSE_IsReady.lto_priv.0.lto_priv.0
 *fill*         0x00000000080150ba        0x2 
 .text.bsp_clock_switch
                0x00000000080150bc       0x90 /tmp/loko_app.yhd4Rs.ltrans1.ltrans.o
                0x00000000080150bc                bsp_clock_switch
 .text._flash_write.lto_priv.0
                0x000000000801514c       0x80 /tmp/loko_app.yhd4Rs.ltrans1.ltrans.o
                0x000000000801514c                _flash_write.lto_priv.0
 .text.bsp_flash_gnss_trace_erase
                0x00000000080151cc       0x18 /tmp/loko_app.yhd4Rs.ltrans1.ltrans.o
                0x00000000080151cc                bsp_flash_gnss_trace_erase
 .text.bsp_flash_lorawan_nvm_erase
                0x00000000080151e4        0x6 /tmp/loko_app.yhd4Rs.ltrans1.ltrans.o
                0x00000000080151e4                bsp_flash_lorawan_nvm_erase
 .text.LL_AHB2_GRP1_EnableClock.lto_priv.0.lto_priv.0
                0x00000000080151ea       0x18 /tmp/loko_app.yhd4Rs.ltrans1.ltrans.o
                0x00000000080151ea                LL_AHB2_GRP1_EnableClock.lto_priv.0.lto_priv.0
                0x00000000080151ea                LL_AHB2_GRP1_EnableClock.lto_priv.1.lto_priv.0
 *fill*         0x0000000008015202        0x2 
 .text.bsp_battery_measure
                0x0000000008015204      0x7e4 /tmp/loko_app.yhd4Rs.ltrans1.ltrans.o
                0x0000000008015204                bsp_battery_measure
 .text.bsp_gpio_is_button_pressed
                0x00000000080159e8        0xc /tmp/loko_app.yhd4Rs.ltrans1.ltrans.o
                0x00000000080159e8                bsp_gpio_is_button_pressed
 .text.bsp_gpio_is_usb_charger_connect
                0x00000000080159f4       0x10 /tmp/loko_app.yhd4Rs.ltrans1.ltrans.o
                0x00000000080159f4                bsp_gpio_is_usb_charger_connect
 .text.bsp_get_start_reason
                0x0000000008015a04       0x60 /tmp/loko_app.yhd4Rs.ltrans1.ltrans.o
                0x0000000008015a04                bsp_get_start_reason
 .text.bsp_uart_debug_write
                0x0000000008015a64       0x24 /tmp/loko_app.yhd4Rs.ltrans1.ltrans.o
                0x0000000008015a64                bsp_uart_debug_write
 .text.HAL_PWR_EnableWakeUpPin
                0x0000000008015a88       0x20 /tmp/loko_app.yhd4Rs.ltrans1.ltrans.o
                0x0000000008015a88                HAL_PWR_EnableWakeUpPin
 .text.RTC_ByteToBcd2
                0x0000000008015aa8       0x16 /tmp/loko_app.yhd4Rs.ltrans1.ltrans.o
                0x0000000008015aa8                RTC_ByteToBcd2
 *fill*         0x0000000008015abe        0x2 
 .text.LL_PWR_UnselectSUBGHZSPI_NSS.lto_priv.0
                0x0000000008015ac0       0x14 /tmp/loko_app.yhd4Rs.ltrans1.ltrans.o
                0x0000000008015ac0                LL_PWR_UnselectSUBGHZSPI_NSS.lto_priv.0
 .text.LL_PWR_SelectSUBGHZSPI_NSS.lto_priv.0
                0x0000000008015ad4       0x14 /tmp/loko_app.yhd4Rs.ltrans1.ltrans.o
                0x0000000008015ad4                LL_PWR_SelectSUBGHZSPI_NSS.lto_priv.0
 .text.RadioIrqProcess.lto_priv.0
                0x0000000008015ae8      0x3e8 /tmp/loko_app.yhd4Rs.ltrans1.ltrans.o
                0x0000000008015ae8                RadioIrqProcess.lto_priv.0
 .text.RadioOnDioIrq
                0x0000000008015ed0       0x10 /tmp/loko_app.yhd4Rs.ltrans1.ltrans.o
 .text.SUBGRF_SendPayload
                0x0000000008015ee0       0x64 /tmp/loko_app.yhd4Rs.ltrans1.ltrans.o
 .text.RadioSend.lto_priv.0
                0x0000000008015f44      0x168 /tmp/loko_app.yhd4Rs.ltrans1.ltrans.o
                0x0000000008015f44                RadioSend.lto_priv.0
 .text.HAL_Delay
                0x00000000080160ac       0x18 /tmp/loko_app.yhd4Rs.ltrans1.ltrans.o
                0x00000000080160ac                HAL_Delay
 .text.RadioIsChannelFree.lto_priv.0
                0x00000000080160c4       0x86 /tmp/loko_app.yhd4Rs.ltrans1.ltrans.o
                0x00000000080160c4                RadioIsChannelFree.lto_priv.0
 *fill*         0x000000000801614a        0x2 
 .text.RadioSleep.lto_priv.0
                0x000000000801614c       0x3c /tmp/loko_app.yhd4Rs.ltrans1.ltrans.o
                0x000000000801614c                RadioSleep.lto_priv.0
 .text.RadioInit.lto_priv.0
                0x0000000008016188      0x218 /tmp/loko_app.yhd4Rs.ltrans1.ltrans.o
                0x0000000008016188                RadioInit.lto_priv.0
 .text.LL_GPIO_SetPinMode.lto_priv.0
                0x00000000080163a0       0x2c /tmp/loko_app.yhd4Rs.ltrans1.ltrans.o
                0x00000000080163a0                LL_GPIO_SetPinMode.lto_priv.0
 .text.RCC_GetSystemClockFreq.lto_priv.0
                0x00000000080163cc      0x144 /tmp/loko_app.yhd4Rs.ltrans1.ltrans.o
                0x00000000080163cc                RCC_GetSystemClockFreq.lto_priv.0
 .text.NMI_Handler
                0x0000000008016510       0x18 /tmp/loko_app.yhd4Rs.ltrans1.ltrans.o
                0x0000000008016510                NMI_Handler
 .text.HardFault_Handler
                0x0000000008016528       0x18 /tmp/loko_app.yhd4Rs.ltrans1.ltrans.o
                0x0000000008016528                HardFault_Handler
 .text.MemManage_Handler
                0x0000000008016540       0x18 /tmp/loko_app.yhd4Rs.ltrans1.ltrans.o
                0x0000000008016540                MemManage_Handler
 .text.BusFault_Handler
                0x0000000008016558       0x18 /tmp/loko_app.yhd4Rs.ltrans1.ltrans.o
                0x0000000008016558                BusFault_Handler
 .text.UsageFault_Handler
                0x0000000008016570       0x18 /tmp/loko_app.yhd4Rs.ltrans1.ltrans.o
                0x0000000008016570                UsageFault_Handler
 .text.SVC_Handler
                0x0000000008016588        0x2 /tmp/loko_app.yhd4Rs.ltrans1.ltrans.o
                0x0000000008016588                SVC_Handler
 .text.DebugMon_Handler
                0x000000000801658a        0x2 /tmp/loko_app.yhd4Rs.ltrans1.ltrans.o
                0x000000000801658a                DebugMon_Handler
 .text.PendSV_Handler
                0x000000000801658c        0x2 /tmp/loko_app.yhd4Rs.ltrans1.ltrans.o
                0x000000000801658c                PendSV_Handler
 *fill*         0x000000000801658e        0x2 
 .text.SysTick_Handler
                0x0000000008016590       0x10 /tmp/loko_app.yhd4Rs.ltrans1.ltrans.o
                0x0000000008016590                SysTick_Handler
 .text.DMA1_Channel1_IRQHandler
                0x00000000080165a0        0x2 /tmp/loko_app.yhd4Rs.ltrans1.ltrans.o
                0x00000000080165a0                DMA1_Channel1_IRQHandler
 *fill*         0x00000000080165a2        0x2 
 .text.DMA1_Channel2_IRQHandler
                0x00000000080165a4       0xb4 /tmp/loko_app.yhd4Rs.ltrans1.ltrans.o
                0x00000000080165a4                DMA1_Channel2_IRQHandler
 .text.DMA1_Channel3_IRQHandler
                0x0000000008016658        0x2 /tmp/loko_app.yhd4Rs.ltrans1.ltrans.o
                0x0000000008016658                DMA1_Channel3_IRQHandler
 *fill*         0x000000000801665a        0x2 
 .text.SUBGHZ_Radio_IRQHandler
                0x000000000801665c       0xa4 /tmp/loko_app.yhd4Rs.ltrans1.ltrans.o
                0x000000000801665c                SUBGHZ_Radio_IRQHandler
 .text.USART1_IRQHandler
                0x0000000008016700       0x88 /tmp/loko_app.yhd4Rs.ltrans1.ltrans.o
                0x0000000008016700                USART1_IRQHandler
 .text.LPUART1_IRQHandler
                0x0000000008016788       0x88 /tmp/loko_app.yhd4Rs.ltrans1.ltrans.o
                0x0000000008016788                LPUART1_IRQHandler
 .text.TAMP_STAMP_LSECSS_SSRU_IRQHandler
                0x0000000008016810        0x2 /tmp/loko_app.yhd4Rs.ltrans1.ltrans.o
                0x0000000008016810                TAMP_STAMP_LSECSS_SSRU_IRQHandler
 *fill*         0x0000000008016812        0x2 
 .text.RTC_Alarm_IRQHandler
                0x0000000008016814       0xbc /tmp/loko_app.yhd4Rs.ltrans1.ltrans.o
                0x0000000008016814                RTC_Alarm_IRQHandler
 .text.WWDG_IRQHandler
                0x00000000080168d0        0x2 /tmp/loko_app.yhd4Rs.ltrans1.ltrans.o
                0x00000000080168d0                WWDG_IRQHandler
 .text.PVD_PVM_IRQHandler
                0x00000000080168d2        0x2 /tmp/loko_app.yhd4Rs.ltrans1.ltrans.o
                0x00000000080168d2                PVD_PVM_IRQHandler
 .text.RTC_WKUP_IRQHandler
                0x00000000080168d4        0x2 /tmp/loko_app.yhd4Rs.ltrans1.ltrans.o
                0x00000000080168d4                RTC_WKUP_IRQHandler
 .text.FLASH_IRQHandler
                0x00000000080168d6        0x2 /tmp/loko_app.yhd4Rs.ltrans1.ltrans.o
                0x00000000080168d6                FLASH_IRQHandler
 .text.RCC_IRQHandler
                0x00000000080168d8        0x2 /tmp/loko_app.yhd4Rs.ltrans1.ltrans.o
                0x00000000080168d8                RCC_IRQHandler
 .text.EXTI0_IRQHandler
                0x00000000080168da        0x2 /tmp/loko_app.yhd4Rs.ltrans1.ltrans.o
                0x00000000080168da                EXTI0_IRQHandler
 .text.EXTI1_IRQHandler
                0x00000000080168dc        0x2 /tmp/loko_app.yhd4Rs.ltrans1.ltrans.o
                0x00000000080168dc                EXTI1_IRQHandler
 .text.EXTI2_IRQHandler
                0x00000000080168de        0x2 /tmp/loko_app.yhd4Rs.ltrans1.ltrans.o
                0x00000000080168de                EXTI2_IRQHandler
 .text.EXTI3_IRQHandler
                0x00000000080168e0        0x2 /tmp/loko_app.yhd4Rs.ltrans1.ltrans.o
                0x00000000080168e0                EXTI3_IRQHandler
 .text.EXTI4_IRQHandler
                0x00000000080168e2        0x2 /tmp/loko_app.yhd4Rs.ltrans1.ltrans.o
                0x00000000080168e2                EXTI4_IRQHandler
 .text.DMA1_Channel4_IRQHandler
                0x00000000080168e4        0x2 /tmp/loko_app.yhd4Rs.ltrans1.ltrans.o
                0x00000000080168e4                DMA1_Channel4_IRQHandler
 .text.DMA1_Channel5_IRQHandler
                0x00000000080168e6        0x2 /tmp/loko_app.yhd4Rs.ltrans1.ltrans.o
                0x00000000080168e6                DMA1_Channel5_IRQHandler
 .text.DMA1_Channel6_IRQHandler
                0x00000000080168e8        0x2 /tmp/loko_app.yhd4Rs.ltrans1.ltrans.o
                0x00000000080168e8                DMA1_Channel6_IRQHandler
 .text.DMA1_Channel7_IRQHandler
                0x00000000080168ea        0x2 /tmp/loko_app.yhd4Rs.ltrans1.ltrans.o
                0x00000000080168ea                DMA1_Channel7_IRQHandler
 .text.ADC_IRQHandler
                0x00000000080168ec        0x2 /tmp/loko_app.yhd4Rs.ltrans1.ltrans.o
                0x00000000080168ec                ADC_IRQHandler
 .text.DAC_IRQHandler
                0x00000000080168ee        0x2 /tmp/loko_app.yhd4Rs.ltrans1.ltrans.o
                0x00000000080168ee                DAC_IRQHandler
 .text.COMP_IRQHandler
                0x00000000080168f0        0x2 /tmp/loko_app.yhd4Rs.ltrans1.ltrans.o
                0x00000000080168f0                COMP_IRQHandler
 .text.EXTI9_5_IRQHandler
                0x00000000080168f2        0x2 /tmp/loko_app.yhd4Rs.ltrans1.ltrans.o
                0x00000000080168f2                EXTI9_5_IRQHandler
 .text.TIM1_BRK_IRQHandler
                0x00000000080168f4        0x2 /tmp/loko_app.yhd4Rs.ltrans1.ltrans.o
                0x00000000080168f4                TIM1_BRK_IRQHandler
 .text.TIM1_UP_IRQHandler
                0x00000000080168f6        0x2 /tmp/loko_app.yhd4Rs.ltrans1.ltrans.o
                0x00000000080168f6                TIM1_UP_IRQHandler
 .text.TIM1_TRG_COM_IRQHandler
                0x00000000080168f8        0x2 /tmp/loko_app.yhd4Rs.ltrans1.ltrans.o
                0x00000000080168f8                TIM1_TRG_COM_IRQHandler
 .text.TIM1_CC_IRQHandler
                0x00000000080168fa        0x2 /tmp/loko_app.yhd4Rs.ltrans1.ltrans.o
                0x00000000080168fa                TIM1_CC_IRQHandler
 .text.TIM2_IRQHandler
                0x00000000080168fc        0x2 /tmp/loko_app.yhd4Rs.ltrans1.ltrans.o
                0x00000000080168fc                TIM2_IRQHandler
 .text.TIM16_IRQHandler
                0x00000000080168fe        0x2 /tmp/loko_app.yhd4Rs.ltrans1.ltrans.o
                0x00000000080168fe                TIM16_IRQHandler
 .text.TIM17_IRQHandler
                0x0000000008016900        0x2 /tmp/loko_app.yhd4Rs.ltrans1.ltrans.o
                0x0000000008016900                TIM17_IRQHandler
 .text.I2C1_EV_IRQHandler
                0x0000000008016902        0x2 /tmp/loko_app.yhd4Rs.ltrans1.ltrans.o
                0x0000000008016902                I2C1_EV_IRQHandler
 .text.I2C1_ER_IRQHandler
                0x0000000008016904        0x2 /tmp/loko_app.yhd4Rs.ltrans1.ltrans.o
                0x0000000008016904                I2C1_ER_IRQHandler
 .text.I2C2_EV_IRQHandler
                0x0000000008016906        0x2 /tmp/loko_app.yhd4Rs.ltrans1.ltrans.o
                0x0000000008016906                I2C2_EV_IRQHandler
 .text.I2C2_ER_IRQHandler
                0x0000000008016908        0x2 /tmp/loko_app.yhd4Rs.ltrans1.ltrans.o
                0x0000000008016908                I2C2_ER_IRQHandler
 .text.SPI1_IRQHandler
                0x000000000801690a        0x2 /tmp/loko_app.yhd4Rs.ltrans1.ltrans.o
                0x000000000801690a                SPI1_IRQHandler
 .text.SPI2_IRQHandler
                0x000000000801690c        0x2 /tmp/loko_app.yhd4Rs.ltrans1.ltrans.o
                0x000000000801690c                SPI2_IRQHandler
 .text.USART2_IRQHandler
                0x000000000801690e        0x2 /tmp/loko_app.yhd4Rs.ltrans1.ltrans.o
                0x000000000801690e                USART2_IRQHandler
 .text.LPTIM1_IRQHandler
                0x0000000008016910        0x2 /tmp/loko_app.yhd4Rs.ltrans1.ltrans.o
                0x0000000008016910                LPTIM1_IRQHandler
 .text.LPTIM2_IRQHandler
                0x0000000008016912        0x2 /tmp/loko_app.yhd4Rs.ltrans1.ltrans.o
                0x0000000008016912                LPTIM2_IRQHandler
 .text.EXTI15_10_IRQHandler
                0x0000000008016914        0x2 /tmp/loko_app.yhd4Rs.ltrans1.ltrans.o
                0x0000000008016914                EXTI15_10_IRQHandler
 .text.LPTIM3_IRQHandler
                0x0000000008016916        0x2 /tmp/loko_app.yhd4Rs.ltrans1.ltrans.o
                0x0000000008016916                LPTIM3_IRQHandler
 .text.SUBGHZSPI_IRQHandler
                0x0000000008016918        0x2 /tmp/loko_app.yhd4Rs.ltrans1.ltrans.o
                0x0000000008016918                SUBGHZSPI_IRQHandler
 .text.HSEM_IRQHandler
                0x000000000801691a        0x2 /tmp/loko_app.yhd4Rs.ltrans1.ltrans.o
                0x000000000801691a                HSEM_IRQHandler
 .text.I2C3_EV_IRQHandler
                0x000000000801691c        0x2 /tmp/loko_app.yhd4Rs.ltrans1.ltrans.o
                0x000000000801691c                I2C3_EV_IRQHandler
 .text.I2C3_ER_IRQHandler
                0x000000000801691e        0x2 /tmp/loko_app.yhd4Rs.ltrans1.ltrans.o
                0x000000000801691e                I2C3_ER_IRQHandler
 .text.AES_IRQHandler
                0x0000000008016920        0x2 /tmp/loko_app.yhd4Rs.ltrans1.ltrans.o
                0x0000000008016920                AES_IRQHandler
 .text.RNG_IRQHandler
                0x0000000008016922        0x2 /tmp/loko_app.yhd4Rs.ltrans1.ltrans.o
                0x0000000008016922                RNG_IRQHandler
 .text.PKA_IRQHandler
                0x0000000008016924        0x2 /tmp/loko_app.yhd4Rs.ltrans1.ltrans.o
                0x0000000008016924                PKA_IRQHandler
 .text.DMA2_Channel1_IRQHandler
                0x0000000008016926        0x2 /tmp/loko_app.yhd4Rs.ltrans1.ltrans.o
                0x0000000008016926                DMA2_Channel1_IRQHandler
 .text.DMA2_Channel2_IRQHandler
                0x0000000008016928        0x2 /tmp/loko_app.yhd4Rs.ltrans1.ltrans.o
                0x0000000008016928                DMA2_Channel2_IRQHandler
 .text.DMA2_Channel3_IRQHandler
                0x000000000801692a        0x2 /tmp/loko_app.yhd4Rs.ltrans1.ltrans.o
                0x000000000801692a                DMA2_Channel3_IRQHandler
 .text.DMA2_Channel4_IRQHandler
                0x000000000801692c        0x2 /tmp/loko_app.yhd4Rs.ltrans1.ltrans.o
                0x000000000801692c                DMA2_Channel4_IRQHandler
 .text.DMA2_Channel5_IRQHandler
                0x000000000801692e        0x2 /tmp/loko_app.yhd4Rs.ltrans1.ltrans.o
                0x000000000801692e                DMA2_Channel5_IRQHandler
 .text.DMA2_Channel6_IRQHandler
                0x0000000008016930        0x2 /tmp/loko_app.yhd4Rs.ltrans1.ltrans.o
                0x0000000008016930                DMA2_Channel6_IRQHandler
 .text.DMA2_Channel7_IRQHandler
                0x0000000008016932        0x2 /tmp/loko_app.yhd4Rs.ltrans1.ltrans.o
                0x0000000008016932                DMA2_Channel7_IRQHandler
 .text.DMAMUX1_OVR_IRQHandler
                0x0000000008016934        0x2 /tmp/loko_app.yhd4Rs.ltrans1.ltrans.o
                0x0000000008016934                DMAMUX1_OVR_IRQHandler
 *fill*         0x0000000008016936        0x2 
 .text.HAL_RCC_GetHCLKFreq
                0x0000000008016938      0x100 /tmp/loko_app.yhd4Rs.ltrans1.ltrans.o
                0x0000000008016938                HAL_RCC_GetHCLKFreq
 .text.HAL_RTC_WaitForSynchro.constprop.0
                0x0000000008016a38       0x30 /tmp/loko_app.yhd4Rs.ltrans2.ltrans.o
 .text.prv_parse_number.constprop.0
                0x0000000008016a68       0x3c /tmp/loko_app.yhd4Rs.ltrans2.ltrans.o
 .text.FLASH_WaitForLastOperation.constprop.0
                0x0000000008016aa4       0x5c /tmp/loko_app.yhd4Rs.ltrans2.ltrans.o
 .text.RegionCommonCountChannels.part.0.constprop.0
                0x0000000008016b00       0x36 /tmp/loko_app.yhd4Rs.ltrans2.ltrans.o
 .text.SysTimeToMs.isra.0
                0x0000000008016b36       0x32 /tmp/loko_app.yhd4Rs.ltrans2.ltrans.o
 .text.prv_parse_float_number.constprop.0
                0x0000000008016b68       0x18 /tmp/loko_app.yhd4Rs.ltrans2.ltrans.o
 .text.prv_parse_lat_long.constprop.0
                0x0000000008016b80       0x50 /tmp/loko_app.yhd4Rs.ltrans2.ltrans.o
 .text.RegionCommonLinkAdrReqVerifyParams.constprop.0
                0x0000000008016bd0       0x98 /tmp/loko_app.yhd4Rs.ltrans2.ltrans.o
 .text.prv_parse_term.constprop.0.isra.0
                0x0000000008016c68      0x2d4 /tmp/loko_app.yhd4Rs.ltrans2.ltrans.o
 .text._parse_uint32_value.constprop.0
                0x0000000008016f3c       0x18 /tmp/loko_app.yhd4Rs.ltrans2.ltrans.o
                0x0000000008016f3c                _parse_uint32_value.constprop.0
 .text._get_next_arg.constprop.0
                0x0000000008016f54       0x26 /tmp/loko_app.yhd4Rs.ltrans2.ltrans.o
                0x0000000008016f54                _get_next_arg.constprop.0
 *fill*         0x0000000008016f7a        0x2 
 .text.RTC_EnterInitMode.constprop.0
                0x0000000008016f7c       0x4c /tmp/loko_app.yhd4Rs.ltrans2.ltrans.o
                0x0000000008016f7c                RTC_EnterInitMode.constprop.0
 .text.RTC_ExitInitMode.constprop.0
                0x0000000008016fc8       0x4c /tmp/loko_app.yhd4Rs.ltrans2.ltrans.o
                0x0000000008016fc8                RTC_ExitInitMode.constprop.0
 .text.HAL_RTC_Init.constprop.0
                0x0000000008017014      0x140 /tmp/loko_app.yhd4Rs.ltrans2.ltrans.o
                0x0000000008017014                HAL_RTC_Init.constprop.0
 .text.HAL_RTCEx_SetSSRU_IT.constprop.0
                0x0000000008017154       0x50 /tmp/loko_app.yhd4Rs.ltrans2.ltrans.o
                0x0000000008017154                HAL_RTCEx_SetSSRU_IT.constprop.0
 .text.NVIC_EncodePriority.constprop.0
                0x00000000080171a4       0x2a /tmp/loko_app.yhd4Rs.ltrans2.ltrans.o
                0x00000000080171a4                NVIC_EncodePriority.constprop.0
 *fill*         0x00000000080171ce        0x2 
 .text.HAL_InitTick.constprop.0
                0x00000000080171d0       0x4c /tmp/loko_app.yhd4Rs.ltrans2.ltrans.o
                0x00000000080171d0                HAL_InitTick.constprop.0
 .text.queue_dequeue.constprop.0
                0x000000000801721c       0x34 /tmp/loko_app.yhd4Rs.ltrans2.ltrans.o
                0x000000000801721c                queue_dequeue.constprop.0
 .text.HAL_ADC_ConfigChannel.constprop.0
                0x0000000008017250      0x1b0 /tmp/loko_app.yhd4Rs.ltrans2.ltrans.o
                0x0000000008017250                HAL_ADC_ConfigChannel.constprop.0
 .text.GetLastFcntDown.constprop.0
                0x0000000008017400       0x48 /tmp/loko_app.yhd4Rs.ltrans2.ltrans.o
                0x0000000008017400                GetLastFcntDown.constprop.0
 .text.RegionCommonCountChannels.constprop.0
                0x0000000008017448        0x8 /tmp/loko_app.yhd4Rs.ltrans2.ltrans.o
                0x0000000008017448                RegionCommonCountChannels.constprop.0
 .text.GetElement.constprop.0
                0x0000000008017450       0x34 /tmp/loko_app.yhd4Rs.ltrans2.ltrans.o
                0x0000000008017450                GetElement.constprop.0
 .text.LoRaMacSerializerJoinRequest.constprop.0
                0x0000000008017484       0xa8 /tmp/loko_app.yhd4Rs.ltrans2.ltrans.o
                0x0000000008017484                LoRaMacSerializerJoinRequest.constprop.0
 .text.LoRaMacSerializerData.constprop.0
                0x000000000801752c      0x11c /tmp/loko_app.yhd4Rs.ltrans2.ltrans.o
                0x000000000801752c                LoRaMacSerializerData.constprop.0
 .text.RegionBaseUSComputeNext125kHzJoinChannel.constprop.0
                0x0000000008017648       0x8c /tmp/loko_app.yhd4Rs.ltrans2.ltrans.o
                0x0000000008017648                RegionBaseUSComputeNext125kHzJoinChannel.constprop.0
 .text.RegionCommonIdentifyChannels.constprop.0
                0x00000000080176d4      0x340 /tmp/loko_app.yhd4Rs.ltrans2.ltrans.o
                0x00000000080176d4                RegionCommonIdentifyChannels.constprop.0
 .text.LoRaMacHandleNvm.part.0.constprop.0
                0x0000000008017a14       0xf4 /tmp/loko_app.yhd4Rs.ltrans2.ltrans.o
                0x0000000008017a14                LoRaMacHandleNvm.part.0.constprop.0
 .text.LoRaMacCryptoDeriveMcRootKey.constprop.0
                0x0000000008017b08       0x34 /tmp/loko_app.yhd4Rs.ltrans2.ltrans.o
                0x0000000008017b08                LoRaMacCryptoDeriveMcRootKey.constprop.0
 .text.RegionRxConfig.constprop.0
                0x0000000008017b3c      0x6ec /tmp/loko_app.yhd4Rs.ltrans2.ltrans.o
                0x0000000008017b3c                RegionRxConfig.constprop.0
 .text.log_array.constprop.0
                0x0000000008018228       0x7c /tmp/loko_app.yhd4Rs.ltrans2.ltrans.o
                0x0000000008018228                log_array.constprop.0
 .text.lorawan_aes_set_key.part.0.constprop.0.isra.0
                0x00000000080182a4       0x7c /tmp/loko_app.yhd4Rs.ltrans2.ltrans.o
                0x00000000080182a4                lorawan_aes_set_key.part.0.constprop.0.isra.0
 .text.HAL_FLASH_Program.constprop.0.isra.0
                0x0000000008018320       0x50 /tmp/loko_app.yhd4Rs.ltrans2.ltrans.o
                0x0000000008018320                HAL_FLASH_Program.constprop.0.isra.0
 .text.UTIL_TIMER_Create.constprop.0.isra.0
                0x0000000008018370       0x1e /tmp/loko_app.yhd4Rs.ltrans2.ltrans.o
                0x0000000008018370                UTIL_TIMER_Create.constprop.0.isra.0
 .text.VerifyCmacB0.constprop.0.isra.0
                0x000000000801838e       0xb8 /tmp/loko_app.yhd4Rs.ltrans2.ltrans.o
                0x000000000801838e                VerifyCmacB0.constprop.0.isra.0
 *fill*         0x0000000008018446        0x2 
 .text.HAL_RTC_DeactivateAlarm.constprop.0.isra.0
                0x0000000008018448       0x50 /tmp/loko_app.yhd4Rs.ltrans2.ltrans.o
                0x0000000008018448                HAL_RTC_DeactivateAlarm.constprop.0.isra.0
 .text.lwgps_process.constprop.0.isra.0
                0x0000000008018498      0x1d0 /tmp/loko_app.yhd4Rs.ltrans2.ltrans.o
                0x0000000008018498                lwgps_process.constprop.0.isra.0
 .text.HAL_RTCEx_DeactivateWakeUpTimer.constprop.0.isra.0
                0x0000000008018668       0x74 /tmp/loko_app.yhd4Rs.ltrans2.ltrans.o
                0x0000000008018668                HAL_RTCEx_DeactivateWakeUpTimer.constprop.0.isra.0
 .text.SUBGHZ_WaitOnBusy.constprop.0.isra.0
                0x00000000080186dc       0x48 /tmp/loko_app.yhd4Rs.ltrans2.ltrans.o
                0x00000000080186dc                SUBGHZ_WaitOnBusy.constprop.0.isra.0
 .text.SUBGHZ_CheckDeviceReady.constprop.0.isra.0
                0x0000000008018724       0x3c /tmp/loko_app.yhd4Rs.ltrans2.ltrans.o
                0x0000000008018724                SUBGHZ_CheckDeviceReady.constprop.0.isra.0
 .text.SUBGHZSPI_Transmit.constprop.0.isra.0
                0x0000000008018760       0x6c /tmp/loko_app.yhd4Rs.ltrans2.ltrans.o
                0x0000000008018760                SUBGHZSPI_Transmit.constprop.0.isra.0
 .text.SUBGHZSPI_Receive.constprop.0.isra.0
                0x00000000080187cc       0x70 /tmp/loko_app.yhd4Rs.ltrans2.ltrans.o
                0x00000000080187cc                SUBGHZSPI_Receive.constprop.0.isra.0
 .text.HAL_SUBGHZ_ReadRegisters.constprop.0.isra.0
                0x000000000801883c       0x64 /tmp/loko_app.yhd4Rs.ltrans2.ltrans.o
                0x000000000801883c                HAL_SUBGHZ_ReadRegisters.constprop.0.isra.0
 .text.HAL_SUBGHZ_WriteRegisters.constprop.0.isra.0
                0x00000000080188a0       0x60 /tmp/loko_app.yhd4Rs.ltrans2.ltrans.o
                0x00000000080188a0                HAL_SUBGHZ_WriteRegisters.constprop.0.isra.0
 .text.HAL_SUBGHZ_ExecSetCmd.constprop.0.isra.0
                0x0000000008018900       0x64 /tmp/loko_app.yhd4Rs.ltrans2.ltrans.o
                0x0000000008018900                HAL_SUBGHZ_ExecSetCmd.constprop.0.isra.0
 .text.HAL_SUBGHZ_ExecGetCmd.constprop.0.isra.0
                0x0000000008018964       0x54 /tmp/loko_app.yhd4Rs.ltrans2.ltrans.o
                0x0000000008018964                HAL_SUBGHZ_ExecGetCmd.constprop.0.isra.0
 .text.LL_GPIO_Init.isra.0
                0x00000000080189b8      0x106 /tmp/loko_app.yhd4Rs.ltrans2.ltrans.o
                0x00000000080189b8                LL_GPIO_Init.isra.0
 *fill*         0x0000000008018abe        0x2 
 .text.HAL_FLASH_Lock.isra.0
                0x0000000008018ac0       0x14 /tmp/loko_app.yhd4Rs.ltrans2.ltrans.o
                0x0000000008018ac0                HAL_FLASH_Lock.isra.0
 .text.HAL_FLASH_Unlock.isra.0
                0x0000000008018ad4       0x20 /tmp/loko_app.yhd4Rs.ltrans2.ltrans.o
                0x0000000008018ad4                HAL_FLASH_Unlock.isra.0
 .text._flash_erase.constprop.0
                0x0000000008018af4       0x5c /tmp/loko_app.yhd4Rs.ltrans2.ltrans.o
                0x0000000008018af4                _flash_erase.constprop.0
 .text.RBI_ConfigRFSwitch.isra.0
                0x0000000008018b50       0x2c /tmp/loko_app.yhd4Rs.ltrans2.ltrans.o
                0x0000000008018b50                RBI_ConfigRFSwitch.isra.0
 .text.SUBGRF_SetSyncWord.isra.0
                0x0000000008018b7c        0xc /tmp/loko_app.yhd4Rs.ltrans2.ltrans.o
                0x0000000008018b7c                SUBGRF_SetSyncWord.isra.0
 .text.RegionRU864ChannelsRemove.isra.0
                0x0000000008018b88       0x30 /tmp/loko_app.yhd4Rs.ltrans2.ltrans.o
                0x0000000008018b88                RegionRU864ChannelsRemove.isra.0
 .text.RegionKR920ChannelsRemove.isra.0
                0x0000000008018bb8       0x30 /tmp/loko_app.yhd4Rs.ltrans2.ltrans.o
                0x0000000008018bb8                RegionKR920ChannelsRemove.isra.0
 .text.RegionIN865ChannelsRemove.isra.0
                0x0000000008018be8       0x30 /tmp/loko_app.yhd4Rs.ltrans2.ltrans.o
                0x0000000008018be8                RegionIN865ChannelsRemove.isra.0
 .text.RegionEU868ChannelsRemove.isra.0
                0x0000000008018c18       0x30 /tmp/loko_app.yhd4Rs.ltrans2.ltrans.o
                0x0000000008018c18                RegionEU868ChannelsRemove.isra.0
 .text.RegionEU433ChannelsRemove.isra.0
                0x0000000008018c48       0x30 /tmp/loko_app.yhd4Rs.ltrans2.ltrans.o
                0x0000000008018c48                RegionEU433ChannelsRemove.isra.0
 .text.RegionCommonSetBandTxDone.isra.0
                0x0000000008018c78       0x3c /tmp/loko_app.yhd4Rs.ltrans2.ltrans.o
                0x0000000008018c78                RegionCommonSetBandTxDone.isra.0
 .text.RegionCN779ChannelsRemove.isra.0
                0x0000000008018cb4       0x30 /tmp/loko_app.yhd4Rs.ltrans2.ltrans.o
                0x0000000008018cb4                RegionCN779ChannelsRemove.isra.0
 .text.RegionAS923ChannelsRemove.isra.0
                0x0000000008018ce4       0x30 /tmp/loko_app.yhd4Rs.ltrans2.ltrans.o
                0x0000000008018ce4                RegionAS923ChannelsRemove.isra.0
 .text.LoRaMacConfirmQueueAdd.isra.0
                0x0000000008018d14       0x3c /tmp/loko_app.yhd4Rs.ltrans2.ltrans.o
                0x0000000008018d14                LoRaMacConfirmQueueAdd.isra.0
 .text.LoRaMacCommandsRemoveCmd.isra.0
                0x0000000008018d50       0x50 /tmp/loko_app.yhd4Rs.ltrans2.ltrans.o
                0x0000000008018d50                LoRaMacCommandsRemoveCmd.isra.0
 .text.LoRaMacCommandsRemoveStickyAnsCmds.isra.0
                0x0000000008018da0       0x30 /tmp/loko_app.yhd4Rs.ltrans2.ltrans.o
                0x0000000008018da0                LoRaMacCommandsRemoveStickyAnsCmds.isra.0
 .text.StopRetransmission.isra.0
                0x0000000008018dd0       0x44 /tmp/loko_app.yhd4Rs.ltrans2.ltrans.o
                0x0000000008018dd0                StopRetransmission.isra.0
 .text.LmHandlerRequestClass.isra.0
                0x0000000008018e14       0x6c /tmp/loko_app.yhd4Rs.ltrans2.ltrans.o
                0x0000000008018e14                LmHandlerRequestClass.isra.0
 .text.lorawan_aes_encrypt.isra.0
                0x0000000008018e80       0x4a /tmp/loko_app.yhd4Rs.ltrans2.ltrans.o
                0x0000000008018e80                lorawan_aes_encrypt.isra.0
 .text.gtrace_get_record.isra.0
                0x0000000008018eca       0x4c /tmp/loko_app.yhd4Rs.ltrans2.ltrans.o
                0x0000000008018eca                gtrace_get_record.isra.0
 *fill*         0x0000000008018f16        0x2 
 .text.UTIL_TIMER_Start.isra.0
                0x0000000008018f18       0x84 /tmp/loko_app.yhd4Rs.ltrans2.ltrans.o
                0x0000000008018f18                UTIL_TIMER_Start.isra.0
 .text.UTIL_TIMER_Stop.isra.0
                0x0000000008018f9c       0x4c /tmp/loko_app.yhd4Rs.ltrans2.ltrans.o
                0x0000000008018f9c                UTIL_TIMER_Stop.isra.0